02-23 10:02:17.212   615   615 D SystemServerTiming: OnBootPhase_550_com.android.server.soundtrigger.SoundTriggerService
02-23 10:02:17.212   615   745 D SystemServerTimingAsync: InitThreadPoolExec:UsbService$Lifecycle#onBootPhase
02-23 10:02:17.212   615   745 D SystemServerInitThreadPool: Started executing UsbService$Lifecycle#onBootPhase
02-23 10:02:17.212   615   615 V SystemServerTiming: OnBootPhase_550_com.android.server.soundtrigger.SoundTriggerService took to complete: 0ms
02-23 10:02:17.212   615   615 D SystemServerTiming: OnBootPhase_550_com.android.server.trust.TrustManagerService
02-23 10:02:17.212   615   615 V SystemServerTiming: OnBootPhase_550_com.android.server.trust.TrustManagerService took to complete: 0ms
02-23 10:02:17.212   615   615 D SystemServerTiming: OnBootPhase_550_com.android.server.backup.BackupManagerService$Lifecycle
02-23 10:02:17.212   615   615 V SystemServerTiming: OnBootPhase_550_com.android.server.backup.BackupManagerService$Lifecycle took to complete: 0ms
02-23 10:02:17.212   615   615 D SystemServerTiming: OnBootPhase_550_com.android.server.appwidget.AppWidgetService
02-23 10:02:17.213   615   615 V SystemServerTiming: OnBootPhase_550_com.android.server.appwidget.AppWidgetService took to complete: 0ms
02-23 10:02:17.213   615   615 D SystemServerTiming: OnBootPhase_550_com.android.server.voiceinteraction.VoiceInteractionManagerService
02-23 10:02:17.213   615   615 V SystemServerTiming: OnBootPhase_550_com.android.server.voiceinteraction.VoiceInteractionManagerService took to complete: 0ms
02-23 10:02:17.213   615   615 D SystemServerTiming: OnBootPhase_550_com.android.server.GestureLauncherService
02-23 10:02:17.213   615   615 V SystemServerTiming: OnBootPhase_550_com.android.server.GestureLauncherService took to complete: 0ms
02-23 10:02:17.213   615   615 D SystemServerTiming: OnBootPhase_550_com.android.server.SensorNotificationService
02-23 10:02:17.213   615   615 V SystemServerTiming: OnBootPhase_550_com.android.server.SensorNotificationService took to complete: 0ms
02-23 10:02:17.213   615   615 D SystemServerTiming: OnBootPhase_550_com.android.server.emergency.EmergencyAffordanceService
02-23 10:02:17.213   615   615 V SystemServerTiming: OnBootPhase_550_com.android.server.emergency.EmergencyAffordanceService took to complete: 0ms
02-23 10:02:17.213   615   615 D SystemServerTiming: OnBootPhase_550_com.android.server.blob.BlobStoreManagerService
02-23 10:02:17.213   615   745 D SystemServerInitThreadPool: Finished executing UsbService$Lifecycle#onBootPhase
02-23 10:02:17.213   615   745 V SystemServerTimingAsync: InitThreadPoolExec:UsbService$Lifecycle#onBootPhase took to complete: 0ms
02-23 10:02:17.213   615   615 V SystemServerTiming: OnBootPhase_550_com.android.server.blob.BlobStoreManagerService took to complete: 1ms
02-23 10:02:17.213   615   615 D SystemServerTiming: OnBootPhase_550_com.android.server.dreams.DreamManagerService
02-23 10:02:17.213   615   615 V SystemServerTiming: OnBootPhase_550_com.android.server.dreams.DreamManagerService took to complete: 0ms
02-23 10:02:17.213   615   615 D SystemServerTiming: OnBootPhase_550_com.android.server.print.PrintManagerService
02-23 10:02:17.213   615   615 V SystemServerTiming: OnBootPhase_550_com.android.server.print.PrintManagerService took to complete: 0ms
02-23 10:02:17.213   615   615 D SystemServerTiming: OnBootPhase_550_com.android.server.security.AttestationVerificationManagerService
02-23 10:02:17.213   615   615 V SystemServerTiming: OnBootPhase_550_com.android.server.security.AttestationVerificationManagerService took to complete: 0ms
02-23 10:02:17.213   615   615 D SystemServerTiming: OnBootPhase_550_com.android.server.companion.CompanionDeviceManagerService
02-23 10:02:17.213   615   615 V SystemServerTiming: OnBootPhase_550_com.android.server.companion.CompanionDeviceManagerService took to complete: 0ms
02-23 10:02:17.213   615   615 D SystemServerTiming: OnBootPhase_550_com.android.server.companion.virtual.VirtualDeviceManagerService
02-23 10:02:17.213   615   615 V SystemServerTiming: OnBootPhase_550_com.android.server.companion.virtual.VirtualDeviceManagerService took to complete: 0ms
02-23 10:02:17.213   615   615 D SystemServerTiming: OnBootPhase_550_com.android.server.restrictions.RestrictionsManagerService
02-23 10:02:17.213   615   615 V SystemServerTiming: OnBootPhase_550_com.android.server.restrictions.RestrictionsManagerService took to complete: 0ms
02-23 10:02:17.213   615   615 D SystemServerTiming: OnBootPhase_550_com.android.server.media.MediaSessionService
02-23 10:02:17.213   615   615 V SystemServerTiming: OnBootPhase_550_com.android.server.media.MediaSessionService took to complete: 0ms
02-23 10:02:17.213   615   615 D SystemServerTiming: OnBootPhase_550_com.android.server.media.MediaResourceMonitorService
02-23 10:02:17.213   615   615 V SystemServerTiming: OnBootPhase_550_com.android.server.media.MediaResourceMonitorService took to complete: 0ms
02-23 10:02:17.213   615   615 D SystemServerTiming: OnBootPhase_550_com.android.server.biometrics.sensors.face.FaceService
02-23 10:02:17.213   615   615 V SystemServerTiming: OnBootPhase_550_com.android.server.biometrics.sensors.face.FaceService took to complete: 0ms
02-23 10:02:17.213   615   615 D SystemServerTiming: OnBootPhase_550_com.android.server.biometrics.sensors.fingerprint.FingerprintService
02-23 10:02:17.213   615   615 V SystemServerTiming: OnBootPhase_550_com.android.server.biometrics.sensors.fingerprint.FingerprintService took to complete: 0ms
02-23 10:02:17.213   615   615 D SystemServerTiming: OnBootPhase_550_com.android.server.biometrics.BiometricService
02-23 10:02:17.213   615   615 V SystemServerTiming: OnBootPhase_550_com.android.server.biometrics.BiometricService took to complete: 0ms
02-23 10:02:17.213   615   615 D SystemServerTiming: OnBootPhase_550_com.android.server.biometrics.AuthService
02-23 10:02:17.213   615   615 V SystemServerTiming: OnBootPhase_550_com.android.server.biometrics.AuthService took to complete: 0ms
02-23 10:02:17.213   615   615 D SystemServerTiming: OnBootPhase_550_com.android.server.adaptiveauth.AdaptiveAuthService
02-23 10:02:17.213   615   615 V SystemServerTiming: OnBootPhase_550_com.android.server.adaptiveauth.AdaptiveAuthService took to complete: 0ms
02-23 10:02:17.213   615   615 D SystemServerTiming: OnBootPhase_550_com.android.server.pm.ShortcutService$Lifecycle
02-23 10:02:17.213   615   615 V SystemServerTiming: OnBootPhase_550_com.android.server.pm.ShortcutService$Lifecycle took to complete: 0ms
02-23 10:02:17.213   615   615 D SystemServerTiming: OnBootPhase_550_com.android.server.pm.LauncherAppsService
02-23 10:02:17.213   615   615 V SystemServerTiming: OnBootPhase_550_com.android.server.pm.LauncherAppsService took to complete: 0ms
02-23 10:02:17.213   615   615 D SystemServerTiming: OnBootPhase_550_com.android.server.pm.CrossProfileAppsService
02-23 10:02:17.213   615   615 V SystemServerTiming: OnBootPhase_550_com.android.server.pm.CrossProfileAppsService took to complete: 0ms
02-23 10:02:17.213   615   615 D SystemServerTiming: OnBootPhase_550_com.android.server.people.PeopleService
02-23 10:02:17.213   615   615 V SystemServerTiming: OnBootPhase_550_com.android.server.people.PeopleService took to complete: 0ms
02-23 10:02:17.213   615   615 D SystemServerTiming: OnBootPhase_550_com.android.server.media.metrics.MediaMetricsManagerService
02-23 10:02:17.213   615   615 V SystemServerTiming: OnBootPhase_550_com.android.server.media.metrics.MediaMetricsManagerService took to complete: 0ms
02-23 10:02:17.213   615   615 D SystemServerTiming: OnBootPhase_550_com.android.server.pm.BackgroundInstallControlService
02-23 10:02:17.213   615   615 V SystemServerTiming: OnBootPhase_550_com.android.server.pm.BackgroundInstallControlService took to complete: 0ms
02-23 10:02:17.213   615   615 D SystemServerTiming: OnBootPhase_550_com.android.server.media.projection.MediaProjectionManagerService
02-23 10:02:17.213   615   615 V SystemServerTiming: OnBootPhase_550_com.android.server.media.projection.MediaProjectionManagerService took to complete: 0ms
02-23 10:02:17.213   615   615 D SystemServerTiming: OnBootPhase_550_com.android.server.slice.SliceManagerService$Lifecycle
02-23 10:02:17.213   615   615 V SystemServerTiming: OnBootPhase_550_com.android.server.slice.SliceManagerService$Lifecycle took to complete: 0ms
02-23 10:02:17.213   615   615 D SystemServerTiming: OnBootPhase_550_com.android.server.stats.StatsCompanion$Lifecycle
02-23 10:02:17.213   615   615 V SystemServerTiming: OnBootPhase_550_com.android.server.stats.StatsCompanion$Lifecycle took to complete: 0ms
02-23 10:02:17.213   615   615 D SystemServerTiming: OnBootPhase_550_com.android.server.scheduling.RebootReadinessManagerService$Lifecycle
02-23 10:02:17.213   615   615 V SystemServerTiming: OnBootPhase_550_com.android.server.scheduling.RebootReadinessManagerService$Lifecycle took to complete: 0ms
02-23 10:02:17.213   615   615 D SystemServerTiming: OnBootPhase_550_com.android.server.stats.pull.StatsPullAtomService
02-23 10:02:17.213   615   615 V SystemServerTiming: OnBootPhase_550_com.android.server.stats.pull.StatsPullAtomService took to complete: 0ms
02-23 10:02:17.213   615   615 D SystemServerTiming: OnBootPhase_550_com.android.server.stats.bootstrap.StatsBootstrapAtomService$Lifecycle
02-23 10:02:17.213   615   615 V SystemServerTiming: OnBootPhase_550_com.android.server.stats.bootstrap.StatsBootstrapAtomService$Lifecycle took to complete: 0ms
02-23 10:02:17.213   615   615 D SystemServerTiming: OnBootPhase_550_com.android.server.incident.IncidentCompanionService
02-23 10:02:17.213   615   615 V SystemServerTiming: OnBootPhase_550_com.android.server.incident.IncidentCompanionService took to complete: 0ms
02-23 10:02:17.213   615   615 D SystemServerTiming: OnBootPhase_550_com.android.server.sdksandbox.SdkSandboxManagerService$Lifecycle
02-23 10:02:17.213   615   615 V SystemServerTiming: OnBootPhase_550_com.android.server.sdksandbox.SdkSandboxManagerService$Lifecycle took to complete: 0ms
02-23 10:02:17.213   615   615 D SystemServerTiming: OnBootPhase_550_com.android.server.adservices.AdServicesManagerService$Lifecycle
02-23 10:02:17.213   615   615 V SystemServerTiming: OnBootPhase_550_com.android.server.adservices.AdServicesManagerService$Lifecycle took to complete: 0ms
02-23 10:02:17.213   615   615 D SystemServerTiming: OnBootPhase_550_com.android.server.ondevicepersonalization.OnDevicePersonalizationSystemService$Lifecycle
02-23 10:02:17.213   615   615 V SystemServerTiming: OnBootPhase_550_com.android.server.ondevicepersonalization.OnDevicePersonalizationSystemService$Lifecycle took to complete: 0ms
02-23 10:02:17.213   615   615 D SystemServerTiming: OnBootPhase_550_android.os.profiling.ProfilingService$Lifecycle
02-23 10:02:17.213   615   615 V SystemServerTiming: OnBootPhase_550_android.os.profiling.ProfilingService$Lifecycle took to complete: 0ms
02-23 10:02:17.213   615   615 D SystemServerTiming: OnBootPhase_550_com.android.server.MmsServiceBroker
02-23 10:02:17.213   615   615 V SystemServerTiming: OnBootPhase_550_com.android.server.MmsServiceBroker took to complete: 0ms
02-23 10:02:17.213   615   615 D SystemServerTiming: OnBootPhase_550_com.android.server.autofill.AutofillManagerService
02-23 10:02:17.213   615   615 V SystemServerTiming: OnBootPhase_550_com.android.server.autofill.AutofillManagerService took to complete: 0ms
02-23 10:02:17.213   615   615 D SystemServerTiming: OnBootPhase_550_com.android.server.credentials.CredentialManagerService
02-23 10:02:17.213   615   615 V SystemServerTiming: OnBootPhase_550_com.android.server.credentials.CredentialManagerService took to complete: 0ms
02-23 10:02:17.213   615   615 D SystemServerTiming: OnBootPhase_550_com.android.server.translation.TranslationManagerService
02-23 10:02:17.213   615   615 V SystemServerTiming: OnBootPhase_550_com.android.server.translation.TranslationManagerService took to complete: 0ms
02-23 10:02:17.213   615   615 D SystemServerTiming: OnBootPhase_550_com.android.server.clipboard.ClipboardService
02-23 10:02:17.213   615   615 V SystemServerTiming: OnBootPhase_550_com.android.server.clipboard.ClipboardService took to complete: 0ms
02-23 10:02:17.213   615   615 D SystemServerTiming: OnBootPhase_550_com.android.server.appbinding.AppBindingService$Lifecycle
02-23 10:02:17.214   615   615 V SystemServerTiming: OnBootPhase_550_com.android.server.appbinding.AppBindingService$Lifecycle took to complete: 0ms
02-23 10:02:17.214   615   615 D SystemServerTiming: OnBootPhase_550_com.android.server.tracing.TracingServiceProxy
02-23 10:02:17.214   615   615 V SystemServerTiming: OnBootPhase_550_com.android.server.tracing.TracingServiceProxy took to complete: 0ms
02-23 10:02:17.214   615   615 D SystemServerTiming: OnBootPhase_550_com.android.server.policy.PermissionPolicyService
02-23 10:02:17.214   615   615 D SystemServerTiming: Permission_grant_default_permissions-0
02-23 10:02:17.214   615   615 V SystemServerTiming: Permission_grant_default_permissions-0 took to complete: 0ms
02-23 10:02:17.214   615   615 D SystemServerTiming: Permission_synchronize_permissions-0
02-23 10:02:17.214   615   615 D SystemServerTiming: Permission_synchronize_addPackages-0
02-23 10:02:17.220   615   615 V SystemServerTiming: Permission_synchronize_addPackages-0 took to complete: 5ms
02-23 10:02:17.220   615   615 D SystemServerTiming: Permission_syncPackages-0
02-23 10:02:17.221   615   615 V SystemServerTiming: Permission_syncPackages-0 took to complete: 2ms
02-23 10:02:17.221   615   615 V SystemServerTiming: Permission_synchronize_permissions-0 took to complete: 8ms
02-23 10:02:17.221   615   615 V SystemServerTiming: OnBootPhase_550_com.android.server.policy.PermissionPolicyService took to complete: 8ms
02-23 10:02:17.221   615   615 D SystemServerTiming: OnBootPhase_550_com.android.server.pm.StagingManager$Lifecycle
02-23 10:02:17.221   615   615 V SystemServerTiming: OnBootPhase_550_com.android.server.pm.StagingManager$Lifecycle took to complete: 0ms
02-23 10:02:17.221   615   615 D SystemServerTiming: OnBootPhase_550_com.android.server.app.GameManagerService$Lifecycle
02-23 10:02:17.221   615   615 V SystemServerTiming: OnBootPhase_550_com.android.server.app.GameManagerService$Lifecycle took to complete: 0ms
02-23 10:02:17.221   615   615 D SystemServerTiming: OnBootPhase_550_com.android.safetycenter.SafetyCenterService
02-23 10:02:17.221   615   615 V SystemServerTiming: OnBootPhase_550_com.android.safetycenter.SafetyCenterService took to complete: 0ms
02-23 10:02:17.221   615   615 D SystemServerTiming: OnBootPhase_550_com.android.server.appsearch.AppSearchModule$Lifecycle
02-23 10:02:17.221   615   615 V SystemServerTiming: OnBootPhase_550_com.android.server.appsearch.AppSearchModule$Lifecycle took to complete: 0ms
02-23 10:02:17.221   615   615 D SystemServerTiming: OnBootPhase_550_com.android.server.media.MediaCommunicationService
02-23 10:02:17.221   615   615 V SystemServerTiming: OnBootPhase_550_com.android.server.media.MediaCommunicationService took to complete: 0ms
02-23 10:02:17.221   615   615 D SystemServerTiming: OnBootPhase_550_com.android.server.compat.overrides.AppCompatOverridesService$Lifecycle
02-23 10:02:17.221   615   615 V SystemServerTiming: OnBootPhase_550_com.android.server.compat.overrides.AppCompatOverridesService$Lifecycle took to complete: 0ms
02-23 10:02:17.221   615   615 D SystemServerTiming: OnBootPhase_550_com.android.server.healthconnect.HealthConnectManagerService
02-23 10:02:17.221   615   615 V SystemServerTiming: OnBootPhase_550_com.android.server.healthconnect.HealthConnectManagerService took to complete: 0ms
02-23 10:02:17.221   615   615 D SystemServerTiming: OnBootPhase_550_com.android.server.devicelock.DeviceLockService
02-23 10:02:17.221   615   615 V SystemServerTiming: OnBootPhase_550_com.android.server.devicelock.DeviceLockService took to complete: 0ms
02-23 10:02:17.221   615   615 D SystemServerTiming: OnBootPhase_550_com.android.server.SensitiveContentProtectionManagerService
02-23 10:02:17.221   615   615 V SystemServerTiming: OnBootPhase_550_com.android.server.SensitiveContentProtectionManagerService took to complete: 0ms
02-23 10:02:17.221   615   615 V SystemServerTiming: OnBootPhase_550 took to complete: 66ms
02-23 10:02:17.221   615   615 V SystemServerTiming: StartActivityManagerReadyPhase took to complete: 66ms
02-23 10:02:17.221   615   615 D SystemServerTiming: StartObservingNativeCrashes
02-23 10:02:17.221   615   615 V SystemServerTiming: StartObservingNativeCrashes took to complete: 0ms
02-23 10:02:17.221   615   615 D SystemServerTiming: RegisterAppOpsPolicy
02-23 10:02:17.226   615   615 V SystemServerTiming: RegisterAppOpsPolicy took to complete: 5ms
02-23 10:02:17.226   615   615 D SystemServerTiming: MakeNetworkManagementServiceReady
02-23 10:02:17.226   615   744 D SystemServerTimingAsync: InitThreadPoolExec:WebViewFactoryPreparation
02-23 10:02:17.226   419   419 I netd    : firewallSetFirewallType(1) <0.00ms>
02-23 10:02:17.227   615   744 D SystemServerInitThreadPool: Started executing WebViewFactoryPreparation
02-23 10:02:17.227   615   744 I SystemServer: WebViewFactoryPreparation
02-23 10:02:17.227   615   744 D SystemServerTimingAsync: WebViewFactoryPreparation
02-23 10:02:17.227   615   615 V SystemServerTiming: MakeNetworkManagementServiceReady took to complete: 1ms
02-23 10:02:17.227   615   615 D SystemServerTiming: MakeConnectivityServiceReady
02-23 10:02:17.230   615   744 V SystemServerTimingAsync: WebViewFactoryPreparation took to complete: 2ms
02-23 10:02:17.230   615   744 D SystemServerInitThreadPool: Finished executing WebViewFactoryPreparation
02-23 10:02:17.230   615   744 V SystemServerTimingAsync: InitThreadPoolExec:WebViewFactoryPreparation took to complete: 4ms
02-23 10:02:17.234   615   788 D WifiCountryCode: evaluateAllCmmStateAndApplyIfAllReady: {ConcreteClientModeManager{id=8649 iface=wlan0 role=ROLE_CLIENT_PRIMARY}=true}
02-23 10:02:17.234   419   419 I netd    : registerUnsolicitedEventListener(<interface>) <0.15ms>
02-23 10:02:17.234   419   419 I netd    : networkSetPermissionForUser(1, [1002, 10136, 10141, 10143, 10155, 10166, 10168, 10178, 20136, 20141, 20143, 20155, 20166, 20168, 20178]) <0.00ms>
02-23 10:02:17.235   615   643 D GameManagerService: User ID '0' does not have a Game Mode selected for package: 'com.android.systemui'
02-23 10:02:17.235   419   419 I netd    : networkSetPermissionForUser(2, [1000, 1001, 1073, 2000, 10094, 10112, 10114, 10133, 10137, 10144, 10145, 10190, 20094, 20112, 20114, 20133, 20137, 20144, 20145, 20190]) <0.00ms>
02-23 10:02:17.237   615   795 I SatelliteAccessController: currentUser : role_sms_packages: 0 : [com.google.android.apps.messaging]
02-23 10:02:17.240   419   419 I netd    : networkAddUidRangesParcel(NativeUidRangeConfig{netId: 52, uidRanges: [UidRangeParcel{start: 10137, stop: 10137}], subPriority: 40}) <0.08ms>
02-23 10:02:17.244   615   615 V SystemServerTiming: MakeConnectivityServiceReady took to complete: 17ms
02-23 10:02:17.244   615   615 D SystemServerTiming: MakeVpnManagerServiceReady
02-23 10:02:17.245   615   644 D GameManagerService: User ID '0' does not have a Game Mode selected for package: 'android'
02-23 10:02:17.250   615   786 D InetDiagMessage: Destroyed live tcp sockets for uids={[10000, 2147483647]} exemptUids={} in 2ms
02-23 10:02:17.251   615   615 V SystemServerTiming: MakeVpnManagerServiceReady took to complete: 7ms
02-23 10:02:17.251   615   615 D SystemServerTiming: MakeVcnManagementServiceReady
02-23 10:02:17.252   615   795 D ConnectivityService: register offer from providerId 1 : NetworkOffer [ Provider Id (1) Score(Policies : TRANSPORT_PRIMARY&EVER_EVALUATED&IS_UNMETERED&EVER_VALIDATED&IS_VALIDATED ; KeepConnected : 0) Caps [ Transports: CELLULAR Capabilities: MMS&SUPL&DUN&FOTA&IMS&CBS&IA&RCS&XCAP&EIMS&INTERNET&NOT_RESTRICTED&TRUSTED&NOT_VPN&MCX&NOT_VCN_MANAGED&NOT_BANDWIDTH_CONSTRAINED UnderlyingNetworks: Null] Needed by []]
02-23 10:02:17.253   615   615 V SystemServerTiming: MakeVcnManagementServiceReady took to complete: 2ms
02-23 10:02:17.253   615   615 D SystemServerTiming: MakeNetworkPolicyServiceReady
02-23 10:02:17.254   615   801 I VcnManagementService: new snapshot: TelephonySubscriptionSnapshot{ mActiveDataSubId=-1, mSubIdToInfoMap={}, mSubIdToCarrierConfigMap={}, mPrivilegedPackages={} }
02-23 10:02:17.263   615   786 D InetDiagMessage: Destroyed live tcp sockets for uids={10133, 10136, 10146, 10153, 10155, 10156, 10158, 10159, 10165, 10166, 10167, 10168, 20133, 20136, 20146, 20153, 20155, 20156, 20158, 20159, 20165, 20166, 20167, 20168} in 2ms
02-23 10:02:17.264   615   615 V SystemServerTiming: MakeNetworkPolicyServiceReady took to complete: 11ms
02-23 10:02:17.264   419   419 I netd    : tetherGetStats() -> {[]} <0.66ms>
02-23 10:02:17.264   615   615 D SystemServerTiming: PhaseThirdPartyAppsCanStart
02-23 10:02:17.264   615   615 I SystemServiceManager: Starting phase 600
02-23 10:02:17.264   615   615 D SystemServerTiming: OnBootPhase_600
02-23 10:02:17.264   615   615 D SystemServerTiming: OnBootPhase_600_com.android.server.security.FileIntegrityService
02-23 10:02:17.264   615   615 V SystemServerTiming: OnBootPhase_600_com.android.server.security.FileIntegrityService took to complete: 0ms
02-23 10:02:17.264   615   615 D SystemServerTiming: OnBootPhase_600_com.android.server.pm.Installer
02-23 10:02:17.264   615   615 V SystemServerTiming: OnBootPhase_600_com.android.server.pm.Installer took to complete: 0ms
02-23 10:02:17.264   615   615 D SystemServerTiming: OnBootPhase_600_com.android.server.os.DeviceIdentifiersPolicyService
02-23 10:02:17.264   615   615 V SystemServerTiming: OnBootPhase_600_com.android.server.os.DeviceIdentifiersPolicyService took to complete: 0ms
02-23 10:02:17.264   615   615 D SystemServerTiming: OnBootPhase_600_com.android.server.flags.FeatureFlagsService
02-23 10:02:17.264   615   615 V SystemServerTiming: OnBootPhase_600_com.android.server.flags.FeatureFlagsService took to complete: 0ms
02-23 10:02:17.264   615   615 D SystemServerTiming: OnBootPhase_600_com.android.server.uri.UriGrantsManagerService$Lifecycle
02-23 10:02:17.264   615   615 V SystemServerTiming: OnBootPhase_600_com.android.server.uri.UriGrantsManagerService$Lifecycle took to complete: 0ms
02-23 10:02:17.264   615   615 D SystemServerTiming: OnBootPhase_600_com.android.server.powerstats.PowerStatsService
02-23 10:02:17.264   615   615 V SystemServerTiming: OnBootPhase_600_com.android.server.powerstats.PowerStatsService took to complete: 0ms
02-23 10:02:17.264   615   615 D SystemServerTiming: OnBootPhase_600_com.android.server.permission.access.AccessCheckingService
02-23 10:02:17.264   615   615 V SystemServerTiming: OnBootPhase_600_com.android.server.permission.access.AccessCheckingService took to complete: 0ms
02-23 10:02:17.264   615   615 D SystemServerTiming: OnBootPhase_600_com.android.server.wm.ActivityTaskManagerService$Lifecycle
02-23 10:02:17.264   615   615 V SystemServerTiming: OnBootPhase_600_com.android.server.wm.ActivityTaskManagerService$Lifecycle took to complete: 0ms
02-23 10:02:17.264   615   615 D SystemServerTiming: OnBootPhase_600_com.android.server.am.ActivityManagerService$Lifecycle
02-23 10:02:17.265   615   615 V SystemServerTiming: OnBootPhase_600_com.android.server.am.ActivityManagerService$Lifecycle took to complete: 1ms
02-23 10:02:17.265   615   615 D SystemServerTiming: OnBootPhase_600_com.android.server.pm.DataLoaderManagerService
02-23 10:02:17.265   615   615 V SystemServerTiming: OnBootPhase_600_com.android.server.pm.DataLoaderManagerService took to complete: 0ms
02-23 10:02:17.265   615   615 D SystemServerTiming: OnBootPhase_600_com.android.server.power.PowerManagerService
02-23 10:02:17.268   615   615 V SystemServerTiming: OnBootPhase_600_com.android.server.power.PowerManagerService took to complete: 2ms
02-23 10:02:17.268   615   615 D SystemServerTiming: OnBootPhase_600_com.android.server.power.ThermalManagerService
02-23 10:02:17.268   615   615 V SystemServerTiming: OnBootPhase_600_com.android.server.power.ThermalManagerService took to complete: 0ms
02-23 10:02:17.268   615   615 D SystemServerTiming: OnBootPhase_600_com.android.server.recoverysystem.RecoverySystemService$Lifecycle
02-23 10:02:17.268   615   615 V SystemServerTiming: OnBootPhase_600_com.android.server.recoverysystem.RecoverySystemService$Lifecycle took to complete: 0ms
02-23 10:02:17.268   615   615 D SystemServerTiming: OnBootPhase_600_com.android.server.lights.LightsService
02-23 10:02:17.268   615   615 V SystemServerTiming: OnBootPhase_600_com.android.server.lights.LightsService took to complete: 0ms
02-23 10:02:17.268   615   615 D SystemServerTiming: OnBootPhase_600_com.android.server.display.DisplayManagerService
02-23 10:02:17.268   615   615 V SystemServerTiming: OnBootPhase_600_com.android.server.display.DisplayManagerService took to complete: 0ms
02-23 10:02:17.268   615   615 D SystemServerTiming: OnBootPhase_600_com.android.server.pm.verify.domain.DomainVerificationService
02-23 10:02:17.268   615   615 V SystemServerTiming: OnBootPhase_600_com.android.server.pm.verify.domain.DomainVerificationService took to complete: 0ms
02-23 10:02:17.268   615   615 D SystemServerTiming: OnBootPhase_600_com.android.server.pm.PackageInstallerService$Lifecycle
02-23 10:02:17.268   615   615 V SystemServerTiming: OnBootPhase_600_com.android.server.pm.PackageInstallerService$Lifecycle took to complete: 0ms
02-23 10:02:17.268   615   615 D SystemServerTiming: OnBootPhase_600_com.android.server.pm.UserManagerService$LifeCycle
02-23 10:02:17.268   615   615 V SystemServerTiming: OnBootPhase_600_com.android.server.pm.UserManagerService$LifeCycle took to complete: 0ms
02-23 10:02:17.268   615   615 D SystemServerTiming: OnBootPhase_600_com.android.server.om.OverlayManagerService
02-23 10:02:17.268   615   615 V SystemServerTiming: OnBootPhase_600_com.android.server.om.OverlayManagerService took to complete: 0ms
02-23 10:02:17.268   615   615 D SystemServerTiming: OnBootPhase_600_com.android.server.resources.ResourcesManagerService
02-23 10:02:17.268   615   615 V SystemServerTiming: OnBootPhase_600_com.android.server.resources.ResourcesManagerService took to complete: 0ms
02-23 10:02:17.268   615   615 D SystemServerTiming: OnBootPhase_600_com.android.server.sensorprivacy.SensorPrivacyService
02-23 10:02:17.268   615   615 V SystemServerTiming: OnBootPhase_600_com.android.server.sensorprivacy.SensorPrivacyService took to complete: 0ms
02-23 10:02:17.268   615   615 D SystemServerTiming: OnBootPhase_600_com.android.server.sensors.SensorService
02-23 10:02:17.268   615   615 V SystemServerTiming: OnBootPhase_600_com.android.server.sensors.SensorService took to complete: 0ms
02-23 10:02:17.268   615   615 D SystemServerTiming: OnBootPhase_600_com.android.server.SystemConfigService
02-23 10:02:17.268   615   615 V SystemServerTiming: OnBootPhase_600_com.android.server.SystemConfigService took to complete: 0ms
02-23 10:02:17.268   615   615 D SystemServerTiming: OnBootPhase_600_com.android.server.BatteryService
02-23 10:02:17.268   615   615 V SystemServerTiming: OnBootPhase_600_com.android.server.BatteryService took to complete: 0ms
02-23 10:02:17.268   615   615 D SystemServerTiming: OnBootPhase_600_com.android.server.usage.UsageStatsService
02-23 10:02:17.268   615   615 V SystemServerTiming: OnBootPhase_600_com.android.server.usage.UsageStatsService took to complete: 0ms
02-23 10:02:17.268   615   615 D SystemServerTiming: OnBootPhase_600_com.android.server.webkit.WebViewUpdateService
02-23 10:02:17.268   615   615 V SystemServerTiming: OnBootPhase_600_com.android.server.webkit.WebViewUpdateService took to complete: 0ms
02-23 10:02:17.268   615   615 D SystemServerTiming: OnBootPhase_600_com.android.server.CachedDeviceStateService
02-23 10:02:17.268   615   615 V SystemServerTiming: OnBootPhase_600_com.android.server.CachedDeviceStateService took to complete: 0ms
02-23 10:02:17.268   615   615 D SystemServerTiming: OnBootPhase_600_com.android.server.BinderCallsStatsService$LifeCycle
02-23 10:02:17.268   615   615 V SystemServerTiming: OnBootPhase_600_com.android.server.BinderCallsStatsService$LifeCycle took to complete: 0ms
02-23 10:02:17.268   615   615 D SystemServerTiming: OnBootPhase_600_com.android.server.LooperStatsService$Lifecycle
02-23 10:02:17.268   615   615 V SystemServerTiming: OnBootPhase_600_com.android.server.LooperStatsService$Lifecycle took to complete: 0ms
02-23 10:02:17.268   615   615 D SystemServerTiming: OnBootPhase_600_com.android.server.rollback.RollbackManagerService
02-23 10:02:17.268   615   615 V SystemServerTiming: OnBootPhase_600_com.android.server.rollback.RollbackManagerService took to complete: 0ms
02-23 10:02:17.268   615   615 D SystemServerTiming: OnBootPhase_600_com.android.server.os.NativeTombstoneManagerService
02-23 10:02:17.268   615   615 V SystemServerTiming: OnBootPhase_600_com.android.server.os.NativeTombstoneManagerService took to complete: 0ms
02-23 10:02:17.268   615   615 D SystemServerTiming: OnBootPhase_600_com.android.server.os.BugreportManagerService
02-23 10:02:17.268   615   615 V SystemServerTiming: OnBootPhase_600_com.android.server.os.BugreportManagerService took to complete: 0ms
02-23 10:02:17.268   615   615 D SystemServerTiming: OnBootPhase_600_com.android.server.gpu.GpuService
02-23 10:02:17.268   615   615 V SystemServerTiming: OnBootPhase_600_com.android.server.gpu.GpuService took to complete: 0ms
02-23 10:02:17.268   615   615 D SystemServerTiming: OnBootPhase_600_com.android.server.security.rkp.RemoteProvisioningService
02-23 10:02:17.268   615   615 V SystemServerTiming: OnBootPhase_600_com.android.server.security.rkp.RemoteProvisioningService took to complete: 0ms
02-23 10:02:17.268   615   615 D SystemServerTiming: OnBootPhase_600_com.android.server.cpu.CpuMonitorService
02-23 10:02:17.268   615   615 V SystemServerTiming: OnBootPhase_600_com.android.server.cpu.CpuMonitorService took to complete: 0ms
02-23 10:02:17.268   615   615 D SystemServerTiming: OnBootPhase_600_com.android.server.security.KeyChainSystemService
02-23 10:02:17.268   615   615 V SystemServerTiming: OnBootPhase_600_com.android.server.security.KeyChainSystemService took to complete: 0ms
02-23 10:02:17.268   615   615 D SystemServerTiming: OnBootPhase_600_com.android.server.BinaryTransparencyService
02-23 10:02:17.268   615   615 V SystemServerTiming: OnBootPhase_600_com.android.server.BinaryTransparencyService took to complete: 0ms
02-23 10:02:17.268   615   615 D SystemServerTiming: OnBootPhase_600_com.android.server.telecom.TelecomLoaderService
02-23 10:02:17.268   615   615 V SystemServerTiming: OnBootPhase_600_com.android.server.telecom.TelecomLoaderService took to complete: 0ms
02-23 10:02:17.268   615   615 D SystemServerTiming: OnBootPhase_600_com.android.server.accounts.AccountManagerService$Lifecycle
02-23 10:02:17.268   615   615 V SystemServerTiming: OnBootPhase_600_com.android.server.accounts.AccountManagerService$Lifecycle took to complete: 0ms
02-23 10:02:17.268   615   615 D SystemServerTiming: OnBootPhase_600_com.android.server.content.ContentService$Lifecycle
02-23 10:02:17.268   615   615 V SystemServerTiming: OnBootPhase_600_com.android.server.content.ContentService$Lifecycle took to complete: 0ms
02-23 10:02:17.268   615   615 D SystemServerTiming: OnBootPhase_600_com.android.server.deviceconfig.DeviceConfigInit$Lifecycle
02-23 10:02:17.268   615   615 V SystemServerTiming: OnBootPhase_600_com.android.server.deviceconfig.DeviceConfigInit$Lifecycle took to complete: 0ms
02-23 10:02:17.268   615   615 D SystemServerTiming: OnBootPhase_600_com.android.server.DropBoxManagerService
02-23 10:02:17.268   615   615 V SystemServerTiming: OnBootPhase_600_com.android.server.DropBoxManagerService took to complete: 0ms
02-23 10:02:17.268   615   615 D SystemServerTiming: OnBootPhase_600_com.android.ecm.EnhancedConfirmationService
02-23 10:02:17.268   615   615 V SystemServerTiming: OnBootPhase_600_com.android.ecm.EnhancedConfirmationService took to complete: 0ms
02-23 10:02:17.268   615   615 D SystemServerTiming: OnBootPhase_600_com.android.server.power.hint.HintManagerService
02-23 10:02:17.268   615   615 V SystemServerTiming: OnBootPhase_600_com.android.server.power.hint.HintManagerService took to complete: 0ms
02-23 10:02:17.268   615   615 D SystemServerTiming: OnBootPhase_600_com.android.role.RoleService
02-23 10:02:17.268   615   615 V SystemServerTiming: OnBootPhase_600_com.android.role.RoleService took to complete: 0ms
02-23 10:02:17.268   615   615 D SystemServerTiming: OnBootPhase_600_com.android.server.vibrator.VibratorManagerService$Lifecycle
02-23 10:02:17.268   615   615 V SystemServerTiming: OnBootPhase_600_com.android.server.vibrator.VibratorManagerService$Lifecycle took to complete: 0ms
02-23 10:02:17.268   615   615 D SystemServerTiming: OnBootPhase_600_com.android.server.alarm.AlarmManagerService
02-23 10:02:17.268   615   615 V SystemServerTiming: OnBootPhase_600_com.android.server.alarm.AlarmManagerService took to complete: 0ms
02-23 10:02:17.268   615   615 D SystemServerTiming: OnBootPhase_600_com.android.server.devicestate.DeviceStateManagerService
02-23 10:02:17.268   615   615 V SystemServerTiming: OnBootPhase_600_com.android.server.devicestate.DeviceStateManagerService took to complete: 0ms
02-23 10:02:17.268   615   615 D SystemServerTiming: OnBootPhase_600_com.android.server.camera.CameraServiceProxy
02-23 10:02:17.268   615   615 V SystemServerTiming: OnBootPhase_600_com.android.server.camera.CameraServiceProxy took to complete: 0ms
02-23 10:02:17.268   615   615 D SystemServerTiming: OnBootPhase_600_com.android.server.bluetooth.BluetoothService
02-23 10:02:17.268   615   615 V SystemServerTiming: OnBootPhase_600_com.android.server.bluetooth.BluetoothService took to complete: 0ms
02-23 10:02:17.268   615   615 D SystemServerTiming: OnBootPhase_600_com.android.server.connectivity.IpConnectivityMetrics
02-23 10:02:17.268   615   615 V SystemServerTiming: OnBootPhase_600_com.android.server.connectivity.IpConnectivityMetrics took to complete: 0ms
02-23 10:02:17.268   615   615 D SystemServerTiming: OnBootPhase_600_com.android.server.net.watchlist.NetworkWatchlistService$Lifecycle
02-23 10:02:17.268   615   615 V SystemServerTiming: OnBootPhase_600_com.android.server.net.watchlist.NetworkWatchlistService$Lifecycle took to complete: 0ms
02-23 10:02:17.268   615   615 D SystemServerTiming: OnBootPhase_600_com.android.server.PinnerService
02-23 10:02:17.268   615   615 V SystemServerTiming: OnBootPhase_600_com.android.server.PinnerService took to complete: 0ms
02-23 10:02:17.268   615   615 D SystemServerTiming: OnBootPhase_600_com.android.server.integrity.AppIntegrityManagerService
02-23 10:02:17.268   615   615 V SystemServerTiming: OnBootPhase_600_com.android.server.integrity.AppIntegrityManagerService took to complete: 0ms
02-23 10:02:17.268   615   615 D SystemServerTiming: OnBootPhase_600_com.android.server.logcat.LogcatManagerService
02-23 10:02:17.268   615   615 V SystemServerTiming: OnBootPhase_600_com.android.server.logcat.LogcatManagerService took to complete: 0ms
02-23 10:02:17.268   615   615 D SystemServerTiming: OnBootPhase_600_com.android.server.inputmethod.InputMethodManagerService$Lifecycle
02-23 10:02:17.268   615   615 V SystemServerTiming: OnBootPhase_600_com.android.server.inputmethod.InputMethodManagerService$Lifecycle took to complete: 0ms
02-23 10:02:17.268   615   615 D SystemServerTiming: OnBootPhase_600_com.android.server.accessibility.AccessibilityManagerService$Lifecycle
02-23 10:02:17.268   615   615 V SystemServerTiming: OnBootPhase_600_com.android.server.accessibility.AccessibilityManagerService$Lifecycle took to complete: 1ms
02-23 10:02:17.268   615   615 D SystemServerTiming: OnBootPhase_600_com.android.server.StorageManagerService$Lifecycle
02-23 10:02:17.268   615   615 V SystemServerTiming: OnBootPhase_600_com.android.server.StorageManagerService$Lifecycle took to complete: 0ms
02-23 10:02:17.268   615   615 D SystemServerTiming: OnBootPhase_600_com.android.server.usage.StorageStatsService$Lifecycle
02-23 10:02:17.268   615   615 V SystemServerTiming: OnBootPhase_600_com.android.server.usage.StorageStatsService$Lifecycle took to complete: 0ms
02-23 10:02:17.268   615   615 D SystemServerTiming: OnBootPhase_600_com.android.server.UiModeManagerService
02-23 10:02:17.268   615   615 V SystemServerTiming: OnBootPhase_600_com.android.server.UiModeManagerService took to complete: 0ms
02-23 10:02:17.268   615   615 D SystemServerTiming: OnBootPhase_600_com.android.server.locales.LocaleManagerService
02-23 10:02:17.268   615   615 V SystemServerTiming: OnBootPhase_600_com.android.server.locales.LocaleManagerService took to complete: 0ms
02-23 10:02:17.268   615   615 D SystemServerTiming: OnBootPhase_600_com.android.server.grammaticalinflection.GrammaticalInflectionService
02-23 10:02:17.268   615   615 V SystemServerTiming: OnBootPhase_600_com.android.server.grammaticalinflection.GrammaticalInflectionService took to complete: 0ms
02-23 10:02:17.268   615   615 D SystemServerTiming: OnBootPhase_600_com.android.server.apphibernation.AppHibernationService
02-23 10:02:17.268   615   615 V SystemServerTiming: OnBootPhase_600_com.android.server.apphibernation.AppHibernationService took to complete: 0ms
02-23 10:02:17.268   615   615 D SystemServerTiming: OnBootPhase_600_com.android.server.locksettings.LockSettingsService$Lifecycle
02-23 10:02:17.268   615   615 V SystemServerTiming: OnBootPhase_600_com.android.server.locksettings.LockSettingsService$Lifecycle took to complete: 0ms
02-23 10:02:17.268   615   615 D SystemServerTiming: OnBootPhase_600_com.android.server.testharness.TestHarnessModeService
02-23 10:02:17.268   615   615 V SystemServerTiming: OnBootPhase_600_com.android.server.testharness.TestHarnessModeService took to complete: 0ms
02-23 10:02:17.268   615   615 D SystemServerTiming: OnBootPhase_600_com.android.server.DeviceIdleController
02-23 10:02:17.268   615   615 V SystemServerTiming: OnBootPhase_600_com.android.server.DeviceIdleController took to complete: 0ms
02-23 10:02:17.268   615   615 D SystemServerTiming: OnBootPhase_600_com.android.server.devicepolicy.DevicePolicyManagerService$Lifecycle
02-23 10:02:17.268   615   615 V SystemServerTiming: OnBootPhase_600_com.android.server.devicepolicy.DevicePolicyManagerService$Lifecycle took to complete: 0ms
02-23 10:02:17.268   615   615 D SystemServerTiming: OnBootPhase_600_com.android.server.musicrecognition.MusicRecognitionManagerService
02-23 10:02:17.268   615   615 V SystemServerTiming: OnBootPhase_600_com.android.server.musicrecognition.MusicRecognitionManagerService took to complete: 0ms
02-23 10:02:17.268   615   615 D SystemServerTiming: OnBootPhase_600_com.android.server.contentcapture.ContentCaptureManagerService
02-23 10:02:17.268   615   615 V SystemServerTiming: OnBootPhase_600_com.android.server.contentcapture.ContentCaptureManagerService took to complete: 0ms
02-23 10:02:17.268   615   615 D SystemServerTiming: OnBootPhase_600_com.android.server.systemcaptions.SystemCaptionsManagerService
02-23 10:02:17.268   615   615 V SystemServerTiming: OnBootPhase_600_com.android.server.systemcaptions.SystemCaptionsManagerService took to complete: 0ms
02-23 10:02:17.268   615   615 D SystemServerTiming: OnBootPhase_600_com.android.server.texttospeech.TextToSpeechManagerService
02-23 10:02:17.268   615   615 V SystemServerTiming: OnBootPhase_600_com.android.server.texttospeech.TextToSpeechManagerService took to complete: 0ms
02-23 10:02:17.268   615   615 D SystemServerTiming: OnBootPhase_600_com.android.server.wearable.WearableSensingManagerService
02-23 10:02:17.268   615   615 V SystemServerTiming: OnBootPhase_600_com.android.server.wearable.WearableSensingManagerService took to complete: 0ms
02-23 10:02:17.268   615   615 D SystemServerTiming: OnBootPhase_600_com.android.server.ondeviceintelligence.OnDeviceIntelligenceManagerService
02-23 10:02:17.269   615   615 W OnDeviceIntelligenceManagerService: 	at com.android.server.ondeviceintelligence.OnDeviceIntelligenceManagerService.lambda$ensureRemoteInferenceServiceInitialized$2(OnDeviceIntelligenceManagerService.java:622)
02-23 10:02:17.269   615   615 W OnDeviceIntelligenceManagerService: 	at com.android.server.ondeviceintelligence.OnDeviceIntelligenceManagerService.ensureRemoteInferenceServiceInitialized(OnDeviceIntelligenceManagerService.java:622)
02-23 10:02:17.269   615   615 W OnDeviceIntelligenceManagerService: 	at com.android.server.SystemServiceManager.startBootPhase(SystemServiceManager.java:318)
02-23 10:02:17.269   615   615 W OnDeviceIntelligenceManagerService: 	at com.android.server.SystemServer.lambda$startOtherServices$6(SystemServer.java:3176)
02-23 10:02:17.269   615   615 W OnDeviceIntelligenceManagerService: 	at com.android.server.SystemServer.$r8$lambda$R8_YVQM1rsXoSgswlNNq9SsFhyw(SystemServer.java:0)
02-23 10:02:17.269   615   615 W OnDeviceIntelligenceManagerService: 	at com.android.server.SystemServer$$ExternalSyntheticLambda6.run(R8$$SyntheticClass:0)
02-23 10:02:17.269   615   615 W OnDeviceIntelligenceManagerService: 	at com.android.server.SystemServer.startOtherServices(SystemServer.java:3028)
02-23 10:02:17.269   615   615 W OnDeviceIntelligenceManagerService: 	at com.android.server.SystemServer.run(SystemServer.java:936)
02-23 10:02:17.269   615   615 W OnDeviceIntelligenceManagerService: 	at com.android.server.SystemServer.main(SystemServer.java:657)
02-23 10:02:17.269   615   615 V SystemServerTiming: OnBootPhase_600_com.android.server.ondeviceintelligence.OnDeviceIntelligenceManagerService took to complete: 0ms
02-23 10:02:17.269   615   615 D SystemServerTiming: OnBootPhase_600_com.android.server.ambientcontext.AmbientContextManagerService
02-23 10:02:17.269   615   615 V SystemServerTiming: OnBootPhase_600_com.android.server.ambientcontext.AmbientContextManagerService took to complete: 0ms
02-23 10:02:17.269   615   615 D SystemServerTiming: OnBootPhase_600_com.android.server.speech.SpeechRecognitionManagerService
02-23 10:02:17.269   615   615 V SystemServerTiming: OnBootPhase_600_com.android.server.speech.SpeechRecognitionManagerService took to complete: 0ms
02-23 10:02:17.269   615   615 D SystemServerTiming: OnBootPhase_600_com.android.server.appprediction.AppPredictionManagerService
02-23 10:02:17.269   615   615 V SystemServerTiming: OnBootPhase_600_com.android.server.appprediction.AppPredictionManagerService took to complete: 0ms
02-23 10:02:17.269   615   615 D SystemServerTiming: OnBootPhase_600_com.android.server.contentsuggestions.ContentSuggestionsManagerService
02-23 10:02:17.269   615   615 V SystemServerTiming: OnBootPhase_600_com.android.server.contentsuggestions.ContentSuggestionsManagerService took to complete: 0ms
02-23 10:02:17.269   615   615 D SystemServerTiming: OnBootPhase_600_com.android.server.searchui.SearchUiManagerService
02-23 10:02:17.269   615   615 V SystemServerTiming: OnBootPhase_600_com.android.server.searchui.SearchUiManagerService took to complete: 0ms
02-23 10:02:17.269   615   615 D SystemServerTiming: OnBootPhase_600_com.android.server.smartspace.SmartspaceManagerService
02-23 10:02:17.269   615   615 V SystemServerTiming: OnBootPhase_600_com.android.server.smartspace.SmartspaceManagerService took to complete: 0ms
02-23 10:02:17.269   615   615 D SystemServerTiming: OnBootPhase_600_com.android.server.contextualsearch.ContextualSearchManagerService
02-23 10:02:17.269   615   615 V SystemServerTiming: OnBootPhase_600_com.android.server.contextualsearch.ContextualSearchManagerService took to complete: 0ms
02-23 10:02:17.269   615   615 D SystemServerTiming: OnBootPhase_600_com.android.server.graphics.fonts.FontManagerService$Lifecycle
02-23 10:02:17.269   615   615 V SystemServerTiming: OnBootPhase_600_com.android.server.graphics.fonts.FontManagerService$Lifecycle took to complete: 0ms
02-23 10:02:17.269   615   615 D SystemServerTiming: OnBootPhase_600_com.android.server.textservices.TextServicesManagerService$Lifecycle
02-23 10:02:17.269   615   615 V SystemServerTiming: OnBootPhase_600_com.android.server.textservices.TextServicesManagerService$Lifecycle took to complete: 0ms
02-23 10:02:17.269   615   615 D SystemServerTiming: OnBootPhase_600_com.android.server.textclassifier.TextClassificationManagerService$Lifecycle
02-23 10:02:17.269   615   615 V SystemServerTiming: OnBootPhase_600_com.android.server.textclassifier.TextClassificationManagerService$Lifecycle took to complete: 0ms
02-23 10:02:17.269   615   615 D SystemServerTiming: OnBootPhase_600_com.android.server.NetworkScoreService$Lifecycle
02-23 10:02:17.269   615   615 V SystemServerTiming: OnBootPhase_600_com.android.server.NetworkScoreService$Lifecycle took to complete: 0ms
02-23 10:02:17.269   615   615 D SystemServerTiming: OnBootPhase_600_com.android.server.NetworkStatsServiceInitializer
02-23 10:02:17.269   615   615 V SystemServerTiming: OnBootPhase_600_com.android.server.NetworkStatsServiceInitializer took to complete: 0ms
02-23 10:02:17.269   615   615 D SystemServerTiming: OnBootPhase_600_com.android.server.wifi.WifiService
02-23 10:02:17.269   615   615 V SystemServerTiming: OnBootPhase_600_com.android.server.wifi.WifiService took to complete: 0ms
02-23 10:02:17.269   615   615 D SystemServerTiming: OnBootPhase_600_com.android.server.wifi.scanner.WifiScanningService
02-23 10:02:17.269   615   615 V SystemServerTiming: OnBootPhase_600_com.android.server.wifi.scanner.WifiScanningService took to complete: 0ms
02-23 10:02:17.269   615   615 D SystemServerTiming: OnBootPhase_600_com.android.server.wifi.p2p.WifiP2pService
02-23 10:02:17.269   615   615 V SystemServerTiming: OnBootPhase_600_com.android.server.wifi.p2p.WifiP2pService took to complete: 0ms
02-23 10:02:17.269   615   615 D SystemServerTiming: OnBootPhase_600_com.android.server.ConnectivityServiceInitializer
02-23 10:02:17.269   615   615 V SystemServerTiming: OnBootPhase_600_com.android.server.ConnectivityServiceInitializer took to complete: 0ms
02-23 10:02:17.269   615   615 D SystemServerTiming: OnBootPhase_600_com.android.server.notification.NotificationManagerService
02-23 10:02:17.270   419   419 I netd    : tetherGetStats() -> {[]} <0.44ms>
02-23 10:02:17.272   615   615 V SystemServerTiming: OnBootPhase_600_com.android.server.notification.NotificationManagerService took to complete: 4ms
02-23 10:02:17.272   615   615 D SystemServerTiming: OnBootPhase_600_com.android.server.storage.DeviceStorageMonitorService
02-23 10:02:17.272   615   615 V SystemServerTiming: OnBootPhase_600_com.android.server.storage.DeviceStorageMonitorService took to complete: 0ms
02-23 10:02:17.272   615   615 D SystemServerTiming: OnBootPhase_600_com.android.server.timedetector.TimeDetectorService$Lifecycle
02-23 10:02:17.272   615   615 V SystemServerTiming: OnBootPhase_600_com.android.server.timedetector.TimeDetectorService$Lifecycle took to complete: 0ms
02-23 10:02:17.272   615   615 D SystemServerTiming: OnBootPhase_600_com.android.server.location.LocationManagerService$Lifecycle
02-23 10:02:17.320   615   615 V SystemServerTiming: OnBootPhase_600_com.android.server.location.LocationManagerService$Lifecycle took to complete: 48ms
02-23 10:02:17.320   615   615 D SystemServerTiming: OnBootPhase_600_com.android.server.timezonedetector.TimeZoneDetectorService$Lifecycle
02-23 10:02:17.320   615   615 V SystemServerTiming: OnBootPhase_600_com.android.server.timezonedetector.TimeZoneDetectorService$Lifecycle took to complete: 0ms
02-23 10:02:17.320   615   615 D SystemServerTiming: OnBootPhase_600_com.android.server.location.altitude.AltitudeService$Lifecycle
02-23 10:02:17.320   615   615 V SystemServerTiming: OnBootPhase_600_com.android.server.location.altitude.AltitudeService$Lifecycle took to complete: 0ms
02-23 10:02:17.320   615   615 D SystemServerTiming: OnBootPhase_600_com.android.server.timezonedetector.location.LocationTimeZoneManagerService$Lifecycle
02-23 10:02:17.321   615   615 V SystemServerTiming: OnBootPhase_600_com.android.server.timezonedetector.location.LocationTimeZoneManagerService$Lifecycle took to complete: 0ms
02-23 10:02:17.321   615   615 D SystemServerTiming: OnBootPhase_600_com.android.server.search.SearchManagerService$Lifecycle
02-23 10:02:17.321   615   615 V SystemServerTiming: OnBootPhase_600_com.android.server.search.SearchManagerService$Lifecycle took to complete: 0ms
02-23 10:02:17.321   615   615 D SystemServerTiming: OnBootPhase_600_com.android.server.wallpaper.WallpaperManagerService$Lifecycle
02-23 10:02:17.321   615   615 D WallpaperManagerService: WPMS.bindWallpaperComponentLocked-ComponentInfo{com.android.systemui/com.android.systemui.wallpapers.ImageWallpaper}
02-23 10:02:17.322   615   615 V WallpaperManagerService: WPMS.bindWallpaperComponentLocked-ComponentInfo{com.android.systemui/com.android.systemui.wallpapers.ImageWallpaper} took to complete: 0ms
02-23 10:02:17.322   615   615 V WallpaperManagerService: Wallpaper_switch-user-0 took to complete: 1ms
02-23 10:02:17.322   615   615 V SystemServerTiming: OnBootPhase_600_com.android.server.wallpaper.WallpaperManagerService$Lifecycle took to complete: 1ms
02-23 10:02:17.322   615   615 D SystemServerTiming: OnBootPhase_600_com.android.server.wallpapereffectsgeneration.WallpaperEffectsGenerationManagerService
02-23 10:02:17.322   615   615 V SystemServerTiming: OnBootPhase_600_com.android.server.wallpapereffectsgeneration.WallpaperEffectsGenerationManagerService took to complete: 1ms
02-23 10:02:17.322   615   615 D SystemServerTiming: OnBootPhase_600_com.android.server.audio.AudioService$Lifecycle
02-23 10:02:17.322   615   615 V SystemServerTiming: OnBootPhase_600_com.android.server.audio.AudioService$Lifecycle took to complete: 0ms
