02-23 10:02:12.939   197   197 I lowmemorykiller: Using psi monitors for memory pressure detection
02-23 10:02:12.939   197   197 I lowmemorykiller: Process polling is supported
02-23 10:02:12.940   197   197 I lowmemorykiller: Process reaper initialized with 2 threads in the pool
02-23 10:02:08.443     0     0 I         : Booting Linux on physical CPU 0x0000000000 [0x610f0000]
02-23 10:02:08.443     0     0 I         : DMA32    [mem 0x0000000040000000-0x00000000ffffffff]
02-23 10:02:08.443     0     0 I         : Normal   [mem 0x0000000100000000-0x00000001bfffffff]
02-23 10:02:08.443     0     0 I         : Early memory node ranges
02-23 10:02:08.443     0     0 I node   0: [mem 0x0000000040000000-0x00000001bfffffff]
02-23 10:02:08.443     0     0 I         : Initmem setup node 0 [mem 0x0000000040000000-0x00000001bfffffff]
02-23 10:02:08.443     0     0 I percpu  : Embedded 31 pages/cpu s88040 r8192 d30744 u126976
02-23 10:02:08.443     0     0 D pcpu-alloc: s88040 r8192 d30744 u126976 alloc=31*4096
02-23 10:02:08.443     0     0 D pcpu-alloc: [0] 0 [0] 1 [0] 2 [0] 3 [0] 4 [0] 5 [0] 6 [0] 7
02-23 10:02:08.443     0     0 I         : Detected PIPT I-cache on CPU0
02-23 10:02:08.443     0     0 W CPU features: SYS_ID_AA64MMFR1_EL1[11:8]: already set to 0
02-23 10:02:08.443     0     0 I CPU features: detected: Address authentication (IMP DEF algorithm)
02-23 10:02:08.443     0     0 I CPU features: detected: Spectre-v4
02-23 10:02:08.443     0     0 I         : Kernel command line: console=ttynull stack_depot_disable=on cgroup_disable=pressure kasan.stacktrace=off kvm-arm.mode=protected bootconfig ioremap_guard 8250.nr_uarts=1 no_timer_check keep_bootcon earlyprintk=ttyAMA0 console=0 ndns=2 loop.max_part=7 printk.devkmsg=on bootconfig ndns=2 mac80211_hwsim.radios=0
02-23 10:02:08.443     0     0 I mem auto-init: stack:all(zero), heap alloc:on, heap free:off
02-23 10:02:08.443     0     0 I         : software IO TLB: mapped [mem 0x00000000fb000000-0x00000000ff000000] (64MB)
02-23 10:02:08.443     0     0 I Memory  : 6046048K/6291456K available (16768K kernel code, 2026K rwdata, 12240K rodata, 4160K init, 565K bss, 229024K reserved, 16384K cma-reserved)
02-23 10:02:08.443     0     0 I SLUB    : HWalign=64, Order=0-3, MinObjects=0, CPUs=8, Nodes=1
02-23 10:02:08.443     0     0 I rcu     : RCU restricting CPUs from NR_CPUS=32 to nr_cpu_ids=8.
02-23 10:02:08.443     0     0 I rcu     : RCU priority boosting: priority 1 delay 500 ms.
02-23 10:02:08.443     0     0 I rcu     : Adjusting geometry for rcu_fanout_leaf=16, nr_cpu_ids=8
02-23 10:02:08.443     0     0 I GICv2m  : range[mem 0x08020000-0x08020fff], SPI[96:159]
02-23 10:02:08.458     1     1 W cacheinfo: Unable to detect cache hierarchy for CPU 0
02-23 10:02:08.459     1     1 I smp     : Bringing up secondary CPUs ...
02-23 10:02:08.459     0     0 I         : Detected PIPT I-cache on CPU1
02-23 10:02:08.459     0     0 I CPU1    : Booted secondary processor 0x0000000000 [0x610f0000]
02-23 10:02:08.459     0     0 I         : Detected PIPT I-cache on CPU2
02-23 10:02:08.460     0     0 I CPU2    : Booted secondary processor 0x0000000000 [0x610f0000]
02-23 10:02:08.460     0     0 I         : Detected PIPT I-cache on CPU3
02-23 10:02:08.460     0     0 I CPU3    : Booted secondary processor 0x0000000000 [0x610f0000]
02-23 10:02:08.460     0     0 I         : Detected PIPT I-cache on CPU4
02-23 10:02:08.461     0     0 I CPU4    : Booted secondary processor 0x0000000000 [0x610f0000]
02-23 10:02:08.461     0     0 I         : Detected PIPT I-cache on CPU5
02-23 10:02:08.461     0     0 I CPU5    : Booted secondary processor 0x0000000000 [0x610f0000]
02-23 10:02:08.462     0     0 I         : Detected PIPT I-cache on CPU6
02-23 10:02:08.462     0     0 I CPU6    : Booted secondary processor 0x0000000000 [0x610f0000]
02-23 10:02:08.462     0     0 I         : Detected PIPT I-cache on CPU7
02-23 10:02:08.462     0     0 I CPU7    : Booted secondary processor 0x0000000000 [0x610f0000]
02-23 10:02:08.463     1     1 I smp     : Brought up 1 node, 8 CPUs
02-23 10:02:08.463     1     1 I CPU features: detected: ARMv8.4 Translation Table Level
02-23 10:02:08.463     1     1 I CPU features: detected: Data cache clean to the PoU not required for I/D coherence
02-23 10:02:08.463     1     1 I CPU features: detected: Common not Private translations
02-23 10:02:08.463     1     1 I CPU features: detected: CRC32 instructions
02-23 10:02:08.463     1     1 I CPU features: detected: Data cache clean to Point of Deep Persistence
02-23 10:02:08.463     1     1 I CPU features: detected: Data cache clean to Point of Persistence
02-23 10:02:08.463     1     1 I CPU features: detected: Data independent timing control (DIT)
02-23 10:02:08.463     1     1 I CPU features: detected: E0PD
02-23 10:02:08.463     1     1 I CPU features: detected: Enhanced Privileged Access Never
02-23 10:02:08.463     1     1 I CPU features: detected: Fine Grained Traps
02-23 10:02:08.463     1     1 I CPU features: detected: Generic authentication (IMP DEF algorithm)
02-23 10:02:08.463     1     1 I CPU features: detected: RCpc load-acquire (LDAPR)
02-23 10:02:08.463     1     1 I CPU features: detected: LSE atomic instructions
02-23 10:02:08.463     1     1 I CPU features: detected: Privileged Access Never
02-23 10:02:08.463     1     1 I CPU features: detected: RAS Extension Support
02-23 10:02:08.463     1     1 I CPU features: detected: Speculation barrier (SB)
02-23 10:02:08.463     1     1 I CPU features: detected: TLB range maintenance instructions
02-23 10:02:08.463     1     1 I         : CPU: All CPU(s) started at EL1
02-23 10:02:08.468     1     1 I cpuidle : using governor menu
02-23 10:02:08.478    10    10 I         : Freeing initrd memory: 2028K
02-23 10:02:08.486     1     1 I pci-host-generic 3f000000.pcie: MEM 0x0010000000..0x003efeffff -> 0x0010000000
02-23 10:02:08.486     1     1 I pci-host-generic 3f000000.pcie: MEM 0x0800000000..0x0fffffffff -> 0x0800000000
02-23 10:02:08.486     1     1 W pci-host-generic 3f000000.pcie: Memory resource size exceeds max for 32 bits
02-23 10:02:08.486     1     1 I pci-host-generic 3f000000.pcie: ECAM at [mem 0x3f000000-0x3fffffff] for [bus 00-0f]
02-23 10:02:08.486     1     1 I pci_bus 0000: 00: root bus resource [mem 0x10000000-0x3efeffff]
02-23 10:02:08.486     1     1 I pci_bus 0000: 00: root bus resource [mem 0x800000000-0xfffffffff]
02-23 10:02:08.487     1     1 I pci 0000: 00:01.0: reg 0x20: [mem 0x00000000-0x00003fff 64bit pref]
02-23 10:02:08.487     1     1 I pci 0000: 00:02.0: reg 0x14: [mem 0x00000000-0x00000fff]
02-23 10:02:08.487     1     1 I pci 0000: 00:02.0: reg 0x20: [mem 0x00000000-0x00003fff 64bit pref]
02-23 10:02:08.488     1     1 I pci 0000: 00:03.0: reg 0x14: [mem 0x00000000-0x00000fff]
02-23 10:02:08.488     1     1 I pci 0000: 00:03.0: reg 0x20: [mem 0x00000000-0x00003fff 64bit pref]
02-23 10:02:08.488     1     1 I pci 0000: 00:04.0: reg 0x14: [mem 0x00000000-0x00000fff]
02-23 10:02:08.488     1     1 I pci 0000: 00:04.0: reg 0x20: [mem 0x00000000-0x00003fff 64bit pref]
02-23 10:02:08.489     1     1 I pci 0000: 00:05.0: reg 0x14: [mem 0x00000000-0x00000fff]
02-23 10:02:08.489     1     1 I pci 0000: 00:05.0: reg 0x20: [mem 0x00000000-0x00003fff 64bit pref]
02-23 10:02:08.489     1     1 I pci 0000: 00:06.0: reg 0x14: [mem 0x00000000-0x00000fff]
02-23 10:02:08.489     1     1 I pci 0000: 00:06.0: reg 0x20: [mem 0x00000000-0x00003fff 64bit pref]
02-23 10:02:08.490     1     1 I pci 0000: 00:07.0: reg 0x14: [mem 0x00000000-0x00000fff]
02-23 10:02:08.490     1     1 I pci 0000: 00:07.0: reg 0x20: [mem 0x00000000-0x00003fff 64bit pref]
02-23 10:02:08.490     1     1 I pci 0000: 00:08.0: reg 0x14: [mem 0x00000000-0x00000fff]
02-23 10:02:08.490     1     1 I pci 0000: 00:08.0: reg 0x20: [mem 0x00000000-0x00003fff 64bit pref]
02-23 10:02:08.491     1     1 I pci 0000: 00:09.0: reg 0x14: [mem 0x00000000-0x00000fff]
02-23 10:02:08.491     1     1 I pci 0000: 00:09.0: reg 0x20: [mem 0x00000000-0x00003fff 64bit pref]
02-23 10:02:08.491     1     1 I pci 0000: 00:0a.0: reg 0x14: [mem 0x00000000-0x00000fff]
02-23 10:02:08.491     1     1 I pci 0000: 00:0a.0: reg 0x20: [mem 0x00000000-0x00003fff 64bit pref]
02-23 10:02:08.492     1     1 I pci 0000: 00:0b.0: reg 0x10: [mem 0x00000000-0x00000fff]
02-23 10:02:08.492     1     1 I pci 0000: 00:0b.0: reg 0x14: [mem 0x00000000-0x1ffffffff 64bit]
02-23 10:02:08.492     1     1 I pci 0000: 00:0c.0: reg 0x14: [mem 0x00000000-0x00000fff]
02-23 10:02:08.492     1     1 I pci 0000: 00:0c.0: reg 0x20: [mem 0x00000000-0x00003fff 64bit pref]
02-23 10:02:08.493     1     1 I pci 0000: 00:0d.0: reg 0x14: [mem 0x00000000-0x00000fff]
02-23 10:02:08.493     1     1 I pci 0000: 00:0d.0: reg 0x20: [mem 0x00000000-0x00003fff 64bit pref]
02-23 10:02:08.493     1     1 I pci 0000: 00:0e.0: reg 0x14: [mem 0x00000000-0x00000fff]
02-23 10:02:08.493     1     1 I pci 0000: 00:0e.0: reg 0x20: [mem 0x00000000-0x00003fff 64bit pref]
02-23 10:02:08.494     1     1 I pci 0000: 00:0f.0: reg 0x14: [mem 0x00000000-0x00000fff]
02-23 10:02:08.494     1     1 I pci 0000: 00:0f.0: reg 0x20: [mem 0x00000000-0x00003fff 64bit pref]
02-23 10:02:08.494     1     1 I pci 0000: 00:10.0: reg 0x14: [mem 0x00000000-0x00000fff]
02-23 10:02:08.495     1     1 I pci 0000: 00:11.0: reg 0x14: [mem 0x00000000-0x00000fff]
02-23 10:02:08.495     1     1 I pci 0000: 00:11.0: reg 0x20: [mem 0x00000000-0x00003fff 64bit pref]
02-23 10:02:08.495     1     1 I pci 0000: 00:0b.0: BAR 1: assigned [mem 0x800000000-0x9ffffffff 64bit]
02-23 10:02:08.495     1     1 I pci 0000: 00:01.0: BAR 4: assigned [mem 0xa00000000-0xa00003fff 64bit pref]
02-23 10:02:08.495     1     1 I pci 0000: 00:02.0: BAR 4: assigned [mem 0xa00004000-0xa00007fff 64bit pref]
02-23 10:02:08.495     1     1 I pci 0000: 00:03.0: BAR 4: assigned [mem 0xa00008000-0xa0000bfff 64bit pref]
02-23 10:02:08.495     1     1 I pci 0000: 00:04.0: BAR 4: assigned [mem 0xa0000c000-0xa0000ffff 64bit pref]
02-23 10:02:08.495     1     1 I pci 0000: 00:05.0: BAR 4: assigned [mem 0xa00010000-0xa00013fff 64bit pref]
02-23 10:02:08.495     1     1 I pci 0000: 00:06.0: BAR 4: assigned [mem 0xa00014000-0xa00017fff 64bit pref]
02-23 10:02:08.495     1     1 I pci 0000: 00:07.0: BAR 4: assigned [mem 0xa00018000-0xa0001bfff 64bit pref]
02-23 10:02:08.495     1     1 I pci 0000: 00:08.0: BAR 4: assigned [mem 0xa0001c000-0xa0001ffff 64bit pref]
02-23 10:02:08.495     1     1 I pci 0000: 00:09.0: BAR 4: assigned [mem 0xa00020000-0xa00023fff 64bit pref]
02-23 10:02:08.495     1     1 I pci 0000: 00:0a.0: BAR 4: assigned [mem 0xa00024000-0xa00027fff 64bit pref]
02-23 10:02:08.496     1     1 I pci 0000: 00:0c.0: BAR 4: assigned [mem 0xa00028000-0xa0002bfff 64bit pref]
02-23 10:02:08.496     1     1 I pci 0000: 00:0d.0: BAR 4: assigned [mem 0xa0002c000-0xa0002ffff 64bit pref]
02-23 10:02:08.496     1     1 I pci 0000: 00:0e.0: BAR 4: assigned [mem 0xa00030000-0xa00033fff 64bit pref]
02-23 10:02:08.496     1     1 I pci 0000: 00:0f.0: BAR 4: assigned [mem 0xa00034000-0xa00037fff 64bit pref]
02-23 10:02:08.496     1     1 I pci 0000: 00:11.0: BAR 4: assigned [mem 0xa00038000-0xa0003bfff 64bit pref]
02-23 10:02:08.496     1     1 I pci 0000: 00:02.0: BAR 1: assigned [mem 0x10000000-0x10000fff]
02-23 10:02:08.496     1     1 I pci 0000: 00:03.0: BAR 1: assigned [mem 0x10001000-0x10001fff]
02-23 10:02:08.496     1     1 I pci 0000: 00:04.0: BAR 1: assigned [mem 0x10002000-0x10002fff]
02-23 10:02:08.496     1     1 I pci 0000: 00:05.0: BAR 1: assigned [mem 0x10003000-0x10003fff]
02-23 10:02:08.496     1     1 I pci 0000: 00:06.0: BAR 1: assigned [mem 0x10004000-0x10004fff]
02-23 10:02:08.496     1     1 I pci 0000: 00:07.0: BAR 1: assigned [mem 0x10005000-0x10005fff]
02-23 10:02:08.496     1     1 I pci 0000: 00:08.0: BAR 1: assigned [mem 0x10006000-0x10006fff]
02-23 10:02:08.496     1     1 I pci 0000: 00:09.0: BAR 1: assigned [mem 0x10007000-0x10007fff]
02-23 10:02:08.496     1     1 I pci 0000: 00:0a.0: BAR 1: assigned [mem 0x10008000-0x10008fff]
02-23 10:02:08.496     1     1 I pci 0000: 00:0b.0: BAR 0: assigned [mem 0x10009000-0x10009fff]
02-23 10:02:08.496     1     1 I pci 0000: 00:0c.0: BAR 1: assigned [mem 0x1000a000-0x1000afff]
02-23 10:02:08.496     1     1 I pci 0000: 00:0d.0: BAR 1: assigned [mem 0x1000b000-0x1000bfff]
02-23 10:02:08.496     1     1 I pci 0000: 00:0e.0: BAR 1: assigned [mem 0x1000c000-0x1000cfff]
02-23 10:02:08.496     1     1 I pci 0000: 00:0f.0: BAR 1: assigned [mem 0x1000d000-0x1000dfff]
02-23 10:02:08.496     1     1 I pci 0000: 00:10.0: BAR 1: assigned [mem 0x1000e000-0x1000efff]
02-23 10:02:08.496     1     1 I pci 0000: 00:11.0: BAR 1: assigned [mem 0x1000f000-0x1000ffff]
02-23 10:02:08.501     1     1 I ashmem  : initialized
02-23 10:02:08.513     1     1 I         : Freeing unused kernel memory: 4160K
02-23 10:02:12.660     1     1 I init    : Loaded 9 kernel modules took 47 ms
02-23 10:02:12.730     1     1 I SELinux : policy capability open_perms=1
02-23 10:02:12.736     1     1 W /system/bin/init: type=1107 audit(0.0:4): uid=0 auid=4294967295 ses=4294967295 subj=u:r:init:s0 msg='avc:  denied  { set } for property=persist.sys.usb.config pid=1 uid=0 gid=0 scontext=u:r:vendor_init:s0 tcontext=u:object_r:system_prop:s0 tclass=property_service permissive=0'
02-23 10:02:12.746     1     1 I init    : Setting property 'ro.product.cpu.abilist' to 'arm64-v8a'
02-23 10:02:12.746     1     1 I init    : Setting property 'ro.product.cpu.abilist32' to ''
02-23 10:02:12.746     1     1 I init    : Setting property 'ro.product.cpu.abilist64' to 'arm64-v8a'
02-23 10:02:12.755     1     1 I init    : Parsing file /system/etc/init/drmserver.rc...
02-23 10:02:12.767     1     1 I init    : Command 'mkdir /acct/uid' action=early-init (/system/etc/init/hw/init.rc:30) took 0ms and failed: mkdir() failed on /acct/uid: Read-only file system
02-23 10:02:12.881     1     1 I init    : Command 'setprop ro.config.low_ram ${ro.boot.config.low_ram}' action=early-init (/vendor/etc/init/hw/init.ranchu.rc:15) took 0ms and failed: property 'ro.boot.config.low_ram' doesn't exist while expanding '${ro.boot.config.low_ram}'
02-23 10:02:12.882     1     1 I init    : Command 'setprop dalvik.vm.checkjni ${ro.boot.dalvik.vm.checkjni}' action=early-init (/vendor/etc/init/hw/init.ranchu.rc:21) took 0ms and failed: property 'ro.boot.dalvik.vm.checkjni' doesn't exist while expanding '${ro.boot.dalvik.vm.checkjni}'
02-23 10:02:12.882     1     1 I init    : Command 'setprop debug.stagefright.ccodec ${ro.boot.debug.stagefright.ccodec}' action=early-init (/vendor/etc/init/hw/init.ranchu.rc:23) took 0ms and failed: property 'ro.boot.debug.stagefright.ccodec' doesn't exist while expanding '${ro.boot.debug.stagefright.ccodec}'
02-23 10:02:12.882     1     1 I init    : Command 'setprop debug.sf.nobootanimation ${ro.boot.debug.sf.nobootanimation}' action=early-init (/vendor/etc/init/hw/init.ranchu.rc:24) took 0ms and failed: property 'ro.boot.debug.sf.nobootanimation' doesn't exist while expanding '${ro.boot.debug.sf.nobootanimation}'
02-23 10:02:12.882     1     1 I init    : Command 'setprop debug.angle.feature_overrides_enabled ${ro.boot.hardware.angle_feature_overrides_enabled}' action=early-init (/vendor/etc/init/hw/init.ranchu.rc:25) took 0ms and failed: property 'ro.boot.hardware.angle_feature_overrides_enabled' doesn't exist while expanding '${ro.boot.hardware.angle_feature_overrides_enabled}'
02-23 10:02:12.882     1     1 I init    : Command 'setprop debug.angle.feature_overrides_disabled ${ro.boot.hardware.angle_feature_overrides_disabled}' action=early-init (/vendor/etc/init/hw/init.ranchu.rc:26) took 0ms and failed: property 'ro.boot.hardware.angle_feature_overrides_disabled' doesn't exist while expanding '${ro.boot.hardware.angle_feature_overrides_disabled}'
02-23 10:02:12.897     1     1 I init    : processing action (ro.product.cpu.abilist64=* && early-init) from (/vendor/etc/boringssl_self_test.zygote64.rc:1)
02-23 10:02:12.917     1     1 I init    : Command 'copy /system/etc/prop.default /dev/urandom' action=init (/system/etc/init/hw/init.rc:106) took 0ms and failed: Could not read input file '/system/etc/prop.default': open() failed: No such file or directory
02-23 10:02:12.920     1     1 I init    : Command 'write /dev/blkio/blkio.weight 1000' action=init (/system/etc/init/hw/init.rc:245) took 0ms and failed: Unable to write to file '/dev/blkio/blkio.weight': open() failed: Permission denied
02-23 10:02:12.920     1     1 I init    : Command 'write /dev/blkio/background/blkio.weight 200' action=init (/system/etc/init/hw/init.rc:246) took 0ms and failed: Unable to write to file '/dev/blkio/background/blkio.weight': open() failed: Permission denied
02-23 10:02:12.920     1     1 I init    : Command 'write /dev/blkio/blkio.group_idle 0' action=init (/system/etc/init/hw/init.rc:248) took 0ms and failed: Unable to write to file '/dev/blkio/blkio.group_idle': open() failed: Permission denied
02-23 10:02:12.920     1     1 I init    : Command 'write /dev/blkio/background/blkio.group_idle 0' action=init (/system/etc/init/hw/init.rc:249) took 0ms and failed: Unable to write to file '/dev/blkio/background/blkio.group_idle': open() failed: Permission denied
02-23 10:02:12.924     1     1 I init    : Command 'write /dev/cpu_variant:${ro.bionic.2nd_arch} ${ro.bionic.2nd_cpu_variant}' action=init (/system/etc/init/hw/init.rc:456) took 0ms and failed: property 'ro.bionic.2nd_arch' doesn't exist while expanding '/dev/cpu_variant:${ro.bionic.2nd_arch}'
02-23 10:02:12.924     1     1 I init    : Command 'chmod 0444 /dev/cpu_variant:${ro.bionic.2nd_arch}' action=init (/system/etc/init/hw/init.rc:457) took 0ms and failed: property 'ro.bionic.2nd_arch' doesn't exist while expanding '/dev/cpu_variant:${ro.bionic.2nd_arch}'
02-23 10:02:12.935   189   189 I dlkm_loader: Loading module /vendor/lib/modules/dummy-cpufreq.ko with args ''
02-23 10:02:12.936     1     1 I init    : Command 'start vndservicemanager' action=init (/system/etc/init/hw/init.rc:482) took 0ms and failed: service vndservicemanager not found
02-23 10:02:12.946   189   189 I dlkm_loader: Loaded kernel module /vendor/lib/modules/dummy-cpufreq.ko
02-23 10:02:12.954     1     1 I init    : processing action (ro.product.cpu.abilist64=* && init) from (/system/etc/init/hw/init.boringssl.zygote64.rc:1)
02-23 10:02:13.020     1     1 I init    : Command 'chown system cache /cache' action=post-fs (/system/etc/init/hw/init.rc:579) took 0ms and failed: lchown() failed: Read-only file system
02-23 10:02:13.020     1     1 I init    : Command 'chmod 0770 /cache' action=post-fs (/system/etc/init/hw/init.rc:580) took 0ms and failed: fchmodat() failed: Read-only file system
02-23 10:02:13.021     1     1 I init    : Command 'mkdir /cache/recovery 0770 system cache' action=post-fs (/system/etc/init/hw/init.rc:586) took 0ms and failed: mkdir() failed on /cache/recovery: Read-only file system
02-23 10:02:13.021     1     1 I init    : Command 'mkdir /cache/backup_stage 0700 system system' action=post-fs (/system/etc/init/hw/init.rc:589) took 0ms and failed: mkdir() failed on /cache/backup_stage: Read-only file system
02-23 10:02:13.021     1     1 I init    : Command 'mkdir /cache/backup 0700 system system' action=post-fs (/system/etc/init/hw/init.rc:590) took 0ms and failed: mkdir() failed on /cache/backup: Read-only file system
02-23 10:02:13.021     1     1 I init    : Command 'mkdir /cache/lost+found 0770 root root' action=post-fs (/system/etc/init/hw/init.rc:614) took 0ms and failed: mkdir() failed on /cache/lost+found: Read-only file system
02-23 10:02:13.047   198   198 I servicemanager: Caller(pid=230,uid=1000,sid=u:r:system_suspend:s0) Found android.system.suspend.ISystemSuspend/default in framework VINTF manifest.
02-23 10:02:13.047   199   199 I hwservicemanager: getTransport: Cannot find entry android.system.suspend@1.0::ISystemSuspend/default in either framework or device VINTF manifest.
02-23 10:02:13.059   189   189 I usb3    : We don't know the algorithms for LPM for this host, disabling LPM.
02-23 10:02:13.063   238   238 D vdc     : Waited 0ms for vold
02-23 10:02:13.100   189   189 I dlkm_loader: Loading module /vendor/lib/modules/virtio_pmem.ko with args ''
02-23 10:02:13.102   189   189 I dlkm_loader: Loaded kernel module /vendor/lib/modules/virtio_pmem.ko
02-23 10:02:13.106   189   189 I dlkm_loader: module vkms is blocklisted
02-23 10:02:13.106   189   189 E dlkm_loader: LoadWithAliases was unable to load vkms, tried: vkms
02-23 10:02:13.570     1     1 I init    : Command 'mount_all /vendor/etc/fstab.ranchu --late' action=late-fs (/vendor/etc/init/hw/init.ranchu.rc:9) took 515ms and succeeded
02-23 10:02:13.581   256   256 D vdc     : Waited 0ms for vold
02-23 10:02:13.612   125   125 I init    : Wait for property 'ro.persistent_properties.ready=true' took 1ms
02-23 10:02:13.739   126   126 I init    : Wait for property 'apexd.status=activated' took 78ms
02-23 10:02:13.788   394   394 D vdc     : Waited 0ms for vold
02-23 10:02:13.826   396   396 I derive_classpath: ParseFragments for systemserverclasspath
02-23 10:02:13.826   396   396 I derive_classpath: ReadClasspathFragment /system/etc/classpaths/systemserverclasspath.pb
02-23 10:02:13.826   396   396 I derive_classpath: ReadClasspathFragment /apex/com.android.adservices/etc/classpaths/systemserverclasspath.pb
02-23 10:02:13.826   396   396 I derive_classpath: ReadClasspathFragment /apex/com.android.appsearch/etc/classpaths/systemserverclasspath.pb
02-23 10:02:13.827   396   396 I derive_classpath: ReadClasspathFragment /apex/com.android.art/etc/classpaths/systemserverclasspath.pb
02-23 10:02:13.827   396   396 I derive_classpath: ReadClasspathFragment /apex/com.android.btservices/etc/classpaths/systemserverclasspath.pb
02-23 10:02:13.827   396   396 I derive_classpath: ReadClasspathFragment /apex/com.android.configinfrastructure/etc/classpaths/systemserverclasspath.pb
02-23 10:02:13.827   396   396 I derive_classpath: ReadClasspathFragment /apex/com.android.devicelock/etc/classpaths/systemserverclasspath.pb
02-23 10:02:13.828   396   396 I derive_classpath: ReadClasspathFragment /apex/com.android.healthfitness/etc/classpaths/systemserverclasspath.pb
02-23 10:02:13.828   396   396 I derive_classpath: ReadClasspathFragment /apex/com.android.media/etc/classpaths/systemserverclasspath.pb
02-23 10:02:13.828   396   396 I derive_classpath: ReadClasspathFragment /apex/com.android.ondevicepersonalization/etc/classpaths/systemserverclasspath.pb
02-23 10:02:13.828   396   396 I derive_classpath: ReadClasspathFragment /apex/com.android.os.statsd/etc/classpaths/systemserverclasspath.pb
02-23 10:02:13.828   396   396 I derive_classpath: ReadClasspathFragment /apex/com.android.permission/etc/classpaths/systemserverclasspath.pb
02-23 10:02:13.829   396   396 I derive_classpath: ReadClasspathFragment /apex/com.android.profiling/etc/classpaths/systemserverclasspath.pb
02-23 10:02:13.829   396   396 I derive_classpath: ReadClasspathFragment /apex/com.android.rkpd/etc/classpaths/systemserverclasspath.pb
02-23 10:02:13.829   396   396 I derive_classpath: ReadClasspathFragment /apex/com.android.scheduling/etc/classpaths/systemserverclasspath.pb
02-23 10:02:13.829   396   396 I derive_classpath: ReadClasspathFragment /apex/com.android.tethering/etc/classpaths/systemserverclasspath.pb
02-23 10:02:13.830   396   396 I derive_classpath: ReadClasspathFragment /apex/com.android.uwb/etc/classpaths/systemserverclasspath.pb
02-23 10:02:13.830   396   396 I derive_classpath: ReadClasspathFragment /apex/com.android.virt/etc/classpaths/systemserverclasspath.pb
02-23 10:02:13.830   396   396 I derive_classpath: ReadClasspathFragment /apex/com.android.wifi/etc/classpaths/systemserverclasspath.pb
02-23 10:02:13.830   396   396 I derive_classpath: export BOOTCLASSPATH /apex/com.android.art/javalib/core-oj.jar:/apex/com.android.art/javalib/core-libart.jar:/apex/com.android.art/javalib/okhttp.jar:/apex/com.android.art/javalib/bouncycastle.jar:/apex/com.android.art/javalib/apache-xml.jar:/system/framework/framework.jar:/system/framework/framework-graphics.jar:/system/framework/framework-location.jar:/system/framework/ext.jar:/system/framework/telephony-common.jar:/system/framework/voip-common.jar:/system/framework/ims-common.jar:/apex/com.android.i18n/javalib/core-icu4j.jar:/apex/com.android.adservices/javalib/framework-adservices.jar:/apex/com.android.adservices/javalib/framework-sdksandbox.jar:/apex/com.android.appsearch/javalib/framework-appsearch.jar:/apex/com.android.btservices/javalib/framework-bluetooth.jar:/apex/com.android.configinfrastructure/javalib/framework-configinfrastructure.jar:/apex/com.android.conscrypt/javalib/conscrypt.jar:/apex/com.android.devicelock/javalib/framework-devicelock.jar:/apex/com.android.healthfitness/javalib/framework-healthfitness.jar:/apex/com.android.ipsec/javalib/android.net.ipsec.ike.jar:/apex/com.android.media/javalib/updatable-media.jar:/apex/com.android.mediaprovider/javalib/framework-mediaprovider.jar:/apex/com.android.mediaprovider/javalib/framework-pdf.jar:/apex/com.android.mediaprovider/javalib/framework-pdf-v.jar:/apex/com.android.nfcservices/javalib/framework-nfc.jar:/apex/com.android.ondevicepersonalization/javalib/framework-ondevicepersonalization.jar:/apex/com.android.os.statsd/javalib/framework-statsd.jar:/apex/com.android.permission/javalib/framework-permission.jar:/apex/com.android.permission/javalib/framework-permission-s.jar:/apex/com.android.profiling/javalib/framework-profiling.jar:/apex/com.android.scheduling/javalib/framework-scheduling.jar:/apex/com.android.sdkext/javalib/framework-sdkextensions.jar:/apex/com.android.tethering/javalib/framework-connectivity.jar:/apex/com.android.tethering/javalib/framework-connectivity-t.jar:/apex/com.android.tethering/javalib/framework-tethering.jar:/apex/com.android.uwb/javalib/framework-uwb.jar:/apex/com.android.virt/javalib/framework-virtualization.jar:/apex/com.android.wifi/javalib/framework-wifi.jar
02-23 10:02:13.830   396   396 I derive_classpath: export DEX2OATBOOTCLASSPATH /apex/com.android.art/javalib/core-oj.jar:/apex/com.android.art/javalib/core-libart.jar:/apex/com.android.art/javalib/okhttp.jar:/apex/com.android.art/javalib/bouncycastle.jar:/apex/com.android.art/javalib/apache-xml.jar:/system/framework/framework.jar:/system/framework/framework-graphics.jar:/system/framework/framework-location.jar:/system/framework/ext.jar:/system/framework/telephony-common.jar:/system/framework/voip-common.jar:/system/framework/ims-common.jar:/apex/com.android.i18n/javalib/core-icu4j.jar
02-23 10:02:13.830   396   396 I derive_classpath: export SYSTEMSERVERCLASSPATH /system/framework/com.android.location.provider.jar:/system/framework/services.jar:/apex/com.android.adservices/javalib/service-adservices.jar:/apex/com.android.adservices/javalib/service-sdksandbox.jar:/apex/com.android.appsearch/javalib/service-appsearch.jar:/apex/com.android.art/javalib/service-art.jar:/apex/com.android.configinfrastructure/javalib/service-configinfrastructure.jar:/apex/com.android.healthfitness/javalib/service-healthfitness.jar:/apex/com.android.media/javalib/service-media-s.jar:/apex/com.android.ondevicepersonalization/javalib/service-ondevicepersonalization.jar:/apex/com.android.permission/javalib/service-permission.jar:/apex/com.android.rkpd/javalib/service-rkp.jar:/apex/com.android.virt/javalib/service-virtualization.jar
02-23 10:02:13.830   396   396 I derive_classpath: export STANDALONE_SYSTEMSERVER_JARS /apex/com.android.btservices/javalib/service-bluetooth.jar:/apex/com.android.devicelock/javalib/service-devicelock.jar:/apex/com.android.os.statsd/javalib/service-statsd.jar:/apex/com.android.profiling/javalib/service-profiling.jar:/apex/com.android.scheduling/javalib/service-scheduling.jar:/apex/com.android.tethering/javalib/service-connectivity.jar:/apex/com.android.uwb/javalib/service-uwb.jar:/apex/com.android.wifi/javalib/service-wifi.jar
02-23 10:02:13.963   126   126 I init    : Wait for property 'odsign.key.done=1' took 116ms
02-23 10:02:13.991     1     1 I init    : Command 'rm /data/misc/perfetto-traces/.guardraildata' action=post-fs-data (/system/etc/init/perfetto.rc:77) took 0ms and failed: unlink() failed: No such file or directory
02-23 10:02:13.995     1     1 I init    : processing action (sys.init.perf_lsm_hooks=1 && load_bpf_programs) from (/system/etc/init/hw/init.rc:1258)
02-23 10:02:13.995     1     1 I init    : processing action (load_bpf_programs) from (/system/etc/init/netbpfload.rc:17)
02-23 10:02:14.041   416   416 D NetBpfLoad: cs[17].name:recvmsg4_udp4_recvmsg min_kver:40e0000 .max_kver:ffffffff (kvers:606001e)
02-23 10:02:14.041   416   416 D NetBpfLoad: cs[17].name:recvmsg4_udp4_recvmsg requires bpfloader version [0x0002e,0x10000)
02-23 10:02:14.041   416   416 I NetBpfLoad: prog recvmsg4_udp4_recvmsg selinux_context [fs_bpf_netd_readonly            ] -> 4 -> 'fs_bpf_netd_readonly' (netd_readonly/)
02-23 10:02:14.042   416   416 D NetBpfLoad: BPF_PROG_LOAD call for /apex/com.android.tethering/etc/bpf/netd_shared/netd.o (recvmsg4_udp4_recvmsg) returned fd: 35 (no error)
02-23 10:02:14.042   416   416 I NetBpfLoad: prog /sys/fs/bpf/netd_shared/prog_netd_recvmsg4_udp4_recvmsg id 25
02-23 10:02:14.042   416   416 D NetBpfLoad: cs[18].name:recvmsg6_udp6_recvmsg min_kver:40e0000 .max_kver:ffffffff (kvers:606001e)
02-23 10:02:14.042   416   416 D NetBpfLoad: cs[18].name:recvmsg6_udp6_recvmsg requires bpfloader version [0x0002e,0x10000)
02-23 10:02:14.042   416   416 I NetBpfLoad: prog recvmsg6_udp6_recvmsg selinux_context [fs_bpf_netd_readonly            ] -> 4 -> 'fs_bpf_netd_readonly' (netd_readonly/)
02-23 10:02:14.042   416   416 D NetBpfLoad: BPF_PROG_LOAD call for /apex/com.android.tethering/etc/bpf/netd_shared/netd.o (recvmsg6_udp6_recvmsg) returned fd: 36 (no error)
02-23 10:02:14.042   416   416 I NetBpfLoad: prog /sys/fs/bpf/netd_shared/prog_netd_recvmsg6_udp6_recvmsg id 26
02-23 10:02:14.042   416   416 D NetBpfLoad: cs[19].name:sendmsg4_udp4_sendmsg min_kver:40e0000 .max_kver:ffffffff (kvers:606001e)
02-23 10:02:14.042   416   416 D NetBpfLoad: cs[19].name:sendmsg4_udp4_sendmsg requires bpfloader version [0x0002e,0x10000)
02-23 10:02:14.042   416   416 I NetBpfLoad: prog sendmsg4_udp4_sendmsg selinux_context [fs_bpf_netd_readonly            ] -> 4 -> 'fs_bpf_netd_readonly' (netd_readonly/)
02-23 10:02:14.042   416   416 D NetBpfLoad: BPF_PROG_LOAD call for /apex/com.android.tethering/etc/bpf/netd_shared/netd.o (sendmsg4_udp4_sendmsg) returned fd: 37 (no error)
02-23 10:02:14.042   416   416 I NetBpfLoad: prog /sys/fs/bpf/netd_shared/prog_netd_sendmsg4_udp4_sendmsg id 27
02-23 10:02:14.042   416   416 D NetBpfLoad: cs[20].name:sendmsg6_udp6_sendmsg min_kver:40e0000 .max_kver:ffffffff (kvers:606001e)
02-23 10:02:14.042   416   416 D NetBpfLoad: cs[20].name:sendmsg6_udp6_sendmsg requires bpfloader version [0x0002e,0x10000)
02-23 10:02:14.042   416   416 I NetBpfLoad: prog sendmsg6_udp6_sendmsg selinux_context [fs_bpf_netd_readonly            ] -> 4 -> 'fs_bpf_netd_readonly' (netd_readonly/)
02-23 10:02:14.043   416   416 D NetBpfLoad: BPF_PROG_LOAD call for /apex/com.android.tethering/etc/bpf/netd_shared/netd.o (sendmsg6_udp6_sendmsg) returned fd: 38 (no error)
02-23 10:02:14.043   416   416 I NetBpfLoad: prog /sys/fs/bpf/netd_shared/prog_netd_sendmsg6_udp6_sendmsg id 28
02-23 10:02:14.092   416   416 I BpfLoader: Platform BpfLoader loading optional ELF object /system/etc/bpf/bpfMemEventsTest.o with license GPL
02-23 10:02:14.093   416   416 D BpfLoader: map /sys/fs/bpf/map_bpfMemEventsTest_rb id 38
02-23 10:02:14.093   416   416 D BpfLoader: prog /sys/fs/bpf/prog_bpfMemEventsTest_tracepoint_oom_mark_victim id 39
02-23 10:02:14.094   416   416 D BpfLoader: prog /sys/fs/bpf/prog_bpfMemEventsTest_skfilter_oom_kill id 40
02-23 10:02:14.094   416   416 D BpfLoader: prog /sys/fs/bpf/prog_bpfMemEventsTest_skfilter_direct_reclaim_begin id 41
02-23 10:02:14.094   416   416 D BpfLoader: prog /sys/fs/bpf/prog_bpfMemEventsTest_skfilter_direct_reclaim_end id 42
02-23 10:02:14.095   416   416 D BpfLoader: prog /sys/fs/bpf/prog_bpfMemEventsTest_skfilter_kswapd_wake id 43
02-23 10:02:14.095   416   416 D BpfLoader: prog /sys/fs/bpf/prog_bpfMemEventsTest_skfilter_kswapd_sleep id 44
02-23 10:02:14.095   416   416 I BpfLoader: Platform BpfLoader loading optional ELF object /system/etc/bpf/gpuMem.o with license Apache 2.0
02-23 10:02:14.095   416   416 D BpfLoader: map /sys/fs/bpf/map_gpuMem_gpu_mem_total_map id 39
02-23 10:02:14.096   416   416 D BpfLoader: prog /sys/fs/bpf/prog_gpuMem_tracepoint_gpu_mem_gpu_mem_total id 45
02-23 10:02:14.096   416   416 I BpfLoader: Platform BpfLoader loading optional ELF object /system/etc/bpf/bpfMemEvents.o with license GPL
02-23 10:02:14.096   416   416 D BpfLoader: map /sys/fs/bpf/map_bpfMemEvents_ams_rb id 40
02-23 10:02:14.096   416   416 D BpfLoader: map /sys/fs/bpf/map_bpfMemEvents_lmkd_rb id 41
02-23 10:02:14.097   416   416 D BpfLoader: prog /sys/fs/bpf/prog_bpfMemEvents_tracepoint_oom_mark_victim_ams id 46
02-23 10:02:14.097   416   416 D BpfLoader: prog /sys/fs/bpf/prog_bpfMemEvents_tracepoint_vmscan_mm_vmscan_direct_reclaim_begin_lmkd id 47
02-23 10:02:14.098   416   416 D BpfLoader: prog /sys/fs/bpf/prog_bpfMemEvents_tracepoint_vmscan_mm_vmscan_direct_reclaim_end_lmkd id 48
02-23 10:02:14.098   416   416 D BpfLoader: prog /sys/fs/bpf/prog_bpfMemEvents_tracepoint_vmscan_mm_vmscan_kswapd_wake_lmkd id 49
02-23 10:02:14.099   416   416 D BpfLoader: prog /sys/fs/bpf/prog_bpfMemEvents_tracepoint_vmscan_mm_vmscan_kswapd_sleep_lmkd id 50
02-23 10:02:14.101   416   416 D BpfLoader: map /sys/fs/bpf/map_timeInState_cpu_last_update_map id 48
02-23 10:02:14.101   416   416 D BpfLoader: map /sys/fs/bpf/map_timeInState_cpu_last_pid_map id 49
02-23 10:02:14.101   416   416 D BpfLoader: map /sys/fs/bpf/map_timeInState_cpu_policy_map id 50
02-23 10:02:14.104   416   416 D BpfLoader: prog /sys/fs/bpf/prog_timeInState_tracepoint_power_cpu_frequency id 53
02-23 10:02:14.118     1     1 I init    : Command 'start zygote_secondary' action=zygote-start (/system/etc/init/hw/init.rc:1099) took 0ms and failed: service zygote_secondary not found
02-23 10:02:14.122     1     1 I init    : Command 'symlink /sys/fs/f2fs/${dev.mnt.dev.data} /dev/sys/fs/by-name/userdata' action=boot (/system/etc/init/hw/init.rc:1132) took 0ms and failed: property 'dev.mnt.dev.data' doesn't exist while expanding '/sys/fs/f2fs/${dev.mnt.dev.data}'
02-23 10:02:14.122     1     1 I init    : Command 'symlink /sys/class/block/${dev.mnt.dev.data} /dev/sys/block/by-name/userdata' action=boot (/system/etc/init/hw/init.rc:1137) took 0ms and failed: property 'dev.mnt.dev.data' doesn't exist while expanding '/sys/class/block/${dev.mnt.dev.data}'
02-23 10:02:14.122     1     1 I init    : Command 'symlink /sys/class/block/${dev.mnt.rootdisk.data} /dev/sys/block/by-name/rootdisk' action=boot (/system/etc/init/hw/init.rc:1138) took 0ms and failed: property 'dev.mnt.rootdisk.data' doesn't exist while expanding '/sys/class/block/${dev.mnt.rootdisk.data}'
02-23 10:02:14.123     1     1 I init    : starting service 'hidl_memory'...
02-23 10:02:14.125     1     1 I init    : ... started service 'hidl_memory' has pid 422
02-23 10:02:14.162   422   422 I HidlServiceManagement: Registered android.hidl.allocator@1.0::IAllocator/ashmem
02-23 10:02:14.217   419   419 I NetdUpdatable: BPF programs are loaded
02-23 10:02:14.240   419   419 E TcUtils : NLMSG_ERROR message return error: -2
02-23 10:02:14.240   419   419 E TcUtils : NLMSG_ERROR message return error: -2
02-23 10:02:14.240   419   419 E TcUtils : NLMSG_ERROR message return error: -2
02-23 10:02:14.240   419   419 E TcUtils : NLMSG_ERROR message return error: -2
02-23 10:02:14.240   419   419 E TcUtils : NLMSG_ERROR message return error: -2
02-23 10:02:14.240   419   419 E TcUtils : NLMSG_ERROR message return error: -2
02-23 10:02:14.240   419   419 E TcUtils : NLMSG_ERROR message return error: -2
02-23 10:02:14.240   419   419 E TcUtils : NLMSG_ERROR message return error: -2
02-23 10:02:14.240   419   419 E TcUtils : NLMSG_ERROR message return error: -2
02-23 10:02:14.240   419   419 E TcUtils : NLMSG_ERROR message return error: -2
02-23 10:02:14.240   419   419 E TcUtils : NLMSG_ERROR message return error: -2
02-23 10:02:14.240   419   419 E TcUtils : NLMSG_ERROR message return error: -2
02-23 10:02:14.240   419   419 E TcUtils : NLMSG_ERROR message return error: -2
02-23 10:02:14.240   419   419 E TcUtils : NLMSG_ERROR message return error: -2
02-23 10:02:14.240   419   419 E TcUtils : NLMSG_ERROR message return error: -2
02-23 10:02:14.240   419   419 E TcUtils : NLMSG_ERROR message return error: -2
02-23 10:02:14.245     1     1 I init    : Command 'class_start hal' action=boot (/system/etc/init/hw/init.rc:1215) took 122ms and succeeded
02-23 10:02:14.255     1     1 I init    : processing action (bootreceiver.enable=1 && ro.product.cpu.abilist64=*) from (/system/etc/init/hw/init.rc:666)
02-23 10:02:14.265     1     1 I init    : Command 'write /sys/class/android_usb/android0/enable 0' action=sys.usb.config=adb && sys.usb.configfs=0 (/system/etc/init/hw/init.usb.rc:42) took 0ms and failed: Unable to write to file '/sys/class/android_usb/android0/enable': open() failed: Permission denied
02-23 10:02:14.265     1     1 I init    : Command 'write /sys/class/android_usb/android0/idVendor 18d1' action=sys.usb.config=adb && sys.usb.configfs=0 (/system/etc/init/hw/init.usb.rc:43) took 0ms and failed: Unable to write to file '/sys/class/android_usb/android0/idVendor': open() failed: Permission denied
02-23 10:02:14.265     1     1 I init    : Command 'write /sys/class/android_usb/android0/idProduct 4EE7' action=sys.usb.config=adb && sys.usb.configfs=0 (/system/etc/init/hw/init.usb.rc:44) took 0ms and failed: Unable to write to file '/sys/class/android_usb/android0/idProduct': open() failed: Permission denied
02-23 10:02:14.265     1     1 I init    : Command 'write /sys/class/android_usb/android0/functions ${sys.usb.config}' action=sys.usb.config=adb && sys.usb.configfs=0 (/system/etc/init/hw/init.usb.rc:45) took 0ms and failed: Unable to write to file '/sys/class/android_usb/android0/functions': open() failed: Permission denied
02-23 10:02:14.265     1     1 I init    : Command 'write /sys/class/android_usb/android0/enable 1' action=sys.usb.config=adb && sys.usb.configfs=0 (/system/etc/init/hw/init.usb.rc:46) took 0ms and failed: Unable to write to file '/sys/class/android_usb/android0/enable': open() failed: Permission denied
02-23 10:02:14.268     1     1 I init    : processing action (apexd.status=ready && ro.product.cpu.abilist64=*) from (/system/etc/init/hw/init.boringssl.zygote64.rc:3)
02-23 10:02:14.288   419   419 D XfrmController: Sending Netlink XFRM Message: XFRM_MSG_FLUSHSA
02-23 10:02:14.288   419   419 D XfrmController: Sending Netlink XFRM Message: XFRM_MSG_FLUSHPOLICY
02-23 10:02:14.305     1     1 I init    : Command 'start vendor.audio-hal-aidl' action=init.svc.audioserver=running (/system/etc/init/audioserver.rc:39) took 0ms and failed: service vendor.audio-hal-aidl not found
02-23 10:02:14.305     1     1 I init    : Command 'start vendor.audio-effect-hal-aidl' action=init.svc.audioserver=running (/system/etc/init/audioserver.rc:40) took 0ms and failed: service vendor.audio-effect-hal-aidl not found
02-23 10:02:14.305     1     1 I init    : Command 'start vendor.audio-hal-4-0-msd' action=init.svc.audioserver=running (/system/etc/init/audioserver.rc:41) took 0ms and failed: service vendor.audio-hal-4-0-msd not found
02-23 10:02:14.305     1     1 I init    : Command 'start audio_proxy_service' action=init.svc.audioserver=running (/system/etc/init/audioserver.rc:42) took 0ms and failed: service audio_proxy_service not found
02-23 10:02:14.308     1     1 I init    : processing action (bootreceiver.enable=1 && ro.product.cpu.abilist64=*) from (/system/etc/init/dmesgd.rc:7)
02-23 10:02:14.309     1     1 I init    : processing action (drm.service.enabled=true) from (/system/etc/init/drmserver.rc:8)
02-23 10:02:14.312   424   424 D camera.provider.ranchu: listQemuCameras:234 found a '6C707041-05AC-0010-0008-000000000001' QEMU camera, dir=back framedims=640x480,352x288,320x240,176x144,1280x720,1280x960
02-23 10:02:14.354   526   526 V MediaUtils: physMem: 6214332416
02-23 10:02:14.533   465   465 V MediaUtils: physMem: 6214332416
02-23 10:02:14.537   525   525 I main_extractorservice: enable media.extractor memory limits
02-23 10:02:14.537   525   525 V MediaUtils: physMem: 6214332416
02-23 10:02:14.550   521   521 W cameraserver[521]: memfd_create() called without MFD_EXEC or MFD_NOEXEC_SEAL set
02-23 10:02:14.584   465   465 I AudioFlinger: operator(): Using 3000 ms as standby time
02-23 10:02:14.598   198   198 I servicemanager: Caller(pid=465,uid=1041,sid=u:r:audioserver:s0) Found android.system.suspend.ISystemSuspend/default in framework VINTF manifest.
02-23 10:02:14.600   465   465 V APM_AudioPolicyManager: setOutputDevices caller onNewAudioModulesAvailableInt[[portId:1][io:13, primary output]] device {AUDIO_DEVICE_OUT_SPEAKER, @:} delayMs 0
02-23 10:02:14.631   469   577 I RenderEngine: extensions: GL_EXT_debug_marker GL_EXT_robustness GL_OES_EGL_sync GL_OES_EGL_image GL_OES_EGL_image_external GL_OES_depth24 GL_OES_depth32 GL_OES_element_index_uint GL_OES_texture_float GL_OES_texture_float_linear GL_OES_compressed_paletted_texture GL_OES_compressed_ETC1_RGB8_texture GL_OES_depth_texture GL_OES_texture_npot GL_OES_rgb8_rgba8 GL_EXT_color_buffer_float GL_EXT_color_buffer_half_float GL_EXT_texture_format_BGRA8888 GL_APPLE_texture_format_BGRA8888 ANDROID_EMU_CHECKSUM_HELPER_v1 ANDROID_EMU_native_sync_v2 ANDROID_EMU_native_sync_v3 ANDROID_EMU_native_sync_v4 ANDROID_EMU_dma_v1 ANDROID_EMU_direct_mem ANDROID_EMU_host_composition_v1 ANDROID_EMU_host_composition_v2 ANDROID_EMU_vulkan ANDROID_EMU_deferred_vulkan_commands ANDROID_EMU_vulkan_null_optional_strings ANDROID_EMU_vulkan_create_resources_with_requirements ANDROID_EMU_YUV_Cache ANDROID_EMU_vulkan_ignored_handles ANDROID_EMU_has_shared_slots_host_memory_allocator ANDROID_EMU_vulkan_free_memory_sync ANDROID_EMU_vulkan_shader_float16_int8 ANDROI
02-23 10:02:14.631   469   577 I RenderEngine: GL_MAX_VIEWPORT_DIMS = 16384
02-23 10:02:14.646   465   571 D AudioFlinger: updateHalSupportedLatencyModes_l: thread(13) status -38 supported latency modes: { }
02-23 10:02:14.648   469   469 E HwcComposer: getPerFrameMetadataKeys failed Status(-8, EX_SERVICE_SPECIFIC): '8: '
02-23 10:02:14.660   465   465 V APM_AudioPolicyManager: setOutputDevices caller onNewAudioModulesAvailableInt[[portId:4][io:21, telephony_tx]] device {AUDIO_DEVICE_OUT_TELEPHONY_TX, @:} delayMs 0
02-23 10:02:14.661   465   581 D AudioFlinger: updateHalSupportedLatencyModes_l: thread(21) status -38 supported latency modes: { }
02-23 10:02:14.714   420   420 I zygote64: option[8]=-Xms8m
02-23 10:02:14.714   420   420 I zygote64: option[32]=-Xms64m
02-23 10:02:14.714   420   420 I zygote64: option[46]=--cpu-abilist=arm64-v8a
02-23 10:02:14.719   590   590 D BootAnimation: BootAnimationStartTiming start time: 6276ms
02-23 10:02:14.720   590   590 D BootAnimation: BootAnimationPreloadTiming start time: 6277ms
02-23 10:02:14.768   590   590 D BootAnimation: BootAnimationPreloadStopTiming start time: 6324ms
02-23 10:02:14.777   198   198 I servicemanager: Caller(pid=532,uid=1001,sid=u:r:rild:s0) Found android.system.suspend.ISystemSuspend/default in framework VINTF manifest.
02-23 10:02:14.782   198   198 I servicemanager: Caller(pid=532,uid=1001,sid=u:r:rild:s0) Found android.hardware.radio.ims.IRadioIms/slot1 in device VINTF manifest.
02-23 10:02:14.782   198   198 I servicemanager: Caller(pid=532,uid=1001,sid=u:r:rild:s0) Found android.hardware.radio.ims.IRadioIms/slot1 in device VINTF manifest.
02-23 10:02:14.782   198   198 I servicemanager: Caller(pid=532,uid=1001,sid=u:r:rild:s0) Found android.hardware.radio.ims.media.IImsMedia/default in device VINTF manifest.
02-23 10:02:14.783   198   198 I servicemanager: Caller(pid=532,uid=1001,sid=u:r:rild:s0) Found android.hardware.radio.ims.media.IImsMedia/default in device VINTF manifest.
02-23 10:02:14.994   420   420 I zygote64: Using memfd for future sealing
02-23 10:02:15.075   420   608 I zygote64: Background verification of 159 classes from boot classpath took 30.581ms
02-23 10:02:15.296   420   420 W zygote64: Core platform API violation: Llibcore/io/Memory;->peekLong(JZ)J from Lcom/android/framework/protobuf/UnsafeUtil; using reflection
02-23 10:02:15.296   420   420 W zygote64: Core platform API violation: Llibcore/io/Memory;->pokeLong(JJZ)V from Lcom/android/framework/protobuf/UnsafeUtil; using reflection
02-23 10:02:15.296   420   420 W zygote64: Core platform API violation: Llibcore/io/Memory;->pokeInt(JIZ)V from Lcom/android/framework/protobuf/UnsafeUtil; using reflection
02-23 10:02:15.296   420   420 W zygote64: Core platform API violation: Llibcore/io/Memory;->peekInt(JZ)I from Lcom/android/framework/protobuf/UnsafeUtil; using reflection
02-23 10:02:15.296   420   420 W zygote64: Core platform API violation: Llibcore/io/Memory;->pokeByte(JB)V from Lcom/android/framework/protobuf/UnsafeUtil; using reflection
02-23 10:02:15.296   420   420 W zygote64: Core platform API violation: Llibcore/io/Memory;->peekByte(J)B from Lcom/android/framework/protobuf/UnsafeUtil; using reflection
02-23 10:02:15.296   420   420 W zygote64: Core platform API violation: Llibcore/io/Memory;->pokeByteArray(J[BII)V from Lcom/android/framework/protobuf/UnsafeUtil; using reflection
02-23 10:02:15.296   420   420 W zygote64: Core platform API violation: Llibcore/io/Memory;->peekByteArray(J[BII)V from Lcom/android/framework/protobuf/UnsafeUtil; using reflection
02-23 10:02:15.394   469   577 D RenderEngine: Shader cache generated 122 shaders in 738.092712 ms
02-23 10:02:15.421   420   420 I Zygote  : ...preloaded 17758 classes in 298ms.
02-23 10:02:15.443   420   420 I Resources: ...preloaded 63 resources in 8ms.
02-23 10:02:15.444   420   420 I Resources: ...preloaded 41 resources in 0ms.
02-23 10:02:15.449   420   420 I Zygote  : Installed AndroidKeyStoreProvider in 0ms.
02-23 10:02:15.450   420   420 I Zygote  : Warmed up JCA providers in 0ms.
02-23 10:02:15.462   420   420 I zygote64: Explicit concurrent mark compact GC freed 2595KB AllocSpace bytes, 2(48KB) LOS objects, 49% free, 8169KB/15MB, paused 96us,635us total 11.841ms
02-23 10:02:15.469   420   420 I zygote64: Explicit concurrent mark compact GC freed 320KB AllocSpace bytes, 0(0B) LOS objects, 49% free, 7913KB/15MB, paused 13us,397us total 6.706ms
02-23 10:02:15.720   199   199 I hwservicemanager: getTransport: Cannot find entry android.hardware.memtrack@1.0::IMemtrack/default in either framework or device VINTF manifest.
02-23 10:02:15.721   198   198 I servicemanager: Caller(pid=615,uid=1000,sid=u:r:system_server:s0) Could not find android.hardware.memtrack.IMemtrack/default in the VINTF manifest. No alternative instances declared in VINTF.
02-23 10:02:15.741   615   615 E libpsi  : /proc/pressure/memory write failed for psi stall type 'some'; errno=22
02-23 10:02:15.741   615   615 E LowMemDetector: Failed to register psi trigger
02-23 10:02:15.797   198   198 I servicemanager: Caller(pid=615,uid=1000,sid=u:r:system_server:s0) Found android.system.suspend.ISystemSuspend/default in framework VINTF manifest.
02-23 10:02:15.960   615   615 V AconfigFlags: Read Aconfig default flag value com.android.input.flags.report_palms_to_gestures_library = true
02-23 10:02:15.960   615   615 V AconfigFlags: Read Aconfig default flag value com.android.internal.camera.flags.inject_session_params = true
02-23 10:02:15.960   615   615 V AconfigFlags: Read Aconfig default flag value com.android.internal.telephony.flags.add_rat_related_suggested_action_to_ims_registration = false
02-23 10:02:15.960   615   615 V AconfigFlags: Read Aconfig default flag value com.android.internal.telephony.flags.change_method_of_obtaining_ims_registration_radio_tech = true
02-23 10:02:15.960   615   615 V AconfigFlags: Read Aconfig default flag value com.android.internal.telephony.flags.clear_cached_ims_phone_number_when_device_lost_ims_registration = true
02-23 10:02:15.960   615   615 V AconfigFlags: Read Aconfig default flag value com.android.internal.telephony.flags.enable_aead_algorithms = true
02-23 10:02:15.960   615   615 V AconfigFlags: Read Aconfig default flag value com.android.internal.telephony.flags.esim_available_memory = true
02-23 10:02:15.960   615   615 V AconfigFlags: Read Aconfig default flag value com.android.internal.telephony.flags.force_iwlan_mms = true
02-23 10:02:15.960   615   615 V AconfigFlags: Read Aconfig default flag value com.android.internal.telephony.flags.imsi_key_retry_download_on_phone_unlock = true
02-23 10:02:15.960   615   615 V AconfigFlags: Read Aconfig default flag value com.android.internal.telephony.flags.log_mms_sms_database_access_info = true
02-23 10:02:15.960   615   615 V AconfigFlags: Read Aconfig default flag value com.android.internal.telephony.flags.mms_disabled_error = true
02-23 10:02:15.960   615   615 V AconfigFlags: Read Aconfig default flag value com.android.internal.telephony.flags.mms_get_apn_from_pdsc = false
02-23 10:02:15.960   615   615 V AconfigFlags: Read Aconfig default flag value com.android.internal.telephony.flags.notify_initial_ims_provisioning_status = true
02-23 10:02:15.961   615   615 V AconfigFlags: Read Aconfig default flag value com.android.internal.telephony.flags.set_number_of_sim_for_ims_enable = true
02-23 10:02:15.961   615   615 V AconfigFlags: Read Aconfig default flag value com.android.internal.telephony.flags.sms_domain_selection_enabled = true
