02-23 10:02:17.356   615   615 V SystemServerTimingAsync: ssm.onStartUser-0_com.android.server.wallpaper.WallpaperManagerService$Lifecycle took to complete: 0ms
02-23 10:02:17.356   615   615 D SystemServerTimingAsync: ssm.onStartUser-0_com.android.server.wallpapereffectsgeneration.WallpaperEffectsGenerationManagerService
02-23 10:02:17.356   615   615 V SystemServerTimingAsync: ssm.onStartUser-0_com.android.server.wallpapereffectsgeneration.WallpaperEffectsGenerationManagerService took to complete: 0ms
02-23 10:02:17.356   615   615 D SystemServerTimingAsync: ssm.onStartUser-0_com.android.server.audio.AudioService$Lifecycle
02-23 10:02:17.356   615   615 V SystemServerTimingAsync: ssm.onStartUser-0_com.android.server.audio.AudioService$Lifecycle took to complete: 0ms
02-23 10:02:17.356   615   615 D SystemServerTimingAsync: ssm.onStartUser-0_com.android.server.soundtrigger_middleware.SoundTriggerMiddlewareService$Lifecycle
02-23 10:02:17.356   615   615 V SystemServerTimingAsync: ssm.onStartUser-0_com.android.server.soundtrigger_middleware.SoundTriggerMiddlewareService$Lifecycle took to complete: 0ms
02-23 10:02:17.356   615   615 D SystemServerTimingAsync: ssm.onStartUser-0_com.android.server.DockObserver
02-23 10:02:17.356   615   615 V SystemServerTimingAsync: ssm.onStartUser-0_com.android.server.DockObserver took to complete: 0ms
02-23 10:02:17.356   615   615 D SystemServerTimingAsync: ssm.onStartUser-0_com.android.server.midi.MidiService$Lifecycle
02-23 10:02:17.356   615   615 V SystemServerTimingAsync: ssm.onStartUser-0_com.android.server.midi.MidiService$Lifecycle took to complete: 0ms
02-23 10:02:17.356   615   615 D SystemServerTimingAsync: ssm.onStartUser-0_com.android.server.adb.AdbService$Lifecycle
02-23 10:02:17.356   615   615 V SystemServerTimingAsync: ssm.onStartUser-0_com.android.server.adb.AdbService$Lifecycle took to complete: 0ms
02-23 10:02:17.356   615   615 D SystemServerTimingAsync: ssm.onStartUser-0_com.android.server.usb.UsbService$Lifecycle
02-23 10:02:17.356   615   615 V SystemServerTimingAsync: ssm.onStartUser-0_com.android.server.usb.UsbService$Lifecycle took to complete: 0ms
02-23 10:02:17.356   615   615 D SystemServerTimingAsync: ssm.onStartUser-0_com.android.server.SerialService$Lifecycle
02-23 10:02:17.356   615   615 V SystemServerTimingAsync: ssm.onStartUser-0_com.android.server.SerialService$Lifecycle took to complete: 0ms
02-23 10:02:17.356   615   615 D SystemServerTimingAsync: ssm.onStartUser-0_com.android.server.twilight.TwilightService
02-23 10:02:17.356   615   615 V SystemServerTimingAsync: ssm.onStartUser-0_com.android.server.twilight.TwilightService took to complete: 0ms
02-23 10:02:17.356   615   615 D SystemServerTimingAsync: ssm.onStartUser-0_com.android.server.display.color.ColorDisplayService
02-23 10:02:17.356   615   615 V SystemServerTimingAsync: ssm.onStartUser-0_com.android.server.display.color.ColorDisplayService took to complete: 0ms
02-23 10:02:17.356   615   615 D SystemServerTimingAsync: ssm.onStartUser-0_com.android.server.job.JobSchedulerService
02-23 10:02:17.356   615   615 V SystemServerTimingAsync: ssm.onStartUser-0_com.android.server.job.JobSchedulerService took to complete: 0ms
02-23 10:02:17.356   615   615 D SystemServerTimingAsync: ssm.onStartUser-0_com.android.server.soundtrigger.SoundTriggerService
02-23 10:02:17.356   615   615 V SystemServerTimingAsync: ssm.onStartUser-0_com.android.server.soundtrigger.SoundTriggerService took to complete: 0ms
02-23 10:02:17.356   615   615 D SystemServerTimingAsync: ssm.onStartUser-0_com.android.server.trust.TrustManagerService
02-23 10:02:17.356   615   615 V SystemServerTimingAsync: ssm.onStartUser-0_com.android.server.trust.TrustManagerService took to complete: 0ms
02-23 10:02:17.356   615   615 D SystemServerTimingAsync: ssm.onStartUser-0_com.android.server.backup.BackupManagerService$Lifecycle
02-23 10:02:17.356   615   615 V SystemServerTimingAsync: ssm.onStartUser-0_com.android.server.backup.BackupManagerService$Lifecycle took to complete: 0ms
02-23 10:02:17.356   615   615 D SystemServerTimingAsync: ssm.onStartUser-0_com.android.server.appwidget.AppWidgetService
02-23 10:02:17.356   615   615 V SystemServerTimingAsync: ssm.onStartUser-0_com.android.server.appwidget.AppWidgetService took to complete: 0ms
02-23 10:02:17.356   615   615 D SystemServerTimingAsync: ssm.onStartUser-0_com.android.server.voiceinteraction.VoiceInteractionManagerService
02-23 10:02:17.361   419   419 I netd    : tetherGetStats() -> {[]} <0.21ms>
02-23 10:02:17.362   590   603 D EGL_emulation: app_time_stats: avg=41.03ms min=1.43ms max=1540.76ms count=61
02-23 10:02:17.366   887   926 V WindowManagerShell: 	DisplayChangeController init took 1ms
02-23 10:02:17.366   887   926 V WindowManagerShell: 	DisplayController init took 0ms
02-23 10:02:17.367   887   926 V WindowManagerShell: 	DisplayInsetsController init took 0ms
02-23 10:02:17.367   887   926 V WindowManagerShell: 	DisplayImeController init took 0ms
02-23 10:02:17.367   887   926 V WindowManagerShell: 	ShellController init took 1ms
02-23 10:02:17.367   887   926 V WindowManagerShell: 	CompatUIController init took 0ms
02-23 10:02:17.367   887   926 V WindowManagerShell: 	TaskStackTransitionObserver init took 0ms
02-23 10:02:17.367   887   926 V WindowManagerShell: 	RecentTasksController init took 0ms
02-23 10:02:17.369   615   937 D GameManagerService: User ID '0' does not have a Game Mode selected for package: 'com.google.android.networkstack'
02-23 10:02:17.369   615   892 W ZygoteProcess: Got error connecting to zygote, retrying. msg= Connection refused
02-23 10:02:17.370   887   926 V WindowManagerShell: 	ShellTaskOrganizer init took 2ms
02-23 10:02:17.372   887   926 V WindowManagerShell: 	OneHandedController init took 3ms
02-23 10:02:17.373   887   926 V WindowManagerShell: 	RootTaskDisplayAreaOrganizer init took 1ms
02-23 10:02:17.376   615   615 V SystemServerTimingAsync: ssm.onStartUser-0_com.android.server.voiceinteraction.VoiceInteractionManagerService took to complete: 20ms
02-23 10:02:17.376   615   615 D SystemServerTimingAsync: ssm.onStartUser-0_com.android.server.GestureLauncherService
02-23 10:02:17.376   615   615 V SystemServerTimingAsync: ssm.onStartUser-0_com.android.server.GestureLauncherService took to complete: 0ms
02-23 10:02:17.376   615   615 D SystemServerTimingAsync: ssm.onStartUser-0_com.android.server.SensorNotificationService
02-23 10:02:17.376   615   615 V SystemServerTimingAsync: ssm.onStartUser-0_com.android.server.SensorNotificationService took to complete: 0ms
02-23 10:02:17.376   615   615 D SystemServerTimingAsync: ssm.onStartUser-0_com.android.server.emergency.EmergencyAffordanceService
02-23 10:02:17.376   615   615 V SystemServerTimingAsync: ssm.onStartUser-0_com.android.server.emergency.EmergencyAffordanceService took to complete: 0ms
02-23 10:02:17.376   615   615 D SystemServerTimingAsync: ssm.onStartUser-0_com.android.server.blob.BlobStoreManagerService
02-23 10:02:17.376   615   615 V SystemServerTimingAsync: ssm.onStartUser-0_com.android.server.blob.BlobStoreManagerService took to complete: 0ms
02-23 10:02:17.376   615   615 D SystemServerTimingAsync: ssm.onStartUser-0_com.android.server.dreams.DreamManagerService
02-23 10:02:17.376   615   615 V SystemServerTimingAsync: ssm.onStartUser-0_com.android.server.dreams.DreamManagerService took to complete: 0ms
02-23 10:02:17.376   615   615 D SystemServerTimingAsync: ssm.onStartUser-0_com.android.server.print.PrintManagerService
02-23 10:02:17.376   615   615 V SystemServerTimingAsync: ssm.onStartUser-0_com.android.server.print.PrintManagerService took to complete: 0ms
02-23 10:02:17.376   615   615 D SystemServerTimingAsync: ssm.onStartUser-0_com.android.server.security.AttestationVerificationManagerService
02-23 10:02:17.376   615   615 V SystemServerTimingAsync: ssm.onStartUser-0_com.android.server.security.AttestationVerificationManagerService took to complete: 0ms
02-23 10:02:17.376   615   615 D SystemServerTimingAsync: ssm.onStartUser-0_com.android.server.companion.CompanionDeviceManagerService
02-23 10:02:17.376   615   615 V SystemServerTimingAsync: ssm.onStartUser-0_com.android.server.companion.CompanionDeviceManagerService took to complete: 0ms
02-23 10:02:17.376   615   615 D SystemServerTimingAsync: ssm.onStartUser-0_com.android.server.companion.virtual.VirtualDeviceManagerService
02-23 10:02:17.376   615   615 V SystemServerTimingAsync: ssm.onStartUser-0_com.android.server.companion.virtual.VirtualDeviceManagerService took to complete: 0ms
02-23 10:02:17.376   615   615 D SystemServerTimingAsync: ssm.onStartUser-0_com.android.server.restrictions.RestrictionsManagerService
02-23 10:02:17.376   615   615 V SystemServerTimingAsync: ssm.onStartUser-0_com.android.server.restrictions.RestrictionsManagerService took to complete: 0ms
02-23 10:02:17.376   615   615 D SystemServerTimingAsync: ssm.onStartUser-0_com.android.server.media.MediaSessionService
02-23 10:02:17.376   615   615 V SystemServerTimingAsync: ssm.onStartUser-0_com.android.server.media.MediaSessionService took to complete: 0ms
02-23 10:02:17.376   615   615 D SystemServerTimingAsync: ssm.onStartUser-0_com.android.server.media.MediaResourceMonitorService
02-23 10:02:17.376   615   615 V SystemServerTimingAsync: ssm.onStartUser-0_com.android.server.media.MediaResourceMonitorService took to complete: 0ms
02-23 10:02:17.376   615   615 D SystemServerTimingAsync: ssm.onStartUser-0_com.android.server.biometrics.sensors.face.FaceService
02-23 10:02:17.376   615   615 V SystemServerTimingAsync: ssm.onStartUser-0_com.android.server.biometrics.sensors.face.FaceService took to complete: 0ms
02-23 10:02:17.376   615   615 D SystemServerTimingAsync: ssm.onStartUser-0_com.android.server.biometrics.sensors.fingerprint.FingerprintService
02-23 10:02:17.376   615   615 V SystemServerTimingAsync: ssm.onStartUser-0_com.android.server.biometrics.sensors.fingerprint.FingerprintService took to complete: 0ms
02-23 10:02:17.376   615   615 D SystemServerTimingAsync: ssm.onStartUser-0_com.android.server.biometrics.BiometricService
02-23 10:02:17.376   615   615 V SystemServerTimingAsync: ssm.onStartUser-0_com.android.server.biometrics.BiometricService took to complete: 0ms
02-23 10:02:17.376   615   615 D SystemServerTimingAsync: ssm.onStartUser-0_com.android.server.biometrics.AuthService
02-23 10:02:17.376   615   615 V SystemServerTimingAsync: ssm.onStartUser-0_com.android.server.biometrics.AuthService took to complete: 0ms
02-23 10:02:17.376   615   615 D SystemServerTimingAsync: ssm.onStartUser-0_com.android.server.adaptiveauth.AdaptiveAuthService
02-23 10:02:17.376   615   615 V SystemServerTimingAsync: ssm.onStartUser-0_com.android.server.adaptiveauth.AdaptiveAuthService took to complete: 0ms
02-23 10:02:17.376   615   615 D SystemServerTimingAsync: ssm.onStartUser-0_com.android.server.pm.ShortcutService$Lifecycle
02-23 10:02:17.376   615   615 V SystemServerTimingAsync: ssm.onStartUser-0_com.android.server.pm.ShortcutService$Lifecycle took to complete: 0ms
02-23 10:02:17.376   615   615 D SystemServerTimingAsync: ssm.onStartUser-0_com.android.server.pm.LauncherAppsService
02-23 10:02:17.376   615   615 V SystemServerTimingAsync: ssm.onStartUser-0_com.android.server.pm.LauncherAppsService took to complete: 0ms
02-23 10:02:17.376   615   615 D SystemServerTimingAsync: ssm.onStartUser-0_com.android.server.pm.CrossProfileAppsService
02-23 10:02:17.376   615   615 V SystemServerTimingAsync: ssm.onStartUser-0_com.android.server.pm.CrossProfileAppsService took to complete: 0ms
02-23 10:02:17.376   615   615 D SystemServerTimingAsync: ssm.onStartUser-0_com.android.server.people.PeopleService
02-23 10:02:17.376   615   615 V SystemServerTimingAsync: ssm.onStartUser-0_com.android.server.people.PeopleService took to complete: 0ms
02-23 10:02:17.376   615   615 D SystemServerTimingAsync: ssm.onStartUser-0_com.android.server.media.metrics.MediaMetricsManagerService
02-23 10:02:17.376   615   615 V SystemServerTimingAsync: ssm.onStartUser-0_com.android.server.media.metrics.MediaMetricsManagerService took to complete: 0ms
02-23 10:02:17.376   615   615 D SystemServerTimingAsync: ssm.onStartUser-0_com.android.server.pm.BackgroundInstallControlService
02-23 10:02:17.376   615   615 V SystemServerTimingAsync: ssm.onStartUser-0_com.android.server.pm.BackgroundInstallControlService took to complete: 0ms
02-23 10:02:17.376   615   615 D SystemServerTimingAsync: ssm.onStartUser-0_com.android.server.media.projection.MediaProjectionManagerService
02-23 10:02:17.376   615   615 V SystemServerTimingAsync: ssm.onStartUser-0_com.android.server.media.projection.MediaProjectionManagerService took to complete: 0ms
02-23 10:02:17.376   615   615 D SystemServerTimingAsync: ssm.onStartUser-0_com.android.server.slice.SliceManagerService$Lifecycle
02-23 10:02:17.376   615   615 V SystemServerTimingAsync: ssm.onStartUser-0_com.android.server.slice.SliceManagerService$Lifecycle took to complete: 0ms
02-23 10:02:17.376   615   615 D SystemServerTimingAsync: ssm.onStartUser-0_com.android.server.stats.StatsCompanion$Lifecycle
02-23 10:02:17.376   615   615 V SystemServerTimingAsync: ssm.onStartUser-0_com.android.server.stats.StatsCompanion$Lifecycle took to complete: 0ms
02-23 10:02:17.376   615   615 D SystemServerTimingAsync: ssm.onStartUser-0_com.android.server.scheduling.RebootReadinessManagerService$Lifecycle
02-23 10:02:17.376   615   615 V SystemServerTimingAsync: ssm.onStartUser-0_com.android.server.scheduling.RebootReadinessManagerService$Lifecycle took to complete: 0ms
02-23 10:02:17.376   615   615 D SystemServerTimingAsync: ssm.onStartUser-0_com.android.server.stats.pull.StatsPullAtomService
02-23 10:02:17.376   615   615 V SystemServerTimingAsync: ssm.onStartUser-0_com.android.server.stats.pull.StatsPullAtomService took to complete: 0ms
02-23 10:02:17.376   615   615 D SystemServerTimingAsync: ssm.onStartUser-0_com.android.server.stats.bootstrap.StatsBootstrapAtomService$Lifecycle
02-23 10:02:17.376   615   615 V SystemServerTimingAsync: ssm.onStartUser-0_com.android.server.stats.bootstrap.StatsBootstrapAtomService$Lifecycle took to complete: 0ms
02-23 10:02:17.376   615   615 D SystemServerTimingAsync: ssm.onStartUser-0_com.android.server.incident.IncidentCompanionService
02-23 10:02:17.376   615   615 V SystemServerTimingAsync: ssm.onStartUser-0_com.android.server.incident.IncidentCompanionService took to complete: 0ms
02-23 10:02:17.376   615   615 D SystemServerTimingAsync: ssm.onStartUser-0_com.android.server.sdksandbox.SdkSandboxManagerService$Lifecycle
02-23 10:02:17.376   615   615 V SystemServerTimingAsync: ssm.onStartUser-0_com.android.server.sdksandbox.SdkSandboxManagerService$Lifecycle took to complete: 0ms
02-23 10:02:17.376   615   615 D SystemServerTimingAsync: ssm.onStartUser-0_com.android.server.adservices.AdServicesManagerService$Lifecycle
02-23 10:02:17.376   615   615 V SystemServerTimingAsync: ssm.onStartUser-0_com.android.server.adservices.AdServicesManagerService$Lifecycle took to complete: 0ms
02-23 10:02:17.376   615   615 D SystemServerTimingAsync: ssm.onStartUser-0_com.android.server.ondevicepersonalization.OnDevicePersonalizationSystemService$Lifecycle
02-23 10:02:17.376   615   615 V SystemServerTimingAsync: ssm.onStartUser-0_com.android.server.ondevicepersonalization.OnDevicePersonalizationSystemService$Lifecycle took to complete: 0ms
02-23 10:02:17.376   615   615 D SystemServerTimingAsync: ssm.onStartUser-0_android.os.profiling.ProfilingService$Lifecycle
02-23 10:02:17.376   615   615 V SystemServerTimingAsync: ssm.onStartUser-0_android.os.profiling.ProfilingService$Lifecycle took to complete: 0ms
02-23 10:02:17.376   615   615 D SystemServerTimingAsync: ssm.onStartUser-0_com.android.server.MmsServiceBroker
02-23 10:02:17.376   615   615 V SystemServerTimingAsync: ssm.onStartUser-0_com.android.server.MmsServiceBroker took to complete: 0ms
02-23 10:02:17.376   615   615 D SystemServerTimingAsync: ssm.onStartUser-0_com.android.server.autofill.AutofillManagerService
02-23 10:02:17.376   615   615 V SystemServerTimingAsync: ssm.onStartUser-0_com.android.server.autofill.AutofillManagerService took to complete: 0ms
02-23 10:02:17.376   615   615 D SystemServerTimingAsync: ssm.onStartUser-0_com.android.server.credentials.CredentialManagerService
02-23 10:02:17.376   615   615 V SystemServerTimingAsync: ssm.onStartUser-0_com.android.server.credentials.CredentialManagerService took to complete: 0ms
02-23 10:02:17.376   615   615 D SystemServerTimingAsync: ssm.onStartUser-0_com.android.server.translation.TranslationManagerService
02-23 10:02:17.376   615   615 V SystemServerTimingAsync: ssm.onStartUser-0_com.android.server.translation.TranslationManagerService took to complete: 0ms
02-23 10:02:17.376   615   615 D SystemServerTimingAsync: ssm.onStartUser-0_com.android.server.clipboard.ClipboardService
02-23 10:02:17.376   615   615 V SystemServerTimingAsync: ssm.onStartUser-0_com.android.server.clipboard.ClipboardService took to complete: 0ms
02-23 10:02:17.376   615   615 D SystemServerTimingAsync: ssm.onStartUser-0_com.android.server.appbinding.AppBindingService$Lifecycle
02-23 10:02:17.376   615   615 V SystemServerTimingAsync: ssm.onStartUser-0_com.android.server.appbinding.AppBindingService$Lifecycle took to complete: 0ms
02-23 10:02:17.376   615   615 D SystemServerTimingAsync: ssm.onStartUser-0_com.android.server.tracing.TracingServiceProxy
02-23 10:02:17.376   615   615 V SystemServerTimingAsync: ssm.onStartUser-0_com.android.server.tracing.TracingServiceProxy took to complete: 0ms
02-23 10:02:17.376   615   615 D SystemServerTimingAsync: ssm.onStartUser-0_com.android.server.policy.PermissionPolicyService
02-23 10:02:17.376   615   615 V SystemServerTimingAsync: ssm.onStartUser-0_com.android.server.policy.PermissionPolicyService took to complete: 0ms
02-23 10:02:17.376   615   615 D SystemServerTimingAsync: ssm.onStartUser-0_com.android.server.pm.StagingManager$Lifecycle
02-23 10:02:17.376   615   615 V SystemServerTimingAsync: ssm.onStartUser-0_com.android.server.pm.StagingManager$Lifecycle took to complete: 0ms
02-23 10:02:17.376   615   615 D SystemServerTimingAsync: ssm.onStartUser-0_com.android.server.app.GameManagerService$Lifecycle
02-23 10:02:17.376   615   615 D GameManagerService: Starting user 0
02-23 10:02:17.377   887   926 V WindowManagerShell: 	DefaultTransitionHandler init took 3ms
02-23 10:02:17.381   615   615 V SystemServerTimingAsync: ssm.onStartUser-0_com.android.server.app.GameManagerService$Lifecycle took to complete: 5ms
02-23 10:02:17.381   615   615 D SystemServerTimingAsync: ssm.onStartUser-0_com.android.safetycenter.SafetyCenterService
02-23 10:02:17.381   615   615 V SystemServerTimingAsync: ssm.onStartUser-0_com.android.safetycenter.SafetyCenterService took to complete: 0ms
02-23 10:02:17.381   615   615 D SystemServerTimingAsync: ssm.onStartUser-0_com.android.server.appsearch.AppSearchModule$Lifecycle
02-23 10:02:17.381   615   615 V SystemServerTimingAsync: ssm.onStartUser-0_com.android.server.appsearch.AppSearchModule$Lifecycle took to complete: 0ms
02-23 10:02:17.381   615   615 D SystemServerTimingAsync: ssm.onStartUser-0_com.android.server.media.MediaCommunicationService
02-23 10:02:17.381   615   615 V SystemServerTimingAsync: ssm.onStartUser-0_com.android.server.media.MediaCommunicationService took to complete: 0ms
02-23 10:02:17.381   615   615 D SystemServerTimingAsync: ssm.onStartUser-0_com.android.server.compat.overrides.AppCompatOverridesService$Lifecycle
02-23 10:02:17.381   615   615 V SystemServerTimingAsync: ssm.onStartUser-0_com.android.server.compat.overrides.AppCompatOverridesService$Lifecycle took to complete: 0ms
02-23 10:02:17.381   615   615 D SystemServerTimingAsync: ssm.onStartUser-0_com.android.server.healthconnect.HealthConnectManagerService
02-23 10:02:17.381   615   615 V SystemServerTimingAsync: ssm.onStartUser-0_com.android.server.healthconnect.HealthConnectManagerService took to complete: 0ms
02-23 10:02:17.381   615   615 D SystemServerTimingAsync: ssm.onStartUser-0_com.android.server.devicelock.DeviceLockService
02-23 10:02:17.381   615   615 V SystemServerTimingAsync: ssm.onStartUser-0_com.android.server.devicelock.DeviceLockService took to complete: 0ms
02-23 10:02:17.381   615   615 D SystemServerTimingAsync: ssm.onStartUser-0_com.android.server.SensitiveContentProtectionManagerService
02-23 10:02:17.381   615   615 V SystemServerTimingAsync: ssm.onStartUser-0_com.android.server.SensitiveContentProtectionManagerService took to complete: 0ms
02-23 10:02:17.381   615   615 V SystemServerTimingAsync: ssm.StartUser-0 took to complete: 36ms
02-23 10:02:17.381   615   615 D SystemServerTiming: startPersistentApps
02-23 10:02:17.381   887   926 V WindowManagerShell: 	Transitions init took 5ms
02-23 10:02:17.381   887   926 V WindowManagerShell: 	DragAndDropController init took 0ms
02-23 10:02:17.382   615   615 V SystemServerTiming: startPersistentApps took to complete: 1ms
02-23 10:02:17.382   615   615 D SystemServerTiming: startHomeOnAllDisplays
02-23 10:02:17.385   419   419 I netd    : tetherGetStats() -> {[]} <0.16ms>
02-23 10:02:17.401   419   419 I netd    : tetherGetStats() -> {[]} <0.16ms>
02-23 10:02:17.404   419   419 I netd    : tetherGetStats() -> {[]} <0.14ms>
02-23 10:02:17.410   419   419 I netd    : tetherGetStats() -> {[]} <0.15ms>
02-23 10:02:17.413   615   668 D StatsPullAtomService: ENABLE_MOBILE_DATA_STATS_AGGREGATED_PULLER = true
02-23 10:02:17.416   419   419 I netd    : tetherGetStats() -> {[]} <0.17ms>
02-23 10:02:17.506   615   615 V SystemServerTiming: startHomeOnAllDisplays took to complete: 124ms
02-23 10:02:17.506   615   615 D SystemServerTiming: sendUserStartBroadcast
02-23 10:02:17.506   615   615 D SystemServerTiming: broadcastIntent-0-android.intent.action.USER_STARTED
02-23 10:02:17.506   615   615 V SystemServerTiming: broadcastIntent-0-android.intent.action.USER_STARTED took to complete: 0ms
02-23 10:02:17.506   615   615 D SystemServerTiming: broadcastIntent--1-android.intent.action.USER_STARTING
02-23 10:02:17.506   615   615 V SystemServerTiming: broadcastIntent--1-android.intent.action.USER_STARTING took to complete: 0ms
02-23 10:02:17.506   615   615 V SystemServerTiming: sendUserStartBroadcast took to complete: 0ms
02-23 10:02:17.506   615   615 D SystemServerTiming: resumeTopActivities
02-23 10:02:17.507   615   615 V SystemServerTiming: resumeTopActivities took to complete: 0ms
02-23 10:02:17.507   615   615 D SystemServerTiming: sendUserSwitchBroadcasts
02-23 10:02:17.507   615   615 D SystemServerTiming: broadcastIntent-0-android.intent.action.USER_FOREGROUND
02-23 10:02:17.507   615   615 V SystemServerTiming: broadcastIntent-0-android.intent.action.USER_FOREGROUND took to complete: 0ms
02-23 10:02:17.507   615   615 D SystemServerTiming: broadcastIntent--1-android.intent.action.USER_SWITCHED
02-23 10:02:17.507   615   615 V SystemServerTiming: broadcastIntent--1-android.intent.action.USER_SWITCHED took to complete: 0ms
02-23 10:02:17.507   615   615 V SystemServerTiming: sendUserSwitchBroadcasts took to complete: 0ms
02-23 10:02:17.507   615   615 D SystemServerTiming: setBinderProxies
02-23 10:02:17.508   615   615 V SystemServerTiming: setBinderProxies took to complete: 0ms
02-23 10:02:17.508   615   615 V SystemServerTiming: ActivityManagerStartApps took to complete: 162ms
02-23 10:02:17.508   615   615 D SystemServerTiming: componentAlias
02-23 10:02:17.508   615   615 V SystemServerTiming: componentAlias took to complete: 1ms
02-23 10:02:17.508   615   615 V SystemServerTiming: PhaseActivityManagerReady took to complete: 371ms
02-23 10:02:17.508   615   615 D SystemServerTiming: LockSettingsThirdPartyAppsStarted
02-23 10:02:17.508   615   615 V SystemServerTiming: LockSettingsThirdPartyAppsStarted took to complete: 0ms
02-23 10:02:17.508   615   615 D SystemServerTiming: StartSystemUI
02-23 10:02:17.509   615   669 W system_server: Long monitor contention with owner main (615) at int com.android.server.am.UserController$Injector.broadcastIntent(android.content.Intent, java.lang.String, android.content.IIntentReceiver, int, java.lang.String, android.os.Bundle, java.lang.String[], int, android.os.Bundle, boolean, int, int, int, int, int)(UserController.java:3799) waiters=1 in boolean com.android.server.am.BroadcastQueueModernImpl.lambda$new$0(android.os.Message) for 127ms
02-23 10:02:17.509   615   615 V SystemServerTiming: StartSystemUI took to complete: 1ms
02-23 10:02:17.509   615   615 V SystemServerTiming: startOtherServices took to complete: 1040ms
02-23 10:02:17.509   615   615 D SystemServerTiming: startApexServices
02-23 10:02:17.509   615   615 D SystemServerTiming: starting com.android.server.scheduling.RebootReadinessManagerService$Lifecycle
02-23 10:02:17.509   615   615 I SystemServiceManager: Starting com.android.server.scheduling.RebootReadinessManagerService$Lifecycle
02-23 10:02:17.509   615   615 I SystemServiceManager: Not starting an already started service com.android.server.scheduling.RebootReadinessManagerService$Lifecycle
02-23 10:02:17.509   615   615 V SystemServerTiming: starting com.android.server.scheduling.RebootReadinessManagerService$Lifecycle took to complete: 0ms
02-23 10:02:17.509   615   615 V SystemServerTiming: startApexServices took to complete: 0ms
02-23 10:02:17.509   615   615 D SystemServerTiming: UpdateWatchdogTimeout
02-23 10:02:17.509   615   615 V SystemServerTiming: UpdateWatchdogTimeout took to complete: 0ms
02-23 10:02:17.509   615   615 V SystemServerTiming: StartServices took to complete: 1846ms
02-23 10:02:17.511   615   615 W Looper  : Slow delivery took 1607ms main h=android.app.PropertyInvalidatedCache$AutoCorker$1 c=null m=0
02-23 10:02:17.514   615   704 W ActivityManager: Slow operation: 133ms so far, now at startProcess: done updating battery stats
02-23 10:02:17.514   615   704 W ActivityManager: Slow operation: 133ms so far, now at startProcess: building log message
02-23 10:02:17.514   615   704 W ActivityManager: Slow operation: 133ms so far, now at startProcess: starting to update pids map
02-23 10:02:17.514   615   704 W ActivityManager: Slow operation: 133ms so far, now at startProcess: done updating pids map
02-23 10:02:17.516   615   661 I DisplayDeviceRepository: Display device changed: DisplayDeviceInfo{"Built-in Screen": uniqueId="local:4619827259835644672", 1080 x 2340, modeId 1, renderFrameRate 60.000004, defaultModeId 1, userPreferredModeId -1, supportedModes [{id=1, width=1080, height=2340, fps=60.000004, vsync=60.000004, synthetic=false, alternativeRefreshRates=[], supportedHdrTypes=[]}], colorMode 0, supportedColorModes [0], hdrCapabilities HdrCapabilities{mSupportedHdrTypes=[], mMaxLuminance=500.0, mMaxAverageLuminance=500.0, mMinLuminance=0.0}, allmSupported false, gameContentTypeSupported false, density 440, 440.0 x 440.0 dpi, appVsyncOff 1000000, presDeadline 16666666, cutout DisplayCutout{insets=Rect(0, 136 - 0, 0) waterfall=Insets{left=0, top=0, right=0, bottom=0} boundingRect={Bounds=[Rect(0, 0 - 0, 0), Rect(0, 0 - 136, 136), Rect(0, 0 - 0, 0), Rect(0, 0 - 0, 0)]} cutoutPathParserInfo={CutoutPathParserInfo{displayWidth=1080 displayHeight=2340 physicalDisplayWidth=1080 physicalDisplayHeight=2340 density={2.75} cutoutSpec={M 40,83 a 42.75,42.75 0 1 0 85.5,0 42.75,42.75 0 1 0 -85.5,0 Z @left} rotation={0} scale={1.0} physicalPixelDisplaySizeRatio={1.0}}} sideOverrides={}}, touch INTERNAL, rotation 0, type INTERNAL, address {port=0, model=0x401cec6a7a2b7b}, deviceProductInfo DeviceProductInfo{name=EMU_display_0, manufacturerPnpId=GGL, productId=1, modelYear=null, manufactureDate=ManufactureDate{week=27, year=2006}, connectionToSinkType=0}, state ON, committedState ON, frameRateOverride , brightnessMinimum 0.0, brightnessMaximum 1.0, brightnessDefault 0.39763778, hdrSdrRatio NaN, FLAG_ALLOWED_TO_BE_DEFAULT_DISPLAY, FLAG_ROTATES_WITH_CONTENT, FLAG_SECURE, FLAG_SUPPORTS_PROTECTED_BUFFERS, FLAG_TRUSTED, installOrientation 0, displayShape DisplayShape{ spec=-1084927657 displayWidth=1080 displayHeight=2340 physicalPixelDisplaySizeRatio=1.0 rotation=0 offsetX=0 offsetY=0 scale=1.0}}
02-23 10:02:17.517   887   926 V WindowManagerShell: 	BubbleController init took 136ms
02-23 10:02:17.517   419   419 I netd    : tetherGetStats() -> {[]} <0.35ms>
02-23 10:02:17.517   615   670 W ActivityManager: Slow operation: 134ms so far, now at startProcess: asking zygote to start proc
02-23 10:02:17.521   615   615 D ConditionProviders.SCP: evaluateSubscriptionLocked cal=ScheduleCalendar[mDays={1, 2, 3, 4, 5, 6, 7}, mSchedule=ScheduleInfo{days=[1, 2, 3, 4, 5, 6, 7], startHour=22, startMinute=0, endHour=7, endMinute=0, exitAtAlarm=true, nextAlarm=Wed Dec 31 19:00:00 EST 1969 (0)}], now=Mon Feb 23 10:02:17 EST 2026 (1771858937517), nextUserAlarmTime=Wed Dec 31 19:00:00 EST 1969 (0)
02-23 10:02:17.523   615   615 D ConditionProviders.SCP: Scheduling evaluate for Mon Feb 23 22:00:00 EST 2026 (1771902000000), in +11h57m42s483ms, now=Mon Feb 23 10:02:17 EST 2026 (1771858937517)
02-23 10:02:17.524   615   670 W ActivityManager: Slow operation: 142ms so far, now at startProcess: returned from zygote!
02-23 10:02:17.528   615   670 W ActivityManager: Slow operation: 146ms so far, now at startProcess: done updating battery stats
02-23 10:02:17.530   615   670 W ActivityManager: Slow operation: 148ms so far, now at startProcess: building log message
02-23 10:02:17.531   615   670 W ActivityManager: Slow operation: 149ms so far, now at startProcess: starting to update pids map
02-23 10:02:17.531   615   670 W ActivityManager: Slow operation: 149ms so far, now at startProcess: done updating pids map
02-23 10:02:17.533   887   926 V WindowManagerShell: 	SplitScreenController init took 15ms
02-23 10:02:17.533   887   926 V WindowManagerShell: 	FullscreenTaskListener init took 1ms
02-23 10:02:17.533   887   926 V WindowManagerShell: 	FreeformTaskTransitionHandler init took 0ms
02-23 10:02:17.533   887   926 V WindowManagerShell: 	RecentsTransitionHandler init took 0ms
02-23 10:02:17.533   887   926 V WindowManagerShell: 	ActivityEmbeddingController init took 0ms
02-23 10:02:17.533   887   926 V WindowManagerShell: 	PipTransition init took 0ms
02-23 10:02:17.534   887   926 V WindowManagerShell: 	PerfHintController init took 1ms
02-23 10:02:17.536   887   926 V WindowManagerShell: 	PipTransition init took 0ms
02-23 10:02:17.536   887   926 V WindowManagerShell: 	KeyguardTransitionHandler init took 0ms
02-23 10:02:17.537   887   926 V WindowManagerShell: 	DefaultMixedHandler init took 0ms
02-23 10:02:17.537   887   926 V WindowManagerShell: 	StartingWindowController init took 0ms
02-23 10:02:17.537   887   926 V WindowManagerShell: 	ProtoLogController init took 0ms
02-23 10:02:17.553   887   926 V WindowManagerShell: 	PipTouchHandler init took 16ms
02-23 10:02:17.553   887   926 V WindowManagerShell: 	DevicePostureController init took 0ms
02-23 10:02:17.553   887   926 V WindowManagerShell: 	TabletopModeController init took 0ms
02-23 10:02:17.554   887   926 V WindowManagerShell: 	PipController init took 1ms
02-23 10:02:17.554   887   926 V WindowManagerShell: 	RootDisplayAreaOrganizer init took 0ms
02-23 10:02:17.554   887   926 V WindowManagerShell: 	BackAnimationController init took 0ms
02-23 10:02:17.554   887   926 W Looper  : Slow dispatch took 189ms wmshell.main h=android.os.Handler c=com.android.wm.shell.sysui.ShellController$$ExternalSyntheticLambda2@6eaa7f3 m=0
02-23 10:02:17.594   615   615 I Telecom : SystemStateHelper: Registering broadcast receiver: android.content.IntentFilter@c766c13: TS.init@AAA❗
02-23 10:02:17.594   615   615 I Telecom : SystemStateHelper: Registering broadcast receiver: android.content.IntentFilter@d0bfe50: TS.init@AAA❗
02-23 10:02:17.607   887   926 W Looper  : Slow delivery took 173ms wmshell.main h=android.os.Handler c=com.android.wm.shell.draganddrop.DragAndDropController$$ExternalSyntheticLambda1@e5e903c m=0
02-23 10:02:17.607   887   926 W Looper  : Slow dispatch took 52ms wmshell.main h=android.os.Handler c=com.android.wm.shell.draganddrop.DragAndDropController$$ExternalSyntheticLambda1@e5e903c m=0
02-23 10:02:17.610   887   926 D ShellSplitScreen: onTaskAppeared: task=TaskInfo{userId=0 taskId=3 displayId=0 isRunning=false baseIntent=Intent {  } baseActivity=null topActivity=null origActivity=null realActivity=null numActivities=0 lastActiveTime=9080 supportsMultiWindow=true resizeMode=2 isResizeable=true minWidth=-1 minHeight=-1 defaultMinSize=220 token=WCT{android.window.IWindowContainerToken$Stub$Proxy@89de1c5} topActivityType=0 pictureInPictureParams=null shouldDockBigOverlays=false launchIntoPipHostTaskId=-1 lastParentTaskIdBeforePip=-1 displayCutoutSafeInsets=null topActivityInfo=null launchCookies=[android.os.Binder@f71d049] positionInParent=Point(0, 0) parentTaskId=-1 isFocused=false isVisible=false isVisibleRequested=false isSleeping=false locusId=null displayAreaFeatureId=1 isTopActivityTransparent=false appCompatTaskInfo=AppCompatTaskInfo { topActivityInSizeCompat=false topActivityEligibleForLetterboxEducation= falseisLetterboxEducationEnabled= false isLetterboxDoubleTapEnabled= false topActivityEligibleForUserAspectRatioButton= false topActivityBoundsLetterboxed= false isFromLetterboxDoubleTap= false topActivityLetterboxVerticalPosition= -1 topActivityLetterboxHorizontalPosition= -1 topActivityLetterboxWidth=-1 topActivityLetterboxHeight=-1 isUserFullscreenOverrideEnabled=false isSystemFullscreenOverrideEnabled=false cameraCompatTaskInfo=CameraCompatTaskInfo { cameraCompatControlState=hidden freeformCameraCompatMode=inactive}}}
02-23 10:02:17.611   887   926 D ShellSplitScreen: onRootTaskAppeared: rootTask=TaskInfo{userId=0 taskId=3 displayId=0 isRunning=false baseIntent=Intent {  } baseActivity=null topActivity=null origActivity=null realActivity=null numActivities=0 lastActiveTime=9080 supportsMultiWindow=true resizeMode=2 isResizeable=true minWidth=-1 minHeight=-1 defaultMinSize=220 token=WCT{android.window.IWindowContainerToken$Stub$Proxy@89de1c5} topActivityType=0 pictureInPictureParams=null shouldDockBigOverlays=false launchIntoPipHostTaskId=-1 lastParentTaskIdBeforePip=-1 displayCutoutSafeInsets=null topActivityInfo=null launchCookies=[android.os.Binder@f71d049] positionInParent=Point(0, 0) parentTaskId=-1 isFocused=false isVisible=false isVisibleRequested=false isSleeping=false locusId=null displayAreaFeatureId=1 isTopActivityTransparent=false appCompatTaskInfo=AppCompatTaskInfo { topActivityInSizeCompat=false topActivityEligibleForLetterboxEducation= falseisLetterboxEducationEnabled= false isLetterboxDoubleTapEnabled= false topActivityEligibleForUserAspectRatioButton= false topActivityBoundsLetterboxed= false isFromLetterboxDoubleTap= false topActivityLetterboxVerticalPosition= -1 topActivityLetterboxHorizontalPosition= -1 topActivityLetterboxWidth=-1 topActivityLetterboxHeight=-1 isUserFullscreenOverrideEnabled=false isSystemFullscreenOverrideEnabled=false cameraCompatTaskInfo=CameraCompatTaskInfo { cameraCompatControlState=hidden freeformCameraCompatMode=inactive}}} mainRoot=false sideRoot=false
02-23 10:02:17.612   887   926 D ShellSplitScreen: onRootTaskAppeared: rootTask=TaskInfo{userId=0 taskId=3 displayId=0 isRunning=false baseIntent=Intent {  } baseActivity=null topActivity=null origActivity=null realActivity=null numActivities=0 lastActiveTime=9080 supportsMultiWindow=true resizeMode=2 isResizeable=true minWidth=-1 minHeight=-1 defaultMinSize=220 token=WCT{android.window.IWindowContainerToken$Stub$Proxy@89de1c5} topActivityType=0 pictureInPictureParams=null shouldDockBigOverlays=false launchIntoPipHostTaskId=-1 lastParentTaskIdBeforePip=-1 displayCutoutSafeInsets=null topActivityInfo=null launchCookies=[android.os.Binder@f71d049] positionInParent=Point(0, 0) parentTaskId=-1 isFocused=false isVisible=false isVisibleRequested=false isSleeping=false locusId=null displayAreaFeatureId=1 isTopActivityTransparent=false appCompatTaskInfo=AppCompatTaskInfo { topActivityInSizeCompat=false topActivityEligibleForLetterboxEducation= falseisLetterboxEducationEnabled= false isLetterboxDoubleTapEnabled= false topActivityEligibleForUserAspectRatioButton= false topActivityBoundsLetterboxed= false isFromLetterboxDoubleTap= false topActivityLetterboxVerticalPosition= -1 topActivityLetterboxHorizontalPosition= -1 topActivityLetterboxWidth=-1 topActivityLetterboxHeight=-1 isUserFullscreenOverrideEnabled=false isSystemFullscreenOverrideEnabled=false cameraCompatTaskInfo=CameraCompatTaskInfo { cameraCompatControlState=hidden freeformCameraCompatMode=inactive}}} mainRoot=true sideRoot=false
02-23 10:02:17.613   887   926 D ShellSplitScreen: onRootTaskAppeared: rootTask=TaskInfo{userId=0 taskId=3 displayId=0 isRunning=false baseIntent=Intent {  } baseActivity=null topActivity=null origActivity=null realActivity=null numActivities=0 lastActiveTime=9080 supportsMultiWindow=true resizeMode=2 isResizeable=true minWidth=-1 minHeight=-1 defaultMinSize=220 token=WCT{android.window.IWindowContainerToken$Stub$Proxy@89de1c5} topActivityType=0 pictureInPictureParams=null shouldDockBigOverlays=false launchIntoPipHostTaskId=-1 lastParentTaskIdBeforePip=-1 displayCutoutSafeInsets=null topActivityInfo=null launchCookies=[android.os.Binder@f71d049] positionInParent=Point(0, 0) parentTaskId=-1 isFocused=false isVisible=false isVisibleRequested=false isSleeping=false locusId=null displayAreaFeatureId=1 isTopActivityTransparent=false appCompatTaskInfo=AppCompatTaskInfo { topActivityInSizeCompat=false topActivityEligibleForLetterboxEducation= falseisLetterboxEducationEnabled= false isLetterboxDoubleTapEnabled= false topActivityEligibleForUserAspectRatioButton= false topActivityBoundsLetterboxed= false isFromLetterboxDoubleTap= false topActivityLetterboxVerticalPosition= -1 topActivityLetterboxHorizontalPosition= -1 topActivityLetterboxWidth=-1 topActivityLetterboxHeight=-1 isUserFullscreenOverrideEnabled=false isSystemFullscreenOverrideEnabled=false cameraCompatTaskInfo=CameraCompatTaskInfo { cameraCompatControlState=hidden freeformCameraCompatMode=inactive}}} mainRoot=true sideRoot=true
02-23 10:02:17.642   938   938 E SystemServiceRegistry: No service published for: ethernet
02-23 10:02:17.642   938   938 E SystemServiceRegistry: android.os.ServiceManager$ServiceNotFoundException: No service published for: ethernet
02-23 10:02:17.642   938   938 E SystemServiceRegistry: 	at android.os.ServiceManager.getServiceOrThrow(ServiceManager.java:203)
02-23 10:02:17.642   938   938 E SystemServiceRegistry: 	at android.app.SystemServiceRegistry$145.createService(SystemServiceRegistry.java:2120)
02-23 10:02:17.642   938   938 E SystemServiceRegistry: 	at android.app.SystemServiceRegistry$CachedServiceFetcher.getService(SystemServiceRegistry.java:2231)
02-23 10:02:17.642   938   938 E SystemServiceRegistry: 	at android.app.SystemServiceRegistry.getSystemService(SystemServiceRegistry.java:1812)
02-23 10:02:17.642   938   938 E SystemServiceRegistry: 	at android.app.ContextImpl.getSystemService(ContextImpl.java:2241)
02-23 10:02:17.642   938   938 E SystemServiceRegistry: 	at android.content.ContextWrapper.getSystemService(ContextWrapper.java:936)
02-23 10:02:17.642   938   938 E SystemServiceRegistry: 	at com.android.networkstack.tethering.Tethering.isEthernetSupported(Tethering.java:1579)
02-23 10:02:17.642   938   938 E SystemServiceRegistry: 	at com.android.networkstack.tethering.Tethering.makeSupportedDownstreams(Tethering.java:2562)
02-23 10:02:17.642   938   938 E SystemServiceRegistry: 	at com.android.networkstack.tethering.Tethering.updateSupportedDownstreams(Tethering.java:2536)
02-23 10:02:17.642   938   938 E SystemServiceRegistry: 	at com.android.networkstack.tethering.Tethering.updateConfiguration(Tethering.java:549)
02-23 10:02:17.642   938   938 E SystemServiceRegistry: 	at com.android.networkstack.tethering.Tethering.<init>(Tethering.java:364)
02-23 10:02:17.642   938   938 E SystemServiceRegistry: 	at com.android.networkstack.tethering.TetheringService.makeTethering(TetheringService.java:89)
02-23 10:02:17.642   938   938 E SystemServiceRegistry: 	at com.android.networkstack.tethering.TetheringService.onCreate(TetheringService.java:79)
02-23 10:02:17.642   938   938 E SystemServiceRegistry: 	at android.app.ActivityThread.handleCreateService(ActivityThread.java:4977)
02-23 10:02:17.642   938   938 E SystemServiceRegistry: 	at android.app.ActivityThread.-$$Nest$mhandleCreateService(Unknown Source:0)
02-23 10:02:17.642   938   938 E SystemServiceRegistry: 	at android.app.ActivityThread$H.handleMessage(ActivityThread.java:2444)
02-23 10:02:17.642   938   938 E SystemServiceRegistry: 	at android.os.Handler.dispatchMessage(Handler.java:107)
02-23 10:02:17.642   938   938 E SystemServiceRegistry: 	at android.os.Looper.loopOnce(Looper.java:232)
02-23 10:02:17.642   938   938 E SystemServiceRegistry: 	at android.os.Looper.loop(Looper.java:317)
02-23 10:02:17.642   938   938 E SystemServiceRegistry: 	at android.app.ActivityThread.main(ActivityThread.java:8705)
02-23 10:02:17.642   938   938 E SystemServiceRegistry: 	at java.lang.reflect.Method.invoke(Native Method)
02-23 10:02:17.642   938   938 E SystemServiceRegistry: 	at com.android.internal.os.RuntimeInit$MethodAndArgsCaller.run(RuntimeInit.java:580)
02-23 10:02:17.642   938   938 E SystemServiceRegistry: 	at com.android.internal.os.ZygoteInit.main(ZygoteInit.java:886)
02-23 10:02:17.647   615  1093 I Telecom : CallAudioModeStateMachine: Message received: null.: TS.init->CAMSM.pM_1@AAA❗
02-23 10:02:17.652   419   419 I netd    : registerUnsolicitedEventListener(interface:0xb4000071c0a92210) <0.01ms>
02-23 10:02:17.658   615   615 I Telecom : Class: TelecomSystem.INSTANCE being set❗
02-23 10:02:17.660   615   615 W Looper  : Slow dispatch took 107ms main h=android.app.ActivityThread$H c=android.app.LoadedApk$ServiceDispatcher$RunConnection@e64d9ec m=0
02-23 10:02:17.662  1016  1016 D DeferredSmsMmsRestoreService: startIfFilesExist: no files to restore
02-23 10:02:17.663  1016  1016 D DeferredSmsMmsRestoreService: addAllSharedPrefToLocalLog
02-23 10:02:17.670   615   615 D SystemServerTiming: ManagedServices.unbindOtherUserServices_current0
02-23 10:02:17.670   615   615 V SystemServerTiming: ManagedServices.unbindOtherUserServices_current0 took to complete: 0ms
02-23 10:02:17.670   615   615 D SystemServerTiming: ManagedServices.unbindOtherUserServices_current0
02-23 10:02:17.670   615   615 V SystemServerTiming: ManagedServices.unbindOtherUserServices_current0 took to complete: 0ms
02-23 10:02:17.671   615   661 I InputManager: Enabling motion classifier because user switched: feature enabled, long press timeout = 400 ms
02-23 10:02:17.671   615   615 D SystemServerTiming: ManagedServices.unbindOtherUserServices_current0
02-23 10:02:17.671   615   615 V SystemServerTiming: ManagedServices.unbindOtherUserServices_current0 took to complete: 0ms
02-23 10:02:17.678   615   615 V SafetyCenterBroadcastDi: Found receiver for intent targeting: com.google.android.gms, and user id: 0
02-23 10:02:17.691   615   670 I ActivityManager: Start proc 1108:com.google.android.gms.persistent/u0a144 for broadcast {com.google.android.gms/com.google.android.gms.chimera.GmsIntentOperationService$PersistentTrustedReceiver}
02-23 10:02:17.693  1016  1016 D SmsProvider: RunningTelephonyProviderProcesses:{ProcessName=com.android.phone;PID=1016;UID=1001;pkgList=com.android.providers.telephony;com.android.stk;com.android.phone;}
02-23 10:02:17.694  1016  1016 D DeferredSmsMmsRestoreService: startIfFilesExist: no files to restore
02-23 10:02:17.694  1016  1016 D DeferredSmsMmsRestoreService: addAllSharedPrefToLocalLog
02-23 10:02:17.694  1108  1108 I .gms.persistent: Using CollectorTypeCMC GC.
02-23 10:02:17.694   615   749 V BluetoothSystemServer: BluetoothManagerService: Searching package com.android.bluetooth
02-23 10:02:17.695   615   749 V BluetoothSystemServer: BluetoothManagerService: Searching package com.google.android.bluetooth
02-23 10:02:17.695   615   749 V BluetoothSystemServer: BluetoothManagerService: Checking activity com.android.bluetooth.BluetoothPrefs
02-23 10:02:17.695   615   749 V BluetoothSystemServer: BluetoothManagerService: Checking activity com.android.bluetooth.map.BluetoothMapSettings
02-23 10:02:17.695   615   749 V BluetoothSystemServer: BluetoothManagerService: Checking activity com.android.bluetooth.opp.BluetoothOppLauncherActivity
02-23 10:02:17.696  1108  1108 E .gms.persistent: Not starting debugger since process cannot load the jdwp agent.
02-23 10:02:17.697  1016  1016 D DeferredSmsMmsRestoreService: startIfFilesExist: no files to restore
02-23 10:02:17.697  1016  1016 D DeferredSmsMmsRestoreService: addAllSharedPrefToLocalLog
02-23 10:02:17.732  1108  1108 D nativeloader: Configuring clns-7 for other apk /system/framework/com.android.media.remotedisplay.jar. target_sdk_version=34, uses_libraries=ALL, library_path=/product/priv-app/PrebuiltGmsCore/lib/arm64:/product/priv-app/PrebuiltGmsCore/PrebuiltGmsCore.apk!/lib/arm64-v8a, permitted_path=/data:/mnt/expand:/data/user/0/com.google.android.gms
02-23 10:02:17.732  1108  1108 D nativeloader: Configuring clns-8 for other apk /system/framework/com.android.location.provider.jar. target_sdk_version=34, uses_libraries=ALL, library_path=/product/priv-app/PrebuiltGmsCore/lib/arm64:/product/priv-app/PrebuiltGmsCore/PrebuiltGmsCore.apk!/lib/arm64-v8a, permitted_path=/data:/mnt/expand:/data/user/0/com.google.android.gms
02-23 10:02:17.739   615   635 I system_server: Background concurrent mark compact GC freed 85MB AllocSpace bytes, 1372(51MB) LOS objects, 50% free, 22MB/45MB, paused 3.227ms,833us total 162.681ms
02-23 10:02:17.749   615   638 W system_server: ApkAssets: Deleting an ApkAssets object '<empty> and /product/priv-app/PrebuiltGmsCore/PrebuiltGmsCore.apk' with 1 weak references
02-23 10:02:17.762   198   198 I servicemanager: Caller(pid=1016,uid=1001,sid=u:r:radio:s0) Found android.hardware.radio.ims.IRadioIms/slot1 in device VINTF manifest.
02-23 10:02:17.765  1108  1108 D nativeloader: Configuring product-clns-9 for unbundled product apk /product/priv-app/PrebuiltGmsCore/PrebuiltGmsCore.apk. target_sdk_version=34, uses_libraries=, library_path=/product/priv-app/PrebuiltGmsCore/lib/arm64:/product/priv-app/PrebuiltGmsCore/PrebuiltGmsCore.apk!/lib/arm64-v8a:/product/lib64:/system/product/lib64, permitted_path=/data:/mnt/expand:/data/user/0/com.google.android.gms:/product/lib64:/system/product/lib64
02-23 10:02:17.767   198   198 I servicemanager: Caller(pid=1016,uid=1001,sid=u:r:radio:s0) Found android.hardware.radio.ims.IRadioIms/slot1 in device VINTF manifest.
02-23 10:02:17.771   198   198 I servicemanager: Caller(pid=1016,uid=1001,sid=u:r:radio:s0) Found android.hardware.radio.ims.IRadioIms/slot1 in device VINTF manifest.
02-23 10:02:17.771   198   198 I servicemanager: Caller(pid=1016,uid=1001,sid=u:r:radio:s0) Found android.hardware.radio.ims.IRadioIms/slot1 in device VINTF manifest.
02-23 10:02:17.771   198   198 I servicemanager: Caller(pid=1016,uid=1001,sid=u:r:radio:s0) Found android.hardware.radio.ims.IRadioIms/slot1 in device VINTF manifest.
02-23 10:02:17.771   887   887 V SystemUIBootTiming: DependencyInjection took to complete: 0ms
02-23 10:02:17.780   615  1002 D SystemServerTiming: getUserSwitchability-0
02-23 10:02:17.780   615  1002 D SystemServerTiming: TM.isInCall
02-23 10:02:17.780   615  1002 V SystemServerTiming: TM.isInCall took to complete: 0ms
02-23 10:02:17.782   615  1002 D SystemServerTiming: hasUserRestriction-DISALLOW_USER_SWITCH
02-23 10:02:17.782   615  1002 V SystemServerTiming: hasUserRestriction-DISALLOW_USER_SWITCH took to complete: 0ms
02-23 10:02:17.782   615  1002 D SystemServerTiming: getInt-ALLOW_USER_SWITCHING_WHEN_SYSTEM_USER_LOCKED
02-23 10:02:17.782   615  1002 V SystemServerTiming: getInt-ALLOW_USER_SWITCHING_WHEN_SYSTEM_USER_LOCKED took to complete: 0ms
02-23 10:02:17.782   615  1002 D SystemServerTiming: isUserUnlocked-USER_SYSTEM
02-23 10:02:17.782   615  1002 V SystemServerTiming: isUserUnlocked-USER_SYSTEM took to complete: 0ms
02-23 10:02:17.782   615  1002 V SystemServerTiming: getUserSwitchability-0 took to complete: 2ms
02-23 10:02:17.782   615   615 D WallpaperManagerService: WPMS.onServiceConnected-ComponentInfo{com.android.systemui/com.android.systemui.wallpapers.ImageWallpaper}
02-23 10:02:17.783   615   615 D WallpaperManagerService: WPMS.attachServiceLocked
02-23 10:02:17.783   615   615 D WallpaperManagerService: WPMS.connectLocked-ComponentInfo{com.android.systemui/com.android.systemui.wallpapers.ImageWallpaper}
02-23 10:02:17.783   887   887 V SystemUIBootTiming: StartServices com.android.keyguard.KeyguardBiometricLockoutLogger took to complete: 0ms
02-23 10:02:17.784   615   615 V WallpaperManagerService: WPMS.connectLocked-ComponentInfo{com.android.systemui/com.android.systemui.wallpapers.ImageWallpaper} took to complete: 1ms
02-23 10:02:17.784   615   615 V WallpaperManagerService: WPMS.attachServiceLocked took to complete: 1ms
02-23 10:02:17.784   615   615 D WallpaperManagerService: WPMS.saveSettingsLocked-0
02-23 10:02:17.787   615   615 V WallpaperManagerService: WPMS.saveSettingsLocked-0 took to complete: 4ms
02-23 10:02:17.787   615   615 V WallpaperManagerService: WPMS.onServiceConnected-ComponentInfo{com.android.systemui/com.android.systemui.wallpapers.ImageWallpaper} took to complete: 5ms
02-23 10:02:17.787   615   615 D WallpaperManagerService: WPMS.onServiceConnected-ComponentInfo{com.android.systemui/com.android.systemui.wallpapers.ImageWallpaper}
02-23 10:02:17.787   615   615 D WallpaperManagerService: WPMS.attachServiceLocked
02-23 10:02:17.787   615   615 V WallpaperManagerService: WPMS.attachServiceLocked took to complete: 0ms
