02-23 10:02:15.961   615   615 V AconfigFlags: Read Aconfig default flag value com.android.internal.telephony.flags.unregister_sms_broadcast_receiver_from_cat_service = false
02-23 10:02:15.961   615   615 V AconfigFlags: Read Aconfig default flag value com.android.internal.telephony.flags.update_ims_service_by_gathering_provisioning_changes = true
02-23 10:02:15.961   615   615 V AconfigFlags: Read Aconfig default flag value com.android.media.performance.flags.media_description_ashmem_bitmap = true
02-23 10:02:15.961   615   615 V AconfigFlags: Read Aconfig default flag value com.android.server.alarm.start_user_before_scheduled_alarms = false
02-23 10:02:15.961   615   615 V AconfigFlags: Read Aconfig default flag value com.android.server.alarm.use_frozen_state_to_drop_listener_alarms = true
02-23 10:02:15.961   615   615 V AconfigFlags: Read Aconfig default flag value com.android.server.dreams.use_battery_changed_broadcast = true
02-23 10:02:15.961   615   615 V AconfigFlags: Read Aconfig default flag value com.android.server.power.feature.flags.improve_wakelock_latency = false
02-23 10:02:15.961   615   615 V AconfigFlags: Read Aconfig default flag value com.android.systemui.dozeui_scheduling_alarms_background_execution = false
02-23 10:02:15.962   615   615 V AconfigFlags: Read Aconfig default flag value com.android.window.flags.predictive_back_system_anims = true
02-23 10:02:15.966   615   615 V AconfigFlags: Read Aconfig default flag value com.android.settings.flags.terms_of_address_enabled = true
02-23 10:02:15.972   615   615 V AconfigFlags: Read Aconfig default flag value android.app.admin.flags.default_sms_personal_app_suspension_fix_enabled = true
02-23 10:02:15.972   615   615 V AconfigFlags: Read Aconfig default flag value android.app.skip_bg_mem_trim_on_fg_app = false
02-23 10:02:15.972   615   615 V AconfigFlags: Read Aconfig default flag value android.app.system_terms_of_address_enabled = true
02-23 10:02:15.973   615   615 V AconfigFlags: Read Aconfig default flag value android.media.audio.feature_spatial_audio_headtracking_low_latency = false
02-23 10:02:15.973   615   615 V AconfigFlags: Read Aconfig default flag value android.multiuser.disable_private_space_items_on_home = true
02-23 10:02:15.973   615   615 V AconfigFlags: Read Aconfig default flag value android.multiuser.start_user_before_scheduled_alarms = false
02-23 10:02:15.973   615   615 V AconfigFlags: Read Aconfig default flag value android.multiuser.use_all_cpus_during_user_switch = true
02-23 10:02:15.973   615   615 V AconfigFlags: Read Aconfig default flag value android.service.chooser.fix_resolver_memory_leak = true
02-23 10:02:15.973   615   615 V AconfigFlags: Read Aconfig default flag value android.service.dreams.dismiss_dream_on_keyguard_dismiss = true
02-23 10:02:15.973   615   615 V AconfigFlags: Read Aconfig default flag value android.service.dreams.dream_handles_being_obscured = false
02-23 10:02:15.973   615   615 V AconfigFlags: Read Aconfig default flag value android.service.dreams.dream_handles_confirm_keys = false
02-23 10:02:15.973   615   615 V AconfigFlags: Read Aconfig default flag value android.service.dreams.dream_overlay_host = false
02-23 10:02:15.973   615   615 V AconfigFlags: Read Aconfig default flag value android.service.dreams.dream_wake_redirect = false
02-23 10:02:15.973   615   615 V AconfigFlags: Read Aconfig default flag value android.service.notification.ranking_update_ashmem = true
02-23 10:02:15.973   615   615 V AconfigFlags: Read Aconfig default flag value com.android.input.flags.report_palms_to_gestures_library = true
02-23 10:02:15.973   615   615 V AconfigFlags: Read Aconfig default flag value com.android.internal.camera.flags.inject_session_params = true
02-23 10:02:15.973   615   615 V AconfigFlags: Read Aconfig default flag value com.android.internal.telephony.flags.add_rat_related_suggested_action_to_ims_registration = false
02-23 10:02:15.973   615   615 V AconfigFlags: Read Aconfig default flag value com.android.internal.telephony.flags.change_method_of_obtaining_ims_registration_radio_tech = true
02-23 10:02:15.973   615   615 V AconfigFlags: Read Aconfig default flag value com.android.internal.telephony.flags.clear_cached_ims_phone_number_when_device_lost_ims_registration = true
02-23 10:02:15.973   615   615 V AconfigFlags: Read Aconfig default flag value com.android.internal.telephony.flags.enable_aead_algorithms = true
02-23 10:02:15.973   615   615 V AconfigFlags: Read Aconfig default flag value com.android.internal.telephony.flags.esim_available_memory = true
02-23 10:02:15.973   615   615 V AconfigFlags: Read Aconfig default flag value com.android.internal.telephony.flags.force_iwlan_mms = true
02-23 10:02:15.973   615   615 V AconfigFlags: Read Aconfig default flag value com.android.internal.telephony.flags.imsi_key_retry_download_on_phone_unlock = true
02-23 10:02:15.973   615   615 V AconfigFlags: Read Aconfig default flag value com.android.internal.telephony.flags.log_mms_sms_database_access_info = true
02-23 10:02:15.973   615   615 V AconfigFlags: Read Aconfig default flag value com.android.internal.telephony.flags.mms_disabled_error = true
02-23 10:02:15.973   615   615 V AconfigFlags: Read Aconfig default flag value com.android.internal.telephony.flags.mms_get_apn_from_pdsc = false
02-23 10:02:15.973   615   615 V AconfigFlags: Read Aconfig default flag value com.android.internal.telephony.flags.notify_initial_ims_provisioning_status = true
02-23 10:02:15.973   615   615 V AconfigFlags: Read Aconfig default flag value com.android.internal.telephony.flags.set_number_of_sim_for_ims_enable = true
02-23 10:02:15.973   615   615 V AconfigFlags: Read Aconfig default flag value com.android.internal.telephony.flags.sms_domain_selection_enabled = true
02-23 10:02:15.973   615   615 V AconfigFlags: Read Aconfig default flag value com.android.internal.telephony.flags.unregister_sms_broadcast_receiver_from_cat_service = false
02-23 10:02:15.973   615   615 V AconfigFlags: Read Aconfig default flag value com.android.internal.telephony.flags.update_ims_service_by_gathering_provisioning_changes = true
02-23 10:02:15.974   615   615 V AconfigFlags: Read Aconfig default flag value com.android.media.performance.flags.media_description_ashmem_bitmap = true
02-23 10:02:15.974   615   615 V AconfigFlags: Read Aconfig default flag value com.android.server.power.feature.flags.improve_wakelock_latency = false
02-23 10:02:15.974   615   615 V AconfigFlags: Read Aconfig default flag value com.android.window.flags.predictive_back_system_anims = true
02-23 10:02:16.218   615   615 I PackageManager: Finished scanning system apps. Time: 270 ms, packageCount: 276 , timePerPackage: 0 , cached: 279
02-23 10:02:16.226   615   615 I PackageManager: Finished scanning non-system apps. Time: 8 ms, packageCount: 6 , timePerPackage: 1 , cached: 6
02-23 10:02:16.237   615   615 W AppIdPermissionPolicy: Ignoring permission com.google.android.gtalkservice.permission.GTALK_SERVICE declared in system package com.google.android.gsf: already declared in another system package com.google.android.gms
02-23 10:02:16.237   615   615 W AppIdPermissionPolicy: Ignoring permission com.google.android.c2dm.permission.RECEIVE declared in system package com.google.android.gsf: already declared in another system package com.google.android.gms
02-23 10:02:16.237   615   615 W AppIdPermissionPolicy: Ignoring permission com.android.vending.INTENT_VENDING_ONLY declared in system package com.google.android.gsf: already declared in another system package com.google.android.gms
02-23 10:02:16.237   615   615 W AppIdPermissionPolicy: Ignoring permission com.google.android.providers.settings.permission.WRITE_GSETTINGS declared in system package com.google.android.gsf: already declared in another system package com.google.android.gms
02-23 10:02:16.237   615   615 W AppIdPermissionPolicy: Ignoring permission com.google.android.providers.gsf.permission.READ_GSERVICES declared in system package com.google.android.gsf: already declared in another system package com.google.android.gms
02-23 10:02:16.237   615   615 W AppIdPermissionPolicy: Ignoring permission com.google.android.providers.gsf.permission.WRITE_GSERVICES declared in system package com.google.android.gsf: already declared in another system package com.google.android.gms
02-23 10:02:16.256   615   699 D SystemServerTimingAsync: InitThreadPoolExec:prepareAppData
02-23 10:02:16.256   615   699 D SystemServerInitThreadPool: Started executing prepareAppData
02-23 10:02:16.270   615   615 V PackageManagerTiming: write settings took to complete: 14ms
02-23 10:02:16.272   615   615 V PackageManager: Ephemeral resolver found; pkg: com.google.android.gms, info:ResolveInfo{63a3e39 com.google.android.gms/.chimera.PersistentBoundBrokerService m=0x108000 userHandle=null}
02-23 10:02:16.272   615   615 D PackageManager: Set ephemeral resolver: ComponentInfo{com.google.android.gms/com.google.android.gms.chimera.PersistentBoundBrokerService}
02-23 10:02:16.273   615   615 V PackageManagerTiming: create package manager took to complete: 435ms
02-23 10:02:16.275   615   615 V SystemServerTiming: StartPackageManagerService took to complete: 441ms
02-23 10:02:16.275   615   615 D SystemServerTiming: DexUseManagerLocal
02-23 10:02:16.281   526   542 I ServiceManagerCppClient: Waiting for service 'package_native' on '/dev/binder' successful after waiting 1714ms
02-23 10:02:16.282   615   615 V SystemServerTiming: DexUseManagerLocal took to complete: 7ms
02-23 10:02:16.282   615   615 D SystemServerTiming: StartOtaDexOptService
02-23 10:02:16.283   615   615 V SystemServerTiming: StartOtaDexOptService took to complete: 1ms
02-23 10:02:16.283   615   615 D SystemServerTiming: StartUserManagerService
02-23 10:02:16.283   615   615 I SystemServiceManager: Starting com.android.server.pm.UserManagerService$LifeCycle
02-23 10:02:16.283   615   615 V SystemServerTiming: StartUserManagerService took to complete: 0ms
02-23 10:02:16.283   615   615 D SystemServerTiming: InitAttributerCache
02-23 10:02:16.284   615   615 V SystemServerTiming: InitAttributerCache took to complete: 0ms
02-23 10:02:16.284   615   615 D SystemServerTiming: SetSystemProcess
02-23 10:02:16.288   615   615 D ActivityManager: StatsPullAtomService not ready yet
02-23 10:02:16.289   197   197 I lowmemorykiller: lmkd data connection established
02-23 10:02:16.290   615   615 D ActivityManager: StatsPullAtomService not ready yet
02-23 10:02:16.291   615   615 V SystemServerTiming: SetSystemProcess took to complete: 7ms
02-23 10:02:16.291   615   615 D SystemServerTiming: InitWatchdog
02-23 10:02:16.291   615   615 V SystemServerTiming: InitWatchdog took to complete: 0ms
02-23 10:02:16.292   615   615 D SystemServerTiming: StartOverlayManagerService
02-23 10:02:16.347   529   529 I ServiceManagerCppClient: Waiting for service 'package_native' on '/dev/binder' successful after waiting 1923ms
02-23 10:02:16.441   615   615 V SystemServerTiming: StartOverlayManagerService took to complete: 148ms
02-23 10:02:16.441   615   615 D SystemServerTiming: StartResourcesManagerService
02-23 10:02:16.441   615   615 V SystemServerTiming: StartResourcesManagerService took to complete: 1ms
02-23 10:02:16.441   615   615 D SystemServerTiming: StartSensorPrivacyService
02-23 10:02:16.444   615   615 V SystemServerTiming: StartSensorPrivacyService took to complete: 2ms
02-23 10:02:16.444   615   615 D SystemServerTiming: StartSensorService
02-23 10:02:16.444   615   615 I SystemServiceManager: Starting com.android.server.sensors.SensorService
02-23 10:02:16.444   615   615 V SystemServerTiming: StartSensorService took to complete: 1ms
02-23 10:02:16.444   615   615 V SystemServerTiming: startBootstrapServices took to complete: 781ms
02-23 10:02:16.444   615   615 D SystemServerTiming: startCoreServices
02-23 10:02:16.444   615   615 D SystemServerTiming: StartSystemConfigService
02-23 10:02:16.444   615   615 I SystemServiceManager: Starting com.android.server.SystemConfigService
02-23 10:02:16.444   615   714 D SystemServerTimingAsync: InitThreadPoolExec:StartNativeSensorService
02-23 10:02:16.444   615   714 D SystemServerInitThreadPool: Started executing StartNativeSensorService
02-23 10:02:16.444   615   714 D SystemServerTimingAsync: StartNativeSensorService
02-23 10:02:16.444   615   615 V SystemServerTiming: StartSystemConfigService took to complete: 0ms
02-23 10:02:16.444   615   615 D SystemServerTiming: StartBatteryService
02-23 10:02:16.444   615   615 I SystemServiceManager: Starting com.android.server.BatteryService
02-23 10:02:16.445   526   701 W AudioAnalytics: onAudioServerStart: (key=audio.policy) AudioPolicy ctor, loadTimeMs:1874.765381
02-23 10:02:16.445   465   465 I audioserver: main: initialization done in 1911.614 ms, joining thread pool
02-23 10:02:16.451   615   615 I BatteryService: health: Waited 0ms and received the update.
02-23 10:02:16.452   615   714 V SystemServerTimingAsync: StartNativeSensorService took to complete: 8ms
02-23 10:02:16.452   615   714 D SystemServerInitThreadPool: Finished executing StartNativeSensorService
02-23 10:02:16.452   615   714 V SystemServerTimingAsync: InitThreadPoolExec:StartNativeSensorService took to complete: 8ms
02-23 10:02:16.452   615   615 V SystemServerTiming: StartBatteryService took to complete: 8ms
02-23 10:02:16.453   615   615 D SystemServerTiming: StartUsageService
02-23 10:02:16.453   615   615 I SystemServiceManager: Starting com.android.server.usage.UsageStatsService
02-23 10:02:16.456   615   615 V SystemServerTiming: StartUsageService took to complete: 4ms
02-23 10:02:16.456   615   615 D SystemServerTiming: StartWebViewUpdateService
02-23 10:02:16.456   615   615 I SystemServiceManager: Starting com.android.server.webkit.WebViewUpdateService
02-23 10:02:16.458   615   615 V SystemServerTiming: StartWebViewUpdateService took to complete: 2ms
02-23 10:02:16.458   615   615 D SystemServerTiming: StartCachedDeviceStateService
02-23 10:02:16.458   615   615 I SystemServiceManager: Starting com.android.server.CachedDeviceStateService
02-23 10:02:16.458   615   615 V SystemServerTiming: StartCachedDeviceStateService took to complete: 0ms
02-23 10:02:16.458   615   615 D SystemServerTiming: StartBinderCallsStatsService
02-23 10:02:16.458   615   615 I SystemServiceManager: Starting com.android.server.BinderCallsStatsService$LifeCycle
02-23 10:02:16.459   615   615 V SystemServerTiming: StartBinderCallsStatsService took to complete: 1ms
02-23 10:02:16.459   615   615 D SystemServerTiming: StartLooperStatsService
02-23 10:02:16.459   615   615 I SystemServiceManager: Starting com.android.server.LooperStatsService$Lifecycle
02-23 10:02:16.460   615   615 V SystemServerTiming: StartLooperStatsService took to complete: 0ms
02-23 10:02:16.460   615   615 D SystemServerTiming: StartRollbackManagerService
02-23 10:02:16.460   615   615 I SystemServiceManager: Starting com.android.server.rollback.RollbackManagerService
02-23 10:02:16.461   615   615 I PackageWatchdog: Not pruning observers, elapsed time: 0ms
02-23 10:02:16.465   615   615 V SystemServerTiming: StartRollbackManagerService took to complete: 6ms
02-23 10:02:16.465   615   615 D SystemServerTiming: StartNativeTombstoneManagerService
02-23 10:02:16.465   615   615 I SystemServiceManager: Starting com.android.server.os.NativeTombstoneManagerService
02-23 10:02:16.465   615   615 V SystemServerTiming: StartNativeTombstoneManagerService took to complete: 0ms
02-23 10:02:16.466   615   615 D SystemServerTiming: StartBugreportManagerService
02-23 10:02:16.466   615   615 I SystemServiceManager: Starting com.android.server.os.BugreportManagerService
02-23 10:02:16.466   615   699 V SystemServerTimingAsync: AppDataFixup took to complete: 209ms
02-23 10:02:16.466   615   615 V SystemServerTiming: StartBugreportManagerService took to complete: 1ms
02-23 10:02:16.466   615   615 D SystemServerTiming: GpuService
02-23 10:02:16.466   615   615 I SystemServiceManager: Starting com.android.server.gpu.GpuService
02-23 10:02:16.466   615   615 V SystemServerTiming: GpuService took to complete: 0ms
02-23 10:02:16.466   615   615 D SystemServerTiming: StartRemoteProvisioningService
02-23 10:02:16.466   615   615 I SystemServiceManager: Starting com.android.server.security.rkp.RemoteProvisioningService
02-23 10:02:16.466   615   615 V SystemServerTiming: StartRemoteProvisioningService took to complete: 0ms
02-23 10:02:16.466   615   615 D SystemServerTiming: CpuMonitorService
02-23 10:02:16.466   615   615 I SystemServiceManager: Starting com.android.server.cpu.CpuMonitorService
02-23 10:02:16.469   615   615 I CpuMonitorService: Starting debug monitoring
02-23 10:02:16.469   615   615 V SystemServerTiming: CpuMonitorService took to complete: 2ms
02-23 10:02:16.469   615   615 V SystemServerTiming: startCoreServices took to complete: 24ms
02-23 10:02:16.469   615   615 D SystemServerTiming: startOtherServices
02-23 10:02:16.469   615   727 W CpuMonitorService: Skipping reading from device and returning the last read CpuInfos. Last read was 2 ms ago, min read interval is 500 ms
02-23 10:02:16.469   615   615 D SystemServerTiming: StartKeyAttestationApplicationIdProviderService
02-23 10:02:16.469   615   728 D SystemServerTimingAsync: InitThreadPoolExec:SecondaryZygotePreload
02-23 10:02:16.469   615   728 D SystemServerInitThreadPool: Started executing SecondaryZygotePreload
02-23 10:02:16.469   615   728 I SystemServer: SecondaryZygotePreload
02-23 10:02:16.469   615   728 D SystemServerTimingAsync: SecondaryZygotePreload
02-23 10:02:16.469   615   728 V SystemServerTimingAsync: SecondaryZygotePreload took to complete: 0ms
02-23 10:02:16.469   615   728 D SystemServerInitThreadPool: Finished executing SecondaryZygotePreload
02-23 10:02:16.469   615   728 V SystemServerTimingAsync: InitThreadPoolExec:SecondaryZygotePreload took to complete: 0ms
02-23 10:02:16.469   615   615 V SystemServerTiming: StartKeyAttestationApplicationIdProviderService took to complete: 0ms
02-23 10:02:16.469   615   615 D SystemServerTiming: StartKeyChainSystemService
02-23 10:02:16.469   615   615 I SystemServiceManager: Starting com.android.server.security.KeyChainSystemService
02-23 10:02:16.470   615   615 V SystemServerTiming: StartKeyChainSystemService took to complete: 0ms
02-23 10:02:16.470   615   615 D SystemServerTiming: StartBinaryTransparencyService
02-23 10:02:16.470   615   615 I SystemServiceManager: Starting com.android.server.BinaryTransparencyService
02-23 10:02:16.470   615   615 V SystemServerTiming: StartBinaryTransparencyService took to complete: 1ms
02-23 10:02:16.470   615   615 D SystemServerTiming: StartSchedulingPolicyService
02-23 10:02:16.470   615   729 D SystemServerTimingAsync: InitThreadPoolExec:SchedulingPolicyService.<init>
02-23 10:02:16.470   615   729 D SystemServerInitThreadPool: Started executing SchedulingPolicyService.<init>
02-23 10:02:16.470   615   615 V SystemServerTiming: StartSchedulingPolicyService took to complete: 0ms
02-23 10:02:16.470   615   615 D SystemServerTiming: StartTelecomLoaderService
02-23 10:02:16.470   615   615 I SystemServiceManager: Starting com.android.server.telecom.TelecomLoaderService
02-23 10:02:16.471   615   615 V SystemServerTiming: StartTelecomLoaderService took to complete: 0ms
02-23 10:02:16.471   615   615 D SystemServerTiming: StartTelephonyRegistry
02-23 10:02:16.471   615   615 V SystemServerTiming: StartTelephonyRegistry took to complete: 1ms
02-23 10:02:16.472   615   615 D SystemServerTiming: StartEntropyMixer
02-23 10:02:16.472   615   729 D SystemServerInitThreadPool: Finished executing SchedulingPolicyService.<init>
02-23 10:02:16.472   615   729 V SystemServerTimingAsync: InitThreadPoolExec:SchedulingPolicyService.<init> took to complete: 2ms
02-23 10:02:16.478   524   540 W cutils  : Expected path /data/user_de/0/com.google.android.gms with mode 700 but found 711
02-23 10:02:16.480   615   615 V SystemServerTiming: StartEntropyMixer took to complete: 8ms
02-23 10:02:16.480   615   615 D SystemServerTiming: StartAccountManagerService
02-23 10:02:16.480   615   615 I SystemServiceManager: Starting com.android.server.accounts.AccountManagerService$Lifecycle
02-23 10:02:16.481   615   615 V SystemServerTiming: StartAccountManagerService took to complete: 2ms
02-23 10:02:16.481   615   615 D SystemServerTiming: StartContentService
02-23 10:02:16.481   615   615 I SystemServiceManager: Starting com.android.server.content.ContentService$Lifecycle
02-23 10:02:16.481   615   615 V SystemServerTiming: StartContentService took to complete: 0ms
02-23 10:02:16.481   615   615 D SystemServerTiming: InstallSystemProviders
02-23 10:02:16.487   615   699 V SystemServerTimingAsync: AppDataPrepare took to complete: 21ms
02-23 10:02:16.487   615   699 D SystemServerInitThreadPool: Finished executing prepareAppData
02-23 10:02:16.487   615   699 V SystemServerTimingAsync: InitThreadPoolExec:prepareAppData took to complete: 230ms
02-23 10:02:16.521   615   615 I SystemServiceManager: Starting com.android.server.deviceconfig.DeviceConfigInit$Lifecycle
02-23 10:02:16.521   615   615 V SystemServerTiming: InstallSystemProviders took to complete: 40ms
02-23 10:02:16.522   615   615 D SystemServerTiming: StartDropBoxManager
02-23 10:02:16.522   615   615 I SystemServiceManager: Starting com.android.server.DropBoxManagerService
02-23 10:02:16.522   615   615 V SystemServerTiming: StartDropBoxManager took to complete: 1ms
02-23 10:02:16.522   615   615 D SystemServerTiming: StartEnhancedConfirmationService
02-23 10:02:16.522   615   615 I SystemServiceManager: Starting com.android.ecm.EnhancedConfirmationService
02-23 10:02:16.523   615   615 V SystemServerTiming: StartEnhancedConfirmationService took to complete: 0ms
02-23 10:02:16.523   615   615 D SystemServerTiming: StartHintManager
02-23 10:02:16.523   615   615 I SystemServiceManager: Starting com.android.server.power.hint.HintManagerService
02-23 10:02:16.524   615   615 V SystemServerTiming: StartHintManager took to complete: 2ms
02-23 10:02:16.524   615   615 D SystemServerTiming: StartRoleManagerService
02-23 10:02:16.524   615   615 I SystemServiceManager: Starting com.android.role.RoleService
02-23 10:02:16.526   615   615 V SystemServerTiming: StartRoleManagerService took to complete: 1ms
02-23 10:02:16.526   615   615 D SystemServerTiming: StartVibratorManagerService
02-23 10:02:16.526   615   615 I SystemServiceManager: Starting com.android.server.vibrator.VibratorManagerService$Lifecycle
02-23 10:02:16.531   615   615 V SystemServerTiming: StartVibratorManagerService took to complete: 5ms
02-23 10:02:16.531   615   615 D SystemServerTiming: StartDynamicSystemService
02-23 10:02:16.531   615   615 V SystemServerTiming: StartDynamicSystemService took to complete: 1ms
02-23 10:02:16.531   615   615 D SystemServerTiming: StartAlarmManagerService
02-23 10:02:16.531   615   615 I SystemServiceManager: Starting com.android.server.alarm.AlarmManagerService
02-23 10:02:16.534   615   615 V SystemServerTiming: StartAlarmManagerService took to complete: 2ms
02-23 10:02:16.534   615   615 D SystemServerTiming: StartInputManagerService
02-23 10:02:16.538   615   615 V SystemServerTiming: StartInputManagerService took to complete: 5ms
02-23 10:02:16.538   615   615 D SystemServerTiming: DeviceStateManagerService
02-23 10:02:16.538   615   615 I SystemServiceManager: Starting com.android.server.devicestate.DeviceStateManagerService
02-23 10:02:16.540   615   615 V SystemServerTiming: DeviceStateManagerService took to complete: 2ms
02-23 10:02:16.540   615   615 D SystemServerTiming: StartCameraServiceProxy
02-23 10:02:16.540   615   615 I SystemServiceManager: Starting com.android.server.camera.CameraServiceProxy
02-23 10:02:16.541   615   615 V SystemServerTiming: StartCameraServiceProxy took to complete: 1ms
02-23 10:02:16.541   615   615 D SystemServerTiming: StartWindowManagerService
02-23 10:02:16.541   615   615 I SystemServiceManager: Starting phase 200
02-23 10:02:16.541   615   615 D SystemServerTiming: OnBootPhase_200
02-23 10:02:16.541   615   615 D SystemServerTiming: OnBootPhase_200_com.android.server.security.FileIntegrityService
02-23 10:02:16.541   615   615 V SystemServerTiming: OnBootPhase_200_com.android.server.security.FileIntegrityService took to complete: 0ms
02-23 10:02:16.541   615   615 D SystemServerTiming: OnBootPhase_200_com.android.server.pm.Installer
02-23 10:02:16.541   615   615 V SystemServerTiming: OnBootPhase_200_com.android.server.pm.Installer took to complete: 0ms
02-23 10:02:16.541   615   615 D SystemServerTiming: OnBootPhase_200_com.android.server.os.DeviceIdentifiersPolicyService
02-23 10:02:16.541   615   615 V SystemServerTiming: OnBootPhase_200_com.android.server.os.DeviceIdentifiersPolicyService took to complete: 0ms
02-23 10:02:16.541   615   615 D SystemServerTiming: OnBootPhase_200_com.android.server.flags.FeatureFlagsService
02-23 10:02:16.541   615   615 V SystemServerTiming: OnBootPhase_200_com.android.server.flags.FeatureFlagsService took to complete: 0ms
02-23 10:02:16.541   615   615 D SystemServerTiming: OnBootPhase_200_com.android.server.uri.UriGrantsManagerService$Lifecycle
02-23 10:02:16.541   615   615 V SystemServerTiming: OnBootPhase_200_com.android.server.uri.UriGrantsManagerService$Lifecycle took to complete: 0ms
02-23 10:02:16.541   615   615 D SystemServerTiming: OnBootPhase_200_com.android.server.powerstats.PowerStatsService
02-23 10:02:16.541   615   615 V SystemServerTiming: OnBootPhase_200_com.android.server.powerstats.PowerStatsService took to complete: 0ms
02-23 10:02:16.541   615   615 D SystemServerTiming: OnBootPhase_200_com.android.server.permission.access.AccessCheckingService
02-23 10:02:16.541   615   615 V SystemServerTiming: OnBootPhase_200_com.android.server.permission.access.AccessCheckingService took to complete: 0ms
02-23 10:02:16.541   615   615 D SystemServerTiming: OnBootPhase_200_com.android.server.wm.ActivityTaskManagerService$Lifecycle
02-23 10:02:16.541   615   615 V SystemServerTiming: OnBootPhase_200_com.android.server.wm.ActivityTaskManagerService$Lifecycle took to complete: 0ms
02-23 10:02:16.541   615   615 D SystemServerTiming: OnBootPhase_200_com.android.server.am.ActivityManagerService$Lifecycle
02-23 10:02:16.541   615   615 V SystemServerTiming: OnBootPhase_200_com.android.server.am.ActivityManagerService$Lifecycle took to complete: 0ms
02-23 10:02:16.541   615   615 D SystemServerTiming: OnBootPhase_200_com.android.server.pm.DataLoaderManagerService
02-23 10:02:16.541   615   615 V SystemServerTiming: OnBootPhase_200_com.android.server.pm.DataLoaderManagerService took to complete: 0ms
02-23 10:02:16.541   615   615 D SystemServerTiming: OnBootPhase_200_com.android.server.power.PowerManagerService
02-23 10:02:16.541   615   615 V SystemServerTiming: OnBootPhase_200_com.android.server.power.PowerManagerService took to complete: 0ms
02-23 10:02:16.541   615   615 D SystemServerTiming: OnBootPhase_200_com.android.server.power.ThermalManagerService
02-23 10:02:16.541   615   615 V SystemServerTiming: OnBootPhase_200_com.android.server.power.ThermalManagerService took to complete: 0ms
02-23 10:02:16.541   615   615 D SystemServerTiming: OnBootPhase_200_com.android.server.recoverysystem.RecoverySystemService$Lifecycle
02-23 10:02:16.541   615   615 V SystemServerTiming: OnBootPhase_200_com.android.server.recoverysystem.RecoverySystemService$Lifecycle took to complete: 0ms
02-23 10:02:16.541   615   615 D SystemServerTiming: OnBootPhase_200_com.android.server.lights.LightsService
02-23 10:02:16.541   615   615 V SystemServerTiming: OnBootPhase_200_com.android.server.lights.LightsService took to complete: 0ms
02-23 10:02:16.541   615   615 D SystemServerTiming: OnBootPhase_200_com.android.server.display.DisplayManagerService
02-23 10:02:16.541   615   615 V SystemServerTiming: OnBootPhase_200_com.android.server.display.DisplayManagerService took to complete: 0ms
02-23 10:02:16.541   615   615 D SystemServerTiming: OnBootPhase_200_com.android.server.pm.verify.domain.DomainVerificationService
02-23 10:02:16.541   615   615 V SystemServerTiming: OnBootPhase_200_com.android.server.pm.verify.domain.DomainVerificationService took to complete: 0ms
02-23 10:02:16.541   615   615 D SystemServerTiming: OnBootPhase_200_com.android.server.pm.PackageInstallerService$Lifecycle
02-23 10:02:16.541   615   615 V SystemServerTiming: OnBootPhase_200_com.android.server.pm.PackageInstallerService$Lifecycle took to complete: 0ms
02-23 10:02:16.541   615   615 D SystemServerTiming: OnBootPhase_200_com.android.server.pm.UserManagerService$LifeCycle
02-23 10:02:16.541   615   615 V SystemServerTiming: OnBootPhase_200_com.android.server.pm.UserManagerService$LifeCycle took to complete: 0ms
02-23 10:02:16.541   615   615 D SystemServerTiming: OnBootPhase_200_com.android.server.om.OverlayManagerService
02-23 10:02:16.541   615   615 V SystemServerTiming: OnBootPhase_200_com.android.server.om.OverlayManagerService took to complete: 0ms
02-23 10:02:16.541   615   615 D SystemServerTiming: OnBootPhase_200_com.android.server.resources.ResourcesManagerService
02-23 10:02:16.541   615   615 V SystemServerTiming: OnBootPhase_200_com.android.server.resources.ResourcesManagerService took to complete: 0ms
02-23 10:02:16.541   615   615 D SystemServerTiming: OnBootPhase_200_com.android.server.sensorprivacy.SensorPrivacyService
02-23 10:02:16.541   615   615 V SystemServerTiming: OnBootPhase_200_com.android.server.sensorprivacy.SensorPrivacyService took to complete: 0ms
02-23 10:02:16.541   615   615 D SystemServerTiming: OnBootPhase_200_com.android.server.sensors.SensorService
02-23 10:02:16.541   615   615 V SystemServerTiming: OnBootPhase_200_com.android.server.sensors.SensorService took to complete: 0ms
02-23 10:02:16.541   615   615 D SystemServerTiming: OnBootPhase_200_com.android.server.SystemConfigService
02-23 10:02:16.541   615   615 V SystemServerTiming: OnBootPhase_200_com.android.server.SystemConfigService took to complete: 0ms
02-23 10:02:16.541   615   615 D SystemServerTiming: OnBootPhase_200_com.android.server.BatteryService
02-23 10:02:16.541   615   615 V SystemServerTiming: OnBootPhase_200_com.android.server.BatteryService took to complete: 0ms
02-23 10:02:16.541   615   615 D SystemServerTiming: OnBootPhase_200_com.android.server.usage.UsageStatsService
02-23 10:02:16.541   615   615 V SystemServerTiming: OnBootPhase_200_com.android.server.usage.UsageStatsService took to complete: 0ms
02-23 10:02:16.541   615   615 D SystemServerTiming: OnBootPhase_200_com.android.server.webkit.WebViewUpdateService
02-23 10:02:16.541   615   615 V SystemServerTiming: OnBootPhase_200_com.android.server.webkit.WebViewUpdateService took to complete: 0ms
02-23 10:02:16.541   615   615 D SystemServerTiming: OnBootPhase_200_com.android.server.CachedDeviceStateService
02-23 10:02:16.541   615   615 V SystemServerTiming: OnBootPhase_200_com.android.server.CachedDeviceStateService took to complete: 0ms
02-23 10:02:16.541   615   615 D SystemServerTiming: OnBootPhase_200_com.android.server.BinderCallsStatsService$LifeCycle
02-23 10:02:16.541   615   615 V SystemServerTiming: OnBootPhase_200_com.android.server.BinderCallsStatsService$LifeCycle took to complete: 0ms
02-23 10:02:16.541   615   615 D SystemServerTiming: OnBootPhase_200_com.android.server.LooperStatsService$Lifecycle
02-23 10:02:16.541   615   615 V SystemServerTiming: OnBootPhase_200_com.android.server.LooperStatsService$Lifecycle took to complete: 0ms
02-23 10:02:16.541   615   615 D SystemServerTiming: OnBootPhase_200_com.android.server.rollback.RollbackManagerService
02-23 10:02:16.541   615   615 V SystemServerTiming: OnBootPhase_200_com.android.server.rollback.RollbackManagerService took to complete: 0ms
02-23 10:02:16.541   615   615 D SystemServerTiming: OnBootPhase_200_com.android.server.os.NativeTombstoneManagerService
02-23 10:02:16.541   615   615 V SystemServerTiming: OnBootPhase_200_com.android.server.os.NativeTombstoneManagerService took to complete: 0ms
02-23 10:02:16.541   615   615 D SystemServerTiming: OnBootPhase_200_com.android.server.os.BugreportManagerService
02-23 10:02:16.541   615   615 V SystemServerTiming: OnBootPhase_200_com.android.server.os.BugreportManagerService took to complete: 0ms
02-23 10:02:16.541   615   615 D SystemServerTiming: OnBootPhase_200_com.android.server.gpu.GpuService
02-23 10:02:16.541   615   615 V SystemServerTiming: OnBootPhase_200_com.android.server.gpu.GpuService took to complete: 0ms
02-23 10:02:16.541   615   615 D SystemServerTiming: OnBootPhase_200_com.android.server.security.rkp.RemoteProvisioningService
02-23 10:02:16.541   615   615 V SystemServerTiming: OnBootPhase_200_com.android.server.security.rkp.RemoteProvisioningService took to complete: 0ms
02-23 10:02:16.541   615   615 D SystemServerTiming: OnBootPhase_200_com.android.server.cpu.CpuMonitorService
02-23 10:02:16.541   615   615 V SystemServerTiming: OnBootPhase_200_com.android.server.cpu.CpuMonitorService took to complete: 0ms
02-23 10:02:16.541   615   615 D SystemServerTiming: OnBootPhase_200_com.android.server.security.KeyChainSystemService
02-23 10:02:16.541   615   615 V SystemServerTiming: OnBootPhase_200_com.android.server.security.KeyChainSystemService took to complete: 0ms
02-23 10:02:16.541   615   615 D SystemServerTiming: OnBootPhase_200_com.android.server.BinaryTransparencyService
02-23 10:02:16.541   615   615 V SystemServerTiming: OnBootPhase_200_com.android.server.BinaryTransparencyService took to complete: 0ms
02-23 10:02:16.541   615   615 D SystemServerTiming: OnBootPhase_200_com.android.server.telecom.TelecomLoaderService
02-23 10:02:16.541   615   615 V SystemServerTiming: OnBootPhase_200_com.android.server.telecom.TelecomLoaderService took to complete: 0ms
02-23 10:02:16.541   615   615 D SystemServerTiming: OnBootPhase_200_com.android.server.accounts.AccountManagerService$Lifecycle
02-23 10:02:16.541   615   615 V SystemServerTiming: OnBootPhase_200_com.android.server.accounts.AccountManagerService$Lifecycle took to complete: 0ms
02-23 10:02:16.541   615   615 D SystemServerTiming: OnBootPhase_200_com.android.server.content.ContentService$Lifecycle
02-23 10:02:16.541   615   615 V SystemServerTiming: OnBootPhase_200_com.android.server.content.ContentService$Lifecycle took to complete: 0ms
02-23 10:02:16.541   615   615 D SystemServerTiming: OnBootPhase_200_com.android.server.deviceconfig.DeviceConfigInit$Lifecycle
02-23 10:02:16.541   615   615 V SystemServerTiming: OnBootPhase_200_com.android.server.deviceconfig.DeviceConfigInit$Lifecycle took to complete: 0ms
02-23 10:02:16.541   615   615 D SystemServerTiming: OnBootPhase_200_com.android.server.DropBoxManagerService
02-23 10:02:16.541   615   615 V SystemServerTiming: OnBootPhase_200_com.android.server.DropBoxManagerService took to complete: 0ms
02-23 10:02:16.541   615   615 D SystemServerTiming: OnBootPhase_200_com.android.ecm.EnhancedConfirmationService
02-23 10:02:16.541   615   615 V SystemServerTiming: OnBootPhase_200_com.android.ecm.EnhancedConfirmationService took to complete: 0ms
02-23 10:02:16.541   615   615 D SystemServerTiming: OnBootPhase_200_com.android.server.power.hint.HintManagerService
02-23 10:02:16.541   615   615 V SystemServerTiming: OnBootPhase_200_com.android.server.power.hint.HintManagerService took to complete: 0ms
02-23 10:02:16.541   615   615 D SystemServerTiming: OnBootPhase_200_com.android.role.RoleService
02-23 10:02:16.541   615   615 V SystemServerTiming: OnBootPhase_200_com.android.role.RoleService took to complete: 0ms
02-23 10:02:16.541   615   615 D SystemServerTiming: OnBootPhase_200_com.android.server.vibrator.VibratorManagerService$Lifecycle
02-23 10:02:16.541   615   615 V SystemServerTiming: OnBootPhase_200_com.android.server.vibrator.VibratorManagerService$Lifecycle took to complete: 0ms
02-23 10:02:16.541   615   615 D SystemServerTiming: OnBootPhase_200_com.android.server.alarm.AlarmManagerService
02-23 10:02:16.541   615   615 V SystemServerTiming: OnBootPhase_200_com.android.server.alarm.AlarmManagerService took to complete: 0ms
02-23 10:02:16.541   615   615 D SystemServerTiming: OnBootPhase_200_com.android.server.devicestate.DeviceStateManagerService
02-23 10:02:16.541   615   615 V SystemServerTiming: OnBootPhase_200_com.android.server.devicestate.DeviceStateManagerService took to complete: 0ms
02-23 10:02:16.541   615   615 D SystemServerTiming: OnBootPhase_200_com.android.server.camera.CameraServiceProxy
02-23 10:02:16.541   615   615 V SystemServerTiming: OnBootPhase_200_com.android.server.camera.CameraServiceProxy took to complete: 0ms
02-23 10:02:16.541   615   615 V SystemServerTiming: OnBootPhase_200 took to complete: 0ms
02-23 10:02:16.550   615   615 V SystemServerTiming: StartWindowManagerService took to complete: 8ms
02-23 10:02:16.550   615   615 D SystemServerTiming: SetWindowManagerService
02-23 10:02:16.563   615   615 V SystemServerTiming: SetWindowManagerService took to complete: 13ms
02-23 10:02:16.563   615   615 D SystemServerTiming: WindowManagerServiceOnInitReady
02-23 10:02:16.566   615   615 V SystemServerTiming: WindowManagerServiceOnInitReady took to complete: 4ms
02-23 10:02:16.566   615   615 D SystemServerTiming: StartInputManager
02-23 10:02:16.566   615   744 D SystemServerTimingAsync: InitThreadPoolExec:StartISensorManagerService
02-23 10:02:16.566   615   744 D SystemServerInitThreadPool: Started executing StartISensorManagerService
02-23 10:02:16.566   615   744 D SystemServerTimingAsync: StartISensorManagerService
02-23 10:02:16.566   615   745 D SystemServerTimingAsync: InitThreadPoolExec:StartHidlServices
02-23 10:02:16.566   615   745 D SystemServerInitThreadPool: Started executing StartHidlServices
02-23 10:02:16.566   615   745 D SystemServerTimingAsync: StartHidlServices
02-23 10:02:16.566   615   615 V SystemServerTiming: StartInputManager took to complete: 0ms
02-23 10:02:16.566   615   615 D SystemServerTiming: DisplayManagerWindowManagerAndInputReady
02-23 10:02:16.567   615   615 V SystemServerTiming: DisplayManagerWindowManagerAndInputReady took to complete: 0ms
02-23 10:02:16.567   615   615 D SystemServerTiming: StartBluetoothService
02-23 10:02:16.567   615   745 V SystemServerTimingAsync: StartHidlServices took to complete: 0ms
02-23 10:02:16.567   615   745 D SystemServerInitThreadPool: Finished executing StartHidlServices
02-23 10:02:16.567   615   745 V SystemServerTimingAsync: InitThreadPoolExec:StartHidlServices took to complete: 0ms
02-23 10:02:16.568   615   744 V SystemServerTimingAsync: StartISensorManagerService took to complete: 1ms
02-23 10:02:16.568   615   744 D SystemServerInitThreadPool: Finished executing StartISensorManagerService
02-23 10:02:16.568   615   744 V SystemServerTimingAsync: InitThreadPoolExec:StartISensorManagerService took to complete: 1ms
02-23 10:02:16.568   615   615 I SystemServiceManager: Starting com.android.server.bluetooth.BluetoothService
02-23 10:02:16.570   615   615 D BluetoothSystemServer: BtPermissionUtils: Detected SystemUiUid: 10178
02-23 10:02:16.570   615   615 D BluetoothSystemServer: BluetoothManagerService: loadStoredNameAndAddress: Name=sdk_gphone64_arm64, Address=XX:XX:XX:XX:00:03
02-23 10:02:16.570   615   615 D BluetoothSystemServer: BluetoothManagerService: isBluetoothPersistedStateOn: 1
02-23 10:02:16.570   615   615 I BluetoothSystemServer: BluetoothManagerService: Startup: Bluetooth persisted state is ON.
02-23 10:02:16.570   615   615 D BluetoothSystemServer: BluetoothManagerService: AutoOnFeature status: flag=true, property=false
02-23 10:02:16.570   615   615 V SystemServerTiming: StartBluetoothService took to complete: 4ms
02-23 10:02:16.570   615   615 D SystemServerTiming: IpConnectivityMetrics
02-23 10:02:16.570   615   615 I SystemServiceManager: Starting com.android.server.connectivity.IpConnectivityMetrics
02-23 10:02:16.570   615   615 V SystemServerTiming: IpConnectivityMetrics took to complete: 0ms
02-23 10:02:16.570   615   615 D SystemServerTiming: NetworkWatchlistService
02-23 10:02:16.570   615   615 I SystemServiceManager: Starting com.android.server.net.watchlist.NetworkWatchlistService$Lifecycle
02-23 10:02:16.574   615   615 V SystemServerTiming: NetworkWatchlistService took to complete: 4ms
02-23 10:02:16.574   615   615 D SystemServerTiming: PinnerService
02-23 10:02:16.574   615   615 I SystemServiceManager: Starting com.android.server.PinnerService
02-23 10:02:16.576   615   615 V SystemServerTiming: PinnerService took to complete: 2ms
02-23 10:02:16.577   615   615 D SystemServerTiming: SignedConfigService
02-23 10:02:16.578   615   615 V SystemServerTiming: SignedConfigService took to complete: 0ms
02-23 10:02:16.578   615   615 D SystemServerTiming: AppIntegrityService
02-23 10:02:16.578   615   615 I SystemServiceManager: Starting com.android.server.integrity.AppIntegrityManagerService
02-23 10:02:16.582   615   615 V SystemServerTiming: AppIntegrityService took to complete: 5ms
02-23 10:02:16.582   615   615 D SystemServerTiming: StartLogcatManager
02-23 10:02:16.582   615   615 I SystemServiceManager: Starting com.android.server.logcat.LogcatManagerService
02-23 10:02:16.583   615   615 V SystemServerTiming: StartLogcatManager took to complete: 1ms
02-23 10:02:16.585   615   615 D SystemServerTiming: StartInputMethodManagerLifecycle
02-23 10:02:16.585   615   615 I SystemServiceManager: Starting com.android.server.inputmethod.InputMethodManagerService$Lifecycle
02-23 10:02:16.588   615   615 V SystemServerTiming: StartInputMethodManagerLifecycle took to complete: 2ms
02-23 10:02:16.588   615   615 D SystemServerTiming: StartAccessibilityManagerService
02-23 10:02:16.588   615   615 I SystemServiceManager: Starting com.android.server.accessibility.AccessibilityManagerService$Lifecycle
02-23 10:02:16.590   615   615 V SystemServerTiming: StartAccessibilityManagerService took to complete: 3ms
02-23 10:02:16.590   615   615 D SystemServerTiming: MakeDisplayReady
02-23 10:02:16.593   615   615 V SystemServerTiming: MakeDisplayReady took to complete: 3ms
02-23 10:02:16.593   615   615 D SystemServerTiming: StartStorageManagerService
02-23 10:02:16.593   615   615 I SystemServiceManager: Starting com.android.server.StorageManagerService$Lifecycle
02-23 10:02:16.598   615   615 V SystemServerTiming: StartStorageManagerService took to complete: 5ms
02-23 10:02:16.598   615   615 D SystemServerTiming: StartStorageStatsService
02-23 10:02:16.598   615   615 I SystemServiceManager: Starting com.android.server.usage.StorageStatsService$Lifecycle
02-23 10:02:16.601   615   615 V SystemServerTiming: StartStorageStatsService took to complete: 2ms
02-23 10:02:16.601   615   615 D SystemServerTiming: StartUiModeManager
02-23 10:02:16.601   615   615 I SystemServiceManager: Starting com.android.server.UiModeManagerService
02-23 10:02:16.602   615   761 D SystemServerTimingAsync: InitThreadPoolExec:UiModeManager.onStart
02-23 10:02:16.602   615   761 D SystemServerInitThreadPool: Started executing UiModeManager.onStart
02-23 10:02:16.603   615   615 V SystemServerTiming: StartUiModeManager took to complete: 2ms
02-23 10:02:16.603   615   615 D SystemServerTiming: StartLocaleManagerService
02-23 10:02:16.603   615   615 I SystemServiceManager: Starting com.android.server.locales.LocaleManagerService
02-23 10:02:16.604   615   761 D SystemServerInitThreadPool: Finished executing UiModeManager.onStart
02-23 10:02:16.604   615   761 V SystemServerTimingAsync: InitThreadPoolExec:UiModeManager.onStart took to complete: 1ms
02-23 10:02:16.604   615   615 V SystemServerTiming: StartLocaleManagerService took to complete: 2ms
02-23 10:02:16.604   615   615 D SystemServerTiming: StartGrammarInflectionService
02-23 10:02:16.604   615   615 I SystemServiceManager: Starting com.android.server.grammaticalinflection.GrammaticalInflectionService
02-23 10:02:16.605   615   615 V SystemServerTiming: StartGrammarInflectionService took to complete: 0ms
02-23 10:02:16.605   615   615 D SystemServerTiming: StartAppHibernationService
02-23 10:02:16.605   615   615 I SystemServiceManager: Starting com.android.server.apphibernation.AppHibernationService
02-23 10:02:16.606   615   615 V SystemServerTiming: StartAppHibernationService took to complete: 2ms
02-23 10:02:16.606   615   615 D SystemServerTiming: ArtManagerLocal
02-23 10:02:16.609   615   615 V SystemServerTiming: ArtManagerLocal took to complete: 2ms
02-23 10:02:16.609   615   615 D SystemServerTiming: UpdatePackagesIfNeeded
02-23 10:02:16.609   615   615 V SystemServerTiming: UpdatePackagesIfNeeded took to complete: 0ms
02-23 10:02:16.609   615   615 D SystemServerTiming: PerformFstrimIfNeeded
02-23 10:02:16.609   615   615 V SystemServerTiming: PerformFstrimIfNeeded took to complete: 0ms
02-23 10:02:16.609   615   615 D SystemServerTiming: StartLockSettingsService
02-23 10:02:16.610   615   615 I SystemServiceManager: Starting com.android.server.locksettings.LockSettingsService$Lifecycle
02-23 10:02:16.618   615   615 V SystemServerTiming: StartLockSettingsService took to complete: 9ms
02-23 10:02:16.618   615   615 D SystemServerTiming: StartTestHarnessMode
02-23 10:02:16.618   615   615 I SystemServiceManager: Starting com.android.server.testharness.TestHarnessModeService
02-23 10:02:16.619   615   615 V SystemServerTiming: StartTestHarnessMode took to complete: 0ms
02-23 10:02:16.621   615   615 D SystemServerTiming: StartDeviceIdleController
02-23 10:02:16.621   615   615 I SystemServiceManager: Starting com.android.server.DeviceIdleController
02-23 10:02:16.623   615   615 V SystemServerTiming: StartDeviceIdleController took to complete: 2ms
02-23 10:02:16.624   615   615 D SystemServerTiming: StartDevicePolicyManager
02-23 10:02:16.624   615   615 I SystemServiceManager: Starting com.android.server.devicepolicy.DevicePolicyManagerService$Lifecycle
02-23 10:02:16.630   615   615 V SystemServerTiming: StartDevicePolicyManager took to complete: 7ms
02-23 10:02:16.630   615   615 D SystemServerTiming: StartStatusBarManagerService
02-23 10:02:16.631   615   615 V SystemServerTiming: StartStatusBarManagerService took to complete: 0ms
02-23 10:02:16.631   615   615 D SystemServerTiming: StartMusicRecognitionManagerService
02-23 10:02:16.631   615   615 I SystemServiceManager: Starting com.android.server.musicrecognition.MusicRecognitionManagerService
02-23 10:02:16.631   615   615 V SystemServerTiming: StartMusicRecognitionManagerService took to complete: 1ms
02-23 10:02:16.632   615   615 D SystemServerTiming: StartContentCaptureService
02-23 10:02:16.632   615   615 I SystemServiceManager: Starting com.android.server.contentcapture.ContentCaptureManagerService
02-23 10:02:16.632   615   615 V SystemServerTiming: StartContentCaptureService took to complete: 1ms
02-23 10:02:16.633   615   615 D SystemServer: AttentionService is not configured on this device
02-23 10:02:16.633   615   615 D SystemServer: RotationResolverService is not configured on this device
02-23 10:02:16.633   615   615 D SystemServerTiming: StartSystemCaptionsManagerService
02-23 10:02:16.633   615   615 I SystemServiceManager: Starting com.android.server.systemcaptions.SystemCaptionsManagerService
02-23 10:02:16.633   615   615 V SystemServerTiming: StartSystemCaptionsManagerService took to complete: 0ms
02-23 10:02:16.633   615   615 D SystemServerTiming: StartTextToSpeechManagerService
02-23 10:02:16.633   615   615 I SystemServiceManager: Starting com.android.server.texttospeech.TextToSpeechManagerService
02-23 10:02:16.633   615   615 V SystemServerTiming: StartTextToSpeechManagerService took to complete: 1ms
02-23 10:02:16.633   615   615 D SystemServerTiming: startWearableSensingService
02-23 10:02:16.633   615   615 I SystemServiceManager: Starting com.android.server.wearable.WearableSensingManagerService
02-23 10:02:16.634   615   615 V SystemServerTiming: startWearableSensingService took to complete: 0ms
02-23 10:02:16.634   615   615 D SystemServerTiming: startOnDeviceIntelligenceManagerService
02-23 10:02:16.634   615   615 I SystemServiceManager: Starting com.android.server.ondeviceintelligence.OnDeviceIntelligenceManagerService
02-23 10:02:16.634   615   615 V SystemServerTiming: startOnDeviceIntelligenceManagerService took to complete: 0ms
02-23 10:02:16.634   615   615 D SystemServerTiming: StartAmbientContextService
02-23 10:02:16.634   615   615 I SystemServiceManager: Starting com.android.server.ambientcontext.AmbientContextManagerService
02-23 10:02:16.635   615   615 V SystemServerTiming: StartAmbientContextService took to complete: 0ms
02-23 10:02:16.635   615   615 D SystemServerTiming: StartSpeechRecognitionManagerService
02-23 10:02:16.635   615   615 I SystemServiceManager: Starting com.android.server.speech.SpeechRecognitionManagerService
02-23 10:02:16.635   615   615 V SystemServerTiming: StartSpeechRecognitionManagerService took to complete: 1ms
02-23 10:02:16.635   615   615 D SystemServerTiming: StartAppPredictionService
02-23 10:02:16.635   615   615 I SystemServiceManager: Starting com.android.server.appprediction.AppPredictionManagerService
02-23 10:02:16.635   615   615 V SystemServerTiming: StartAppPredictionService took to complete: 0ms
02-23 10:02:16.635   615   615 D SystemServerTiming: StartContentSuggestionsService
02-23 10:02:16.635   615   615 I SystemServiceManager: Starting com.android.server.contentsuggestions.ContentSuggestionsManagerService
02-23 10:02:16.636   615   615 V SystemServerTiming: StartContentSuggestionsService took to complete: 1ms
02-23 10:02:16.636   615   615 D SystemServerTiming: StartSearchUiService
02-23 10:02:16.636   615   615 I SystemServiceManager: Starting com.android.server.searchui.SearchUiManagerService
02-23 10:02:16.636   615   615 V SystemServerTiming: StartSearchUiService took to complete: 0ms
